******************************************************************************
                  TI ARM Linker Unix v5.2.5                    
******************************************************************************
>> Linked Tue Aug  9 16:13:18 2016

OUTPUT FILE NAME:   <Lab1_3.out>
ENTRY POINT SYMBOL: "_c_int00"  address: 00000845


MEMORY CONFIGURATION

         name            origin    length      used     unused   attr    fill
----------------------  --------  ---------  --------  --------  ----  --------
  FLASH                 00000000   00040000  00000a30  0003f5d0  R  X
  SRAM                  20000000   00008000  00000215  00007deb  RW X


SEGMENT ALLOCATION MAP

run origin  load origin   length   init length attrs members
----------  ----------- ---------- ----------- ----- -------
00000000    00000000    00000a30   00000a30    r-x
  00000000    00000000    0000026c   0000026c    r-- .intvecs
  0000026c    0000026c    000007a4   000007a4    r-x .text
  00000a10    00000a10    00000020   00000020    r-- .cinit
20000000    20000000    00000215   00000000    rw-
  20000000    20000000    00000200   00000000    rw- .stack
  20000200    20000200    00000015   00000000    rw- .data


SECTION ALLOCATION MAP

 output                                  attributes/
section   page    origin      length       input sections
--------  ----  ----------  ----------   ----------------
.intvecs   0    00000000    0000026c     
                  00000000    0000026c     tm4c123gh6pm_startup_ccs.obj (.intvecs)

.text      0    0000026c    000007a4     
                  0000026c    000001c0     lab-1.obj (.text)
                  0000042c    00000132     driverlib.lib : gpio.obj (.text:GPIOPadConfigSet)
                  0000055e    00000002     --HOLE-- [fill = 0]
                  00000560    000000f4                   : sysctl.obj (.text:SysCtlClockSet)
                  00000654    0000009c     rtsv7M4_T_le_v4SPD16_eabi.lib : memcpy_t2.obj (.text)
                  000006f0    0000007a                                   : memset_t2.obj (.text)
                  0000076a    00000002     --HOLE-- [fill = 0]
                  0000076c    0000006c                                   : autoinit.obj (.text)
                  000007d8    0000006a                                   : copy_decompress_rle.obj (.text)
                  00000842    00000002     --HOLE-- [fill = 0]
                  00000844    00000050                                   : boot.obj (.text)
                  00000894    0000004c                                   : cpy_tbl.obj (.text)
                  000008e0    00000044                                   : exit.obj (.text)
                  00000924    00000034     driverlib.lib : sysctl.obj (.text:SysCtlPeripheralEnable)
                  00000958    0000002a                   : gpio.obj (.text:GPIODirModeSet)
                  00000982    00000018                   : gpio.obj (.text:GPIOPinTypeGPIOOutput)
                  0000099a    00000002     --HOLE-- [fill = 0]
                  0000099c    00000018     rtsv7M4_T_le_v4SPD16_eabi.lib : args_main.obj (.text)
                  000009b4    00000014                                   : _lock.obj (.text)
                  000009c8    00000012     driverlib.lib : gpio.obj (.text:GPIOPinTypeGPIOInput)
                  000009da    0000000e     rtsv7M4_T_le_v4SPD16_eabi.lib : copy_decompress_none.obj (.text:decompress:none)
                  000009e8    0000000c     tm4c123gh6pm_startup_ccs.obj (.text)
                  000009f4    00000006     driverlib.lib : gpio.obj (.text:GPIOPinRead)
                  000009fa    00000006                   : gpio.obj (.text:GPIOPinWrite)
                  00000a00    00000006                   : sysctl.obj (.text:SysCtlDelay)
                  00000a06    00000006     rtsv7M4_T_le_v4SPD16_eabi.lib : copy_decompress_rle.obj (.text:decompress:rle24)
                  00000a0c    00000004                                   : pre_init.obj (.text)

.cinit     0    00000a10    00000020     
                  00000a10    0000000f     (.cinit..data.load) [load image, compression = rle]
                  00000a1f    00000001     --HOLE-- [fill = 0]
                  00000a20    00000008     (__TI_handler_table)
                  00000a28    00000008     (__TI_cinit_table)

.init_array 
*          0    00000000    00000000     UNINITIALIZED

.data      0    20000200    00000015     UNINITIALIZED
                  20000200    00000008     rtsv7M4_T_le_v4SPD16_eabi.lib : _lock.obj (.data)
                  20000208    00000008                                   : exit.obj (.data)
                  20000210    00000004                                   : stkdepth_vars.obj (.data)
                  20000214    00000001     lab-1.obj (.data)

.stack     0    20000000    00000200     UNINITIALIZED
                  20000000    00000200     --HOLE--

.TI.persistent 
*          0    20000200    00000000     UNINITIALIZED


LINKER GENERATED COPY TABLES

__TI_cinit_table @ 00000a28 records: 1, size/record: 8, table size: 8
	.data: load addr=00000a10, load size=0000000f bytes, run addr=20000200, run size=00000015 bytes, compression=rle


LINKER GENERATED HANDLER TABLE

__TI_handler_table @ 00000a20 records: 2, size/record: 4, table size: 8
	index: 0, handler: __TI_decompress_rle24
	index: 1, handler: __TI_decompress_none


GLOBAL SYMBOLS: SORTED ALPHABETICALLY BY Name 

address   name                    
-------   ----                    
000008e1  C$$EXIT                 
00000959  GPIODirModeSet          
0000042d  GPIOPadConfigSet        
000009f5  GPIOPinRead             
000009c9  GPIOPinTypeGPIOInput    
00000983  GPIOPinTypeGPIOOutput   
000009fb  GPIOPinWrite            
000009e9  ResetISR                
UNDEFED   SHT$$INIT_ARRAY$$Base   
UNDEFED   SHT$$INIT_ARRAY$$Limit  
00000561  SysCtlClockSet          
00000a01  SysCtlDelay             
00000925  SysCtlPeripheralEnable  
20000200  __STACK_END             
00000200  __STACK_SIZE            
20000200  __STACK_TOP             
00000a28  __TI_CINIT_Base         
00000a30  __TI_CINIT_Limit        
00000a20  __TI_Handler_Table_Base 
00000a28  __TI_Handler_Table_Limit
0000076d  __TI_auto_init          
20000208  __TI_cleanup_ptr        
000009db  __TI_decompress_none    
00000a07  __TI_decompress_rle24   
2000020c  __TI_dtors_ptr          
00000000  __TI_static_base__      
000006f1  __aeabi_memclr          
000006f1  __aeabi_memclr4         
000006f1  __aeabi_memclr8         
00000655  __aeabi_memcpy          
00000655  __aeabi_memcpy4         
00000655  __aeabi_memcpy8         
000006f3  __aeabi_memset          
000006f3  __aeabi_memset4         
000006f3  __aeabi_memset8         
ffffffff  __binit__               
ffffffff  __c_args__              
20000000  __stack                 
0000099d  _args_main              
00000845  _c_int00                
20000200  _lock                   
000009c3  _nop                    
000009bb  _register_lock          
000009b5  _register_unlock        
00000a0d  _system_pre_init        
20000204  _unlock                 
000008e5  abort                   
ffffffff  binit                   
00000895  copy_in                 
20000214  count_sw1               
000008ed  exit                    
00000000  g_pfnVectors            
0000027d  led_pin_config          
000002d5  main                    
20000210  main_func_sp            
00000655  memcpy                  
000006f9  memset                  
0000026d  setup                   
00000289  switchPinConfig         


GLOBAL SYMBOLS: SORTED BY Symbol Address 

address   name                    
-------   ----                    
00000000  __TI_static_base__      
00000000  g_pfnVectors            
00000200  __STACK_SIZE            
0000026d  setup                   
0000027d  led_pin_config          
00000289  switchPinConfig         
000002d5  main                    
0000042d  GPIOPadConfigSet        
00000561  SysCtlClockSet          
00000655  __aeabi_memcpy          
00000655  __aeabi_memcpy4         
00000655  __aeabi_memcpy8         
00000655  memcpy                  
000006f1  __aeabi_memclr          
000006f1  __aeabi_memclr4         
000006f1  __aeabi_memclr8         
000006f3  __aeabi_memset          
000006f3  __aeabi_memset4         
000006f3  __aeabi_memset8         
000006f9  memset                  
0000076d  __TI_auto_init          
00000845  _c_int00                
00000895  copy_in                 
000008e1  C$$EXIT                 
000008e5  abort                   
000008ed  exit                    
00000925  SysCtlPeripheralEnable  
00000959  GPIODirModeSet          
00000983  GPIOPinTypeGPIOOutput   
0000099d  _args_main              
000009b5  _register_unlock        
000009bb  _register_lock          
000009c3  _nop                    
000009c9  GPIOPinTypeGPIOInput    
000009db  __TI_decompress_none    
000009e9  ResetISR                
000009f5  GPIOPinRead             
000009fb  GPIOPinWrite            
00000a01  SysCtlDelay             
00000a07  __TI_decompress_rle24   
00000a0d  _system_pre_init        
00000a20  __TI_Handler_Table_Base 
00000a28  __TI_CINIT_Base         
00000a28  __TI_Handler_Table_Limit
00000a30  __TI_CINIT_Limit        
20000000  __stack                 
20000200  __STACK_END             
20000200  __STACK_TOP             
20000200  _lock                   
20000204  _unlock                 
20000208  __TI_cleanup_ptr        
2000020c  __TI_dtors_ptr          
20000210  main_func_sp            
20000214  count_sw1               
ffffffff  __binit__               
ffffffff  __c_args__              
ffffffff  binit                   
UNDEFED   SHT$$INIT_ARRAY$$Base   
UNDEFED   SHT$$INIT_ARRAY$$Limit  

[59 symbols]
