******************************************************************************
                  TI ARM Linker Unix v15.12.1                  
******************************************************************************
>> Linked Tue Aug 23 17:34:20 2016

OUTPUT FILE NAME:   <Lab3-1a.out>
ENTRY POINT SYMBOL: "_c_int00"  address: 00000d35


MEMORY CONFIGURATION

         name            origin    length      used     unused   attr    fill
----------------------  --------  ---------  --------  --------  ----  --------
  FLASH                 00000000   00040000  000010ba  0003ef46  R  X
  SRAM                  20000000   00008000  00000234  00007dcc  RW X


SEGMENT ALLOCATION MAP

run origin  load origin   length   init length attrs members
----------  ----------- ---------- ----------- ----- -------
00000000    00000000    000010c0   000010c0    r-x
  00000000    00000000    0000026c   0000026c    r-- .intvecs
  0000026c    0000026c    00000d42   00000d42    r-x .text
  00000fb0    00000fb0    000000dc   000000dc    r-- .const
  00001090    00001090    00000030   00000030    r-- .cinit
20000000    20000000    00000234   00000000    rw-
  20000000    20000000    00000200   00000000    rw- .stack
  20000200    20000200    00000034   00000000    rw- .data


SECTION ALLOCATION MAP

 output                                  attributes/
section   page    origin      length       input sections
--------  ----  ----------  ----------   ----------------
.intvecs   0    00000000    0000026c     
                  00000000    0000026c     tm4c123gh6pm_startup_ccs.obj (.intvecs)

.text      0    0000026c    00000d42     
                  0000026c    000004d4     main.obj (.text)
                  00000740    00000132     driverlib.lib : gpio.obj (.text:GPIOPadConfigSet)
                  00000872    00000002     rtsv7M4_T_le_v4SPD16_eabi.lib : mpu_init.obj (.text)
                  00000874    00000110     driverlib.lib : sysctl.obj (.text:SysCtlClockGet)
                  00000984    000000f4                   : sysctl.obj (.text:SysCtlClockSet)
                  00000a78    0000009c     rtsv7M4_T_le_v4SPD16_eabi.lib : memcpy_t2.obj (.text)
                  00000b14    0000007a                                   : memset_t2.obj (.text)
                  00000b8e    00000002                                   : startup.obj (.text)
                  00000b90    00000070                                   : autoinit.obj (.text)
                  00000c00    0000006a                                   : copy_decompress_rle.obj (.text)
                  00000c6a    00000002     --HOLE-- [fill = 0]
                  00000c6c    00000068     driverlib.lib : interrupt.obj (.text:IntEnable)
                  00000cd4    00000060                   : timer.obj (.text:TimerConfigure)
                  00000d34    00000054     rtsv7M4_T_le_v4SPD16_eabi.lib : boot.obj (.text)
                  00000d88    00000054                                   : exit.obj (.text)
                  00000ddc    0000004c                                   : cpy_tbl.obj (.text)
                  00000e28    00000034     driverlib.lib : sysctl.obj (.text:SysCtlPeripheralEnable)
                  00000e5c    0000002a                   : gpio.obj (.text:GPIODirModeSet)
                  00000e86    00000022                   : pwm.obj (.text:PWMGenConfigure)
                  00000ea8    0000001e                   : pwm.obj (.text:PWMPulseWidthSet)
                  00000ec6    00000002     --HOLE-- [fill = 0]
                  00000ec8    00000018     rtsv7M4_T_le_v4SPD16_eabi.lib : args_main.obj (.text)
                  00000ee0    00000014     driverlib.lib : sysctl.obj (.text:SysCtlPWMClockSet)
                  00000ef4    00000014     rtsv7M4_T_le_v4SPD16_eabi.lib : _lock.obj (.text)
                  00000f08    00000012     driverlib.lib : pwm.obj (.text:PWMOutputState)
                  00000f1a    00000012                   : timer.obj (.text:TimerLoadSet)
                  00000f2c    00000010                   : interrupt.obj (.text:IntMasterEnable)
                  00000f3c    00000010                   : pwm.obj (.text:PWMGenPeriodSet)
                  00000f4c    0000000e                   : timer.obj (.text:TimerEnable)
                  00000f5a    0000000e     rtsv7M4_T_le_v4SPD16_eabi.lib : copy_decompress_none.obj (.text:decompress:none)
                  00000f68    0000000c     driverlib.lib : cpu.obj (.text:CPUcpsie)
                  00000f74    0000000c                   : pwm.obj (.text:PWMGenEnable)
                  00000f80    0000000c     tm4c123gh6pm_startup_ccs.obj (.text)
                  00000f8c    00000008     driverlib.lib : timer.obj (.text:TimerIntEnable)
                  00000f94    00000006                   : gpio.obj (.text:GPIOPinRead)
                  00000f9a    00000006                   : sysctl.obj (.text:SysCtlDelay)
                  00000fa0    00000006     rtsv7M4_T_le_v4SPD16_eabi.lib : copy_decompress_rle.obj (.text:decompress:rle24)
                  00000fa6    00000004     driverlib.lib : timer.obj (.text:TimerIntClear)
                  00000faa    00000004     rtsv7M4_T_le_v4SPD16_eabi.lib : pre_init.obj (.text)

.const     0    00000fb0    000000dc     
                  00000fb0    00000070     driverlib.lib : interrupt.obj (.const)
                  00001020    0000006c                   : sysctl.obj (.const:g_pui32Xtals)

.cinit     0    00001090    00000030     
                  00001090    0000001f     (.cinit..data.load) [load image, compression = rle]
                  000010af    00000001     --HOLE-- [fill = 0]
                  000010b0    00000008     (__TI_handler_table)
                  000010b8    00000008     (__TI_cinit_table)

.init_array 
*          0    00000000    00000000     UNINITIALIZED

.data      0    20000200    00000034     UNINITIALIZED
                  20000200    0000001a     main.obj (.data)
                  2000021a    00000002     --HOLE--
                  2000021c    0000000c     rtsv7M4_T_le_v4SPD16_eabi.lib : exit.obj (.data:$O1$$)
                  20000228    00000008                                   : _lock.obj (.data:$O1$$)
                  20000230    00000004                                   : stkdepth_vars.obj (.data)

.stack     0    20000000    00000200     UNINITIALIZED
                  20000000    00000200     --HOLE--

MODULE SUMMARY

       Module                         code   ro data   rw data
       ------                         ----   -------   -------
    ./
       main.obj                       1236   0         26     
       tm4c123gh6pm_startup_ccs.obj   12     620       0      
    +--+------------------------------+------+---------+---------+
       Total:                         1248   620       26     
                                                              
    /opt/ti/TivaWare_C_Series-2.1.2.111/driverlib/ccs/Debug/driverlib.lib
       sysctl.obj                     594    108       0      
       gpio.obj                       354    0         0      
       interrupt.obj                  120    112       0      
       timer.obj                      140    0         0      
       pwm.obj                        110    0         0      
       cpu.obj                        12     0         0      
    +--+------------------------------+------+---------+---------+
       Total:                         1330   220       0      
                                                              
    /opt/ti/ccsv6/tools/compiler/ti-cgt-arm_15.12.1.LTS/lib/rtsv7M4_T_le_v4SPD16_eabi.lib
       memcpy_t2.obj                  156    0         0      
       memset_t2.obj                  122    0         0      
       autoinit.obj                   112    0         0      
       copy_decompress_rle.obj        112    0         0      
       exit.obj                       84     0         12     
       boot.obj                       84     0         0      
       cpy_tbl.obj                    76     0         0      
       _lock.obj                      20     0         8      
       args_main.obj                  24     0         0      
       copy_decompress_none.obj       14     0         0      
       pre_init.obj                   4      0         0      
       stkdepth_vars.obj              0      0         4      
       mpu_init.obj                   2      0         0      
       startup.obj                    2      0         0      
    +--+------------------------------+------+---------+---------+
       Total:                         812    0         24     
                                                              
       Stack:                         0      0         512    
       Linker Generated:              0      47        0      
    +--+------------------------------+------+---------+---------+
       Grand Total:                   3390   887       562    


LINKER GENERATED COPY TABLES

__TI_cinit_table @ 000010b8 records: 1, size/record: 8, table size: 8
	.data: load addr=00001090, load size=0000001f bytes, run addr=20000200, run size=00000034 bytes, compression=rle


LINKER GENERATED HANDLER TABLE

__TI_handler_table @ 000010b0 records: 2, size/record: 4, table size: 8
	index: 0, handler: __TI_decompress_rle24
	index: 1, handler: __TI_decompress_none


GLOBAL SYMBOLS: SORTED ALPHABETICALLY BY Name 

address   name                           
-------   ----                           
00000d89  C$$EXIT                        
00000f69  CPUcpsie                       
00000e5d  GPIODirModeSet                 
00000741  GPIOPadConfigSet               
00000f95  GPIOPinRead                    
00000c6d  IntEnable                      
00000f2d  IntMasterEnable                
00000e87  PWMGenConfigure                
00000f75  PWMGenEnable                   
00000f3d  PWMGenPeriodSet                
00000f09  PWMOutputState                 
00000ea9  PWMPulseWidthSet               
00000f81  ResetISR                       
UNDEFED   SHT$$INIT_ARRAY$$Base          
UNDEFED   SHT$$INIT_ARRAY$$Limit         
00000875  SysCtlClockGet                 
00000985  SysCtlClockSet                 
00000f9b  SysCtlDelay                    
00000ee1  SysCtlPWMClockSet              
00000e29  SysCtlPeripheralEnable         
000002e9  Timer0IntHandler               
00000cd5  TimerConfigure                 
00000f4d  TimerEnable                    
00000fa7  TimerIntClear                  
00000f8d  TimerIntEnable                 
00000f1b  TimerLoadSet                   
20000200  __STACK_END                    
00000200  __STACK_SIZE                   
20000200  __STACK_TOP                    
000010b8  __TI_CINIT_Base                
000010c0  __TI_CINIT_Limit               
000010b0  __TI_Handler_Table_Base        
000010b8  __TI_Handler_Table_Limit       
00000b91  __TI_auto_init                 
2000021c  __TI_cleanup_ptr               
00000f5b  __TI_decompress_none           
00000fa1  __TI_decompress_rle24          
20000220  __TI_dtors_ptr                 
20000224  __TI_enable_exit_profile_output
ffffffff  __TI_pprof_out_hndl            
ffffffff  __TI_prof_data_size            
ffffffff  __TI_prof_data_start           
00000000  __TI_static_base__             
00000b15  __aeabi_memclr                 
00000b15  __aeabi_memclr4                
00000b15  __aeabi_memclr8                
00000a79  __aeabi_memcpy                 
00000a79  __aeabi_memcpy4                
00000a79  __aeabi_memcpy8                
00000b17  __aeabi_memset                 
00000b17  __aeabi_memset4                
00000b17  __aeabi_memset8                
ffffffff  __binit__                      
ffffffff  __c_args__                     
00000873  __mpu_init                     
20000000  __stack                        
00000ec9  _args_main                     
00000d35  _c_int00                       
20000228  _lock                          
00000f03  _nop                           
00000efb  _register_lock                 
00000ef5  _register_unlock               
00000b8f  _system_post_cinit             
00000fab  _system_pre_init               
2000022c  _unlock                        
00000d8d  abort                          
20000210  angle                          
ffffffff  binit                          
2000020c  blue                           
00000497  changeColor                    
00000ddd  copy_in                        
00000665  detectKeyPress1                
00000585  detectKeyPress2                
00000531  detectKeyPressboth             
00000d95  exit                           
00000000  g_pfnVectors                   
20000208  green                          
20000214  incAngle                       
20000200  longCountSW1                   
20000201  longCountSW2                   
00000349  main                           
20000230  main_func_sp                   
00000a79  memcpy                         
00000b1d  memset                         
20000202  mode                           
20000204  red                            
0000026d  setup                          
20000218  state1                         
20000219  state2                         


GLOBAL SYMBOLS: SORTED BY Symbol Address 

address   name                           
-------   ----                           
00000000  __TI_static_base__             
00000000  g_pfnVectors                   
00000200  __STACK_SIZE                   
0000026d  setup                          
000002e9  Timer0IntHandler               
00000349  main                           
00000497  changeColor                    
00000531  detectKeyPressboth             
00000585  detectKeyPress2                
00000665  detectKeyPress1                
00000741  GPIOPadConfigSet               
00000873  __mpu_init                     
00000875  SysCtlClockGet                 
00000985  SysCtlClockSet                 
00000a79  __aeabi_memcpy                 
00000a79  __aeabi_memcpy4                
00000a79  __aeabi_memcpy8                
00000a79  memcpy                         
00000b15  __aeabi_memclr                 
00000b15  __aeabi_memclr4                
00000b15  __aeabi_memclr8                
00000b17  __aeabi_memset                 
00000b17  __aeabi_memset4                
00000b17  __aeabi_memset8                
00000b1d  memset                         
00000b8f  _system_post_cinit             
00000b91  __TI_auto_init                 
00000c6d  IntEnable                      
00000cd5  TimerConfigure                 
00000d35  _c_int00                       
00000d89  C$$EXIT                        
00000d8d  abort                          
00000d95  exit                           
00000ddd  copy_in                        
00000e29  SysCtlPeripheralEnable         
00000e5d  GPIODirModeSet                 
00000e87  PWMGenConfigure                
00000ea9  PWMPulseWidthSet               
00000ec9  _args_main                     
00000ee1  SysCtlPWMClockSet              
00000ef5  _register_unlock               
00000efb  _register_lock                 
00000f03  _nop                           
00000f09  PWMOutputState                 
00000f1b  TimerLoadSet                   
00000f2d  IntMasterEnable                
00000f3d  PWMGenPeriodSet                
00000f4d  TimerEnable                    
00000f5b  __TI_decompress_none           
00000f69  CPUcpsie                       
00000f75  PWMGenEnable                   
00000f81  ResetISR                       
00000f8d  TimerIntEnable                 
00000f95  GPIOPinRead                    
00000f9b  SysCtlDelay                    
00000fa1  __TI_decompress_rle24          
00000fa7  TimerIntClear                  
00000fab  _system_pre_init               
000010b0  __TI_Handler_Table_Base        
000010b8  __TI_CINIT_Base                
000010b8  __TI_Handler_Table_Limit       
000010c0  __TI_CINIT_Limit               
20000000  __stack                        
20000200  __STACK_END                    
20000200  __STACK_TOP                    
20000200  longCountSW1                   
20000201  longCountSW2                   
20000202  mode                           
20000204  red                            
20000208  green                          
2000020c  blue                           
20000210  angle                          
20000214  incAngle                       
20000218  state1                         
20000219  state2                         
2000021c  __TI_cleanup_ptr               
20000220  __TI_dtors_ptr                 
20000224  __TI_enable_exit_profile_output
20000228  _lock                          
2000022c  _unlock                        
20000230  main_func_sp                   
ffffffff  __TI_pprof_out_hndl            
ffffffff  __TI_prof_data_size            
ffffffff  __TI_prof_data_start           
ffffffff  __binit__                      
ffffffff  __c_args__                     
ffffffff  binit                          
UNDEFED   SHT$$INIT_ARRAY$$Base          
UNDEFED   SHT$$INIT_ARRAY$$Limit         

[89 symbols]
