******************************************************************************
                  TI ARM Linker Unix v5.2.5                    
******************************************************************************
>> Linked Fri Aug 19 19:15:37 2016

OUTPUT FILE NAME:   <Lab3_1.out>
ENTRY POINT SYMBOL: "_c_int00"  address: 00000e31


MEMORY CONFIGURATION

         name            origin    length      used     unused   attr    fill
----------------------  --------  ---------  --------  --------  ----  --------
  FLASH                 00000000   00040000  000012e8  0003ed18  R  X
  SRAM                  20000000   00008000  0000023c  00007dc4  RW X


SEGMENT ALLOCATION MAP

run origin  load origin   length   init length attrs members
----------  ----------- ---------- ----------- ----- -------
00000000    00000000    000012e8   000012e8    r-x
  00000000    00000000    0000026c   0000026c    r-- .intvecs
  0000026c    0000026c    00000ec0   00000ec0    r-x .text
  0000112c    0000112c    0000016c   0000016c    r-- .const
  00001298    00001298    00000050   00000050    r-- .cinit
20000000    20000000    0000023c   00000000    rw-
  20000000    20000000    00000200   00000000    rw- .stack
  20000200    20000200    0000002c   00000000    rw- .data
  2000022c    2000022c    00000010   00000000    rw- .bss


SECTION ALLOCATION MAP

 output                                  attributes/
section   page    origin      length       input sections
--------  ----  ----------  ----------   ----------------
.intvecs   0    00000000    0000026c     
                  00000000    0000026c     tm4c123gh6pm_startup_ccs.obj (.intvecs)

.text      0    0000026c    00000ec0     
                  0000026c    000005d4     main.obj (.text)
                  00000840    00000132     driverlib.lib : gpio.obj (.text:GPIOPadConfigSet)
                  00000972    00000002     --HOLE-- [fill = 0]
                  00000974    00000110                   : sysctl.obj (.text:SysCtlClockGet)
                  00000a84    000000f4                   : sysctl.obj (.text:SysCtlClockSet)
                  00000b78    0000009c     rtsv7M4_T_le_v4SPD16_eabi.lib : memcpy_t2.obj (.text)
                  00000c14    0000007a                                   : memset_t2.obj (.text)
                  00000c8e    00000002     --HOLE-- [fill = 0]
                  00000c90    0000006c                                   : autoinit.obj (.text)
                  00000cfc    0000006a                                   : copy_decompress_rle.obj (.text)
                  00000d66    00000002     --HOLE-- [fill = 0]
                  00000d68    00000068     driverlib.lib : interrupt.obj (.text:IntEnable)
                  00000dd0    00000060                   : timer.obj (.text:TimerConfigure)
                  00000e30    00000050     rtsv7M4_T_le_v4SPD16_eabi.lib : boot.obj (.text)
                  00000e80    0000004c                                   : cpy_tbl.obj (.text)
                  00000ecc    00000048     driverlib.lib : gpio.obj (.text:GPIOPinConfigure)
                  00000f14    00000044     rtsv7M4_T_le_v4SPD16_eabi.lib : exit.obj (.text)
                  00000f58    00000034     driverlib.lib : sysctl.obj (.text:SysCtlPeripheralEnable)
                  00000f8c    0000002a                   : gpio.obj (.text:GPIODirModeSet)
                  00000fb6    00000022                   : pwm.obj (.text:PWMGenConfigure)
                  00000fd8    0000001e                   : pwm.obj (.text:PWMPulseWidthSet)
                  00000ff6    00000018                   : gpio.obj (.text:GPIOPinTypeGPIOOutput)
                  0000100e    00000002     --HOLE-- [fill = 0]
                  00001010    00000018     rtsv7M4_T_le_v4SPD16_eabi.lib : args_main.obj (.text)
                  00001028    00000014     driverlib.lib : sysctl.obj (.text:SysCtlPWMClockSet)
                  0000103c    00000014     rtsv7M4_T_le_v4SPD16_eabi.lib : _lock.obj (.text)
                  00001050    00000012     driverlib.lib : gpio.obj (.text:GPIOPinTypeGPIOInput)
                  00001062    00000012                   : gpio.obj (.text:GPIOPinTypePWM)
                  00001074    00000012                   : pwm.obj (.text:PWMOutputState)
                  00001086    00000012                   : timer.obj (.text:TimerLoadSet)
                  00001098    00000010                   : interrupt.obj (.text:IntMasterEnable)
                  000010a8    00000010                   : pwm.obj (.text:PWMGenPeriodSet)
                  000010b8    0000000e                   : timer.obj (.text:TimerEnable)
                  000010c6    0000000e     rtsv7M4_T_le_v4SPD16_eabi.lib : copy_decompress_none.obj (.text:decompress:none)
                  000010d4    0000000c     driverlib.lib : cpu.obj (.text:CPUcpsie)
                  000010e0    0000000c                   : pwm.obj (.text:PWMGenEnable)
                  000010ec    0000000c     rtsv7M4_T_le_v4SPD16_eabi.lib : copy_zero_init.obj (.text:decompress:ZI)
                  000010f8    0000000c     tm4c123gh6pm_startup_ccs.obj (.text)
                  00001104    00000008     driverlib.lib : timer.obj (.text:TimerIntEnable)
                  0000110c    00000006                   : gpio.obj (.text:GPIOPinRead)
                  00001112    00000006                   : gpio.obj (.text:GPIOPinWrite)
                  00001118    00000006                   : sysctl.obj (.text:SysCtlDelay)
                  0000111e    00000006     rtsv7M4_T_le_v4SPD16_eabi.lib : copy_decompress_rle.obj (.text:decompress:rle24)
                  00001124    00000004     driverlib.lib : timer.obj (.text:TimerIntClear)
                  00001128    00000004     rtsv7M4_T_le_v4SPD16_eabi.lib : pre_init.obj (.text)

.const     0    0000112c    0000016c     
                  0000112c    00000090     driverlib.lib : gpio.obj (.const:g_pui32GPIOBaseAddrs)
                  000011bc    00000070                   : interrupt.obj (.const)
                  0000122c    0000006c                   : sysctl.obj (.const:g_pui32Xtals)

.cinit     0    00001298    00000050     
                  00001298    00000025     (.cinit..data.load) [load image, compression = rle]
                  000012bd    00000003     --HOLE-- [fill = 0]
                  000012c0    0000000c     (__TI_handler_table)
                  000012cc    00000004     --HOLE-- [fill = 0]
                  000012d0    00000008     (.cinit..bss.load) [load image, compression = zero_init]
                  000012d8    00000010     (__TI_cinit_table)

.init_array 
*          0    00000000    00000000     UNINITIALIZED

.data      0    20000200    0000002c     UNINITIALIZED
                  20000200    00000016     main.obj (.data)
                  20000216    00000002     --HOLE--
                  20000218    00000008     rtsv7M4_T_le_v4SPD16_eabi.lib : _lock.obj (.data)
                  20000220    00000008                                   : exit.obj (.data)
                  20000228    00000004                                   : stkdepth_vars.obj (.data)

.bss       0    2000022c    00000010     UNINITIALIZED
                  2000022c    00000004     (.common:ui32Load)
                  20000230    00000004     (.common:ui32PWMClock)
                  20000234    00000004     (.common:ui32Period)
                  20000238    00000004     (.common:ui32PeriodHold)

.stack     0    20000000    00000200     UNINITIALIZED
                  20000000    00000200     --HOLE--

.TI.persistent 
*          0    20000200    00000000     UNINITIALIZED

.TI.noinit 
*          0    2000022c    00000000     UNINITIALIZED


LINKER GENERATED COPY TABLES

__TI_cinit_table @ 000012d8 records: 2, size/record: 8, table size: 16
	.data: load addr=00001298, load size=00000025 bytes, run addr=20000200, run size=0000002c bytes, compression=rle
	.bss: load addr=000012d0, load size=00000008 bytes, run addr=2000022c, run size=00000010 bytes, compression=zero_init


LINKER GENERATED HANDLER TABLE

__TI_handler_table @ 000012c0 records: 3, size/record: 4, table size: 12
	index: 0, handler: __TI_decompress_rle24
	index: 1, handler: __TI_decompress_none
	index: 2, handler: __TI_zero_init


GLOBAL SYMBOLS: SORTED ALPHABETICALLY BY Name 

address   name                      
-------   ----                      
00000f15  C$$EXIT                   
000010d5  CPUcpsie                  
00000f8d  GPIODirModeSet            
00000841  GPIOPadConfigSet          
00000ecd  GPIOPinConfigure          
0000110d  GPIOPinRead               
00001051  GPIOPinTypeGPIOInput      
00000ff7  GPIOPinTypeGPIOOutput     
00001063  GPIOPinTypePWM            
00001113  GPIOPinWrite              
00000d69  IntEnable                 
00001099  IntMasterEnable           
000002d5  PWMConfig                 
00000fb7  PWMGenConfigure           
000010e1  PWMGenEnable              
000010a9  PWMGenPeriodSet           
00001075  PWMOutputState            
00000fd9  PWMPulseWidthSet          
000010f9  ResetISR                  
UNDEFED   SHT$$INIT_ARRAY$$Base     
UNDEFED   SHT$$INIT_ARRAY$$Limit    
00000491  Sw1ManualModeFunctionality
00000455  Sw1autoModeFunctionality  
000004ad  Sw2ManualModeFunctionality
00000473  Sw2autoModeFunctionality  
00000975  SysCtlClockGet            
00000a85  SysCtlClockSet            
00001119  SysCtlDelay               
00001029  SysCtlPWMClockSet         
00000f59  SysCtlPeripheralEnable    
000007f3  Timer0IntHandlerA         
00000807  Timer0IntHandlerB         
00000dd1  TimerConfigure            
000010b9  TimerEnable               
00001125  TimerIntClear             
00001105  TimerIntEnable            
00001087  TimerLoadSet              
20000200  __STACK_END               
00000200  __STACK_SIZE              
20000200  __STACK_TOP               
000012d8  __TI_CINIT_Base           
000012e8  __TI_CINIT_Limit          
000012c0  __TI_Handler_Table_Base   
000012cc  __TI_Handler_Table_Limit  
00000c91  __TI_auto_init            
20000220  __TI_cleanup_ptr          
000010c7  __TI_decompress_none      
0000111f  __TI_decompress_rle24     
20000224  __TI_dtors_ptr            
00000000  __TI_static_base__        
000010ed  __TI_zero_init            
00000c15  __aeabi_memclr            
00000c15  __aeabi_memclr4           
00000c15  __aeabi_memclr8           
00000b79  __aeabi_memcpy            
00000b79  __aeabi_memcpy4           
00000b79  __aeabi_memcpy8           
00000c17  __aeabi_memset            
00000c17  __aeabi_memset4           
00000c17  __aeabi_memset8           
ffffffff  __binit__                 
ffffffff  __c_args__                
20000000  __stack                   
00001011  _args_main                
00000e31  _c_int00                  
20000218  _lock                     
0000104b  _nop                      
00001043  _register_lock            
0000103d  _register_unlock          
00001129  _system_pre_init          
2000021c  _unlock                   
00000f19  abort                     
0000057f  auto_mode_functionality   
ffffffff  binit                     
00000e81  copy_in                   
2000020c  delay_time                
00000f21  exit                      
20000210  flag_timerrun             
00000000  g_pfnVectors              
0000027d  led_pin_config            
000007a7  main                      
20000228  main_func_sp              
000004c7  manual_mode1_functionality
00000503  manual_mode2_functionality
00000541  manual_mode3_functionality
20000214  manual_mode_status        
00000b79  memcpy                    
00000c1d  memset                    
20000213  mode_status               
0000026d  setup                     
20000211  state_sw1                 
20000212  state_sw2                 
20000200  sw1_count                 
20000204  sw1_count_total           
20000201  sw2_count                 
000005ed  switch1Functionality      
000006cd  switch2Functionality      
00000289  switchPinConfig           
000003e3  timer0Config              
2000022c  ui32Load                  
20000230  ui32PWMClock              
20000234  ui32Period                
20000238  ui32PeriodHold            
20000215  ui8Adjust                 
20000208  ui8LED                    


GLOBAL SYMBOLS: SORTED BY Symbol Address 

address   name                      
-------   ----                      
00000000  __TI_static_base__        
00000000  g_pfnVectors              
00000200  __STACK_SIZE              
0000026d  setup                     
0000027d  led_pin_config            
00000289  switchPinConfig           
000002d5  PWMConfig                 
000003e3  timer0Config              
00000455  Sw1autoModeFunctionality  
00000473  Sw2autoModeFunctionality  
00000491  Sw1ManualModeFunctionality
000004ad  Sw2ManualModeFunctionality
000004c7  manual_mode1_functionality
00000503  manual_mode2_functionality
00000541  manual_mode3_functionality
0000057f  auto_mode_functionality   
000005ed  switch1Functionality      
000006cd  switch2Functionality      
000007a7  main                      
000007f3  Timer0IntHandlerA         
00000807  Timer0IntHandlerB         
00000841  GPIOPadConfigSet          
00000975  SysCtlClockGet            
00000a85  SysCtlClockSet            
00000b79  __aeabi_memcpy            
00000b79  __aeabi_memcpy4           
00000b79  __aeabi_memcpy8           
00000b79  memcpy                    
00000c15  __aeabi_memclr            
00000c15  __aeabi_memclr4           
00000c15  __aeabi_memclr8           
00000c17  __aeabi_memset            
00000c17  __aeabi_memset4           
00000c17  __aeabi_memset8           
00000c1d  memset                    
00000c91  __TI_auto_init            
00000d69  IntEnable                 
00000dd1  TimerConfigure            
00000e31  _c_int00                  
00000e81  copy_in                   
00000ecd  GPIOPinConfigure          
00000f15  C$$EXIT                   
00000f19  abort                     
00000f21  exit                      
00000f59  SysCtlPeripheralEnable    
00000f8d  GPIODirModeSet            
00000fb7  PWMGenConfigure           
00000fd9  PWMPulseWidthSet          
00000ff7  GPIOPinTypeGPIOOutput     
00001011  _args_main                
00001029  SysCtlPWMClockSet         
0000103d  _register_unlock          
00001043  _register_lock            
0000104b  _nop                      
00001051  GPIOPinTypeGPIOInput      
00001063  GPIOPinTypePWM            
00001075  PWMOutputState            
00001087  TimerLoadSet              
00001099  IntMasterEnable           
000010a9  PWMGenPeriodSet           
000010b9  TimerEnable               
000010c7  __TI_decompress_none      
000010d5  CPUcpsie                  
000010e1  PWMGenEnable              
000010ed  __TI_zero_init            
000010f9  ResetISR                  
00001105  TimerIntEnable            
0000110d  GPIOPinRead               
00001113  GPIOPinWrite              
00001119  SysCtlDelay               
0000111f  __TI_decompress_rle24     
00001125  TimerIntClear             
00001129  _system_pre_init          
000012c0  __TI_Handler_Table_Base   
000012cc  __TI_Handler_Table_Limit  
000012d8  __TI_CINIT_Base           
000012e8  __TI_CINIT_Limit          
20000000  __stack                   
20000200  __STACK_END               
20000200  __STACK_TOP               
20000200  sw1_count                 
20000201  sw2_count                 
20000204  sw1_count_total           
20000208  ui8LED                    
2000020c  delay_time                
20000210  flag_timerrun             
20000211  state_sw1                 
20000212  state_sw2                 
20000213  mode_status               
20000214  manual_mode_status        
20000215  ui8Adjust                 
20000218  _lock                     
2000021c  _unlock                   
20000220  __TI_cleanup_ptr          
20000224  __TI_dtors_ptr            
20000228  main_func_sp              
2000022c  ui32Load                  
20000230  ui32PWMClock              
20000234  ui32Period                
20000238  ui32PeriodHold            
ffffffff  __binit__                 
ffffffff  __c_args__                
ffffffff  binit                     
UNDEFED   SHT$$INIT_ARRAY$$Base     
UNDEFED   SHT$$INIT_ARRAY$$Limit    

[105 symbols]
