******************************************************************************
                  TI ARM Linker Unix v5.2.5                    
******************************************************************************
>> Linked Wed Aug 31 17:34:09 2016

OUTPUT FILE NAME:   <Lab04.out>
ENTRY POINT SYMBOL: "_c_int00"  address: 00000a6d


MEMORY CONFIGURATION

         name            origin    length      used     unused   attr    fill
----------------------  --------  ---------  --------  --------  ----  --------
  FLASH                 00000000   00040000  00000f00  0003f100  R  X
  SRAM                  20000000   00008000  0000021c  00007de4  RW X


SEGMENT ALLOCATION MAP

run origin  load origin   length   init length attrs members
----------  ----------- ---------- ----------- ----- -------
00000000    00000000    00000f00   00000f00    r-x
  00000000    00000000    0000026c   0000026c    r-- .intvecs
  0000026c    0000026c    00000b50   00000b50    r-x .text
  00000dbc    00000dbc    0000010c   0000010c    r-- .const
  00000ec8    00000ec8    00000038   00000038    r-- .cinit
20000000    20000000    0000021c   00000000    rw-
  20000000    20000000    00000200   00000000    rw- .stack
  20000200    20000200    00000014   00000000    rw- .data
  20000214    20000214    00000008   00000000    rw- .bss


SECTION ALLOCATION MAP

 output                                  attributes/
section   page    origin      length       input sections
--------  ----  ----------  ----------   ----------------
.intvecs   0    00000000    0000026c     
                  00000000    0000026c     tm4c123gh6pm_startup_ccs.obj (.intvecs)

.text      0    0000026c    00000b50     
                  0000026c    00000260     main.obj (.text)
                  000004cc    00000132     driverlib.lib : gpio.obj (.text:GPIOPadConfigSet)
                  000005fe    00000002     --HOLE-- [fill = 0]
                  00000600    00000110                   : sysctl.obj (.text:SysCtlClockGet)
                  00000710    000000f4                   : sysctl.obj (.text:SysCtlClockSet)
                  00000804    0000009c     rtsv7M4_T_le_v4SPD16_eabi.lib : memcpy_t2.obj (.text)
                  000008a0    0000007a     driverlib.lib : adc.obj (.text:ADCSequenceStepConfigure)
                  0000091a    0000007a     rtsv7M4_T_le_v4SPD16_eabi.lib : memset_t2.obj (.text)
                  00000994    0000006c                                   : autoinit.obj (.text)
                  00000a00    0000006a                                   : copy_decompress_rle.obj (.text)
                  00000a6a    00000002     --HOLE-- [fill = 0]
                  00000a6c    00000050                                   : boot.obj (.text)
                  00000abc    0000004c                                   : cpy_tbl.obj (.text)
                  00000b08    00000048     driverlib.lib : gpio.obj (.text:GPIOPinConfigure)
                  00000b50    00000046                   : uart.obj (.text:UARTConfigSetExpClk)
                  00000b96    00000002     --HOLE-- [fill = 0]
                  00000b98    00000044     rtsv7M4_T_le_v4SPD16_eabi.lib : exit.obj (.text)
                  00000bdc    0000003e     driverlib.lib : adc.obj (.text:ADCSequenceConfigure)
                  00000c1a    00000002     --HOLE-- [fill = 0]
                  00000c1c    00000034                   : sysctl.obj (.text:SysCtlPeripheralEnable)
                  00000c50    0000002e                   : adc.obj (.text:ADCIntStatus)
                  00000c7e    0000002a                   : gpio.obj (.text:GPIODirModeSet)
                  00000ca8    00000020                   : uart.obj (.text:UARTDisable)
                  00000cc8    0000001e                   : adc.obj (.text:ADCSequenceDataGet)
                  00000ce6    00000018                   : adc.obj (.text:ADCProcessorTrigger)
                  00000cfe    00000002     --HOLE-- [fill = 0]
                  00000d00    00000018     rtsv7M4_T_le_v4SPD16_eabi.lib : args_main.obj (.text)
                  00000d18    00000014     driverlib.lib : uart.obj (.text:UARTEnable)
                  00000d2c    00000014     rtsv7M4_T_le_v4SPD16_eabi.lib : _lock.obj (.text)
                  00000d40    00000012     driverlib.lib : gpio.obj (.text:GPIOPinTypeADC)
                  00000d52    00000012                   : gpio.obj (.text:GPIOPinTypeUART)
                  00000d64    0000000e                   : adc.obj (.text:ADCSequenceEnable)
                  00000d72    0000000e     rtsv7M4_T_le_v4SPD16_eabi.lib : copy_decompress_none.obj (.text:decompress:none)
                  00000d80    0000000c                                   : copy_zero_init.obj (.text:decompress:ZI)
                  00000d8c    0000000c     tm4c123gh6pm_startup_ccs.obj (.text)
                  00000d98    0000000a     driverlib.lib : adc.obj (.text:ADCIntClear)
                  00000da2    0000000a                   : uart.obj (.text:UARTCharPut)
                  00000dac    00000006                   : sysctl.obj (.text:SysCtlDelay)
                  00000db2    00000006     rtsv7M4_T_le_v4SPD16_eabi.lib : copy_decompress_rle.obj (.text:decompress:rle24)
                  00000db8    00000004                                   : pre_init.obj (.text)

.const     0    00000dbc    0000010c     
                  00000dbc    00000090     driverlib.lib : gpio.obj (.const:g_pui32GPIOBaseAddrs)
                  00000e4c    0000006c                   : sysctl.obj (.const:g_pui32Xtals)
                  00000eb8    00000010     main.obj (.const:.string)

.cinit     0    00000ec8    00000038     
                  00000ec8    0000000f     (.cinit..data.load) [load image, compression = rle]
                  00000ed7    00000001     --HOLE-- [fill = 0]
                  00000ed8    0000000c     (__TI_handler_table)
                  00000ee4    00000004     --HOLE-- [fill = 0]
                  00000ee8    00000008     (.cinit..bss.load) [load image, compression = zero_init]
                  00000ef0    00000010     (__TI_cinit_table)

.init_array 
*          0    00000000    00000000     UNINITIALIZED

.data      0    20000200    00000014     UNINITIALIZED
                  20000200    00000008     rtsv7M4_T_le_v4SPD16_eabi.lib : _lock.obj (.data)
                  20000208    00000008                                   : exit.obj (.data)
                  20000210    00000004                                   : stkdepth_vars.obj (.data)

.bss       0    20000214    00000008     UNINITIALIZED
                  20000214    00000004     (.common:ui32JoyLR)
                  20000218    00000004     (.common:ui32JoyUD)

.stack     0    20000000    00000200     UNINITIALIZED
                  20000000    00000200     --HOLE--

.TI.persistent 
*          0    20000200    00000000     UNINITIALIZED

.TI.noinit 
*          0    20000214    00000000     UNINITIALIZED


LINKER GENERATED COPY TABLES

__TI_cinit_table @ 00000ef0 records: 2, size/record: 8, table size: 16
	.data: load addr=00000ec8, load size=0000000f bytes, run addr=20000200, run size=00000014 bytes, compression=rle
	.bss: load addr=00000ee8, load size=00000008 bytes, run addr=20000214, run size=00000008 bytes, compression=zero_init


LINKER GENERATED HANDLER TABLE

__TI_handler_table @ 00000ed8 records: 3, size/record: 4, table size: 12
	index: 0, handler: __TI_decompress_rle24
	index: 1, handler: __TI_decompress_none
	index: 2, handler: __TI_zero_init


GLOBAL SYMBOLS: SORTED ALPHABETICALLY BY Name 

address   name                    
-------   ----                    
00000d99  ADCIntClear             
00000c51  ADCIntStatus            
00000ce7  ADCProcessorTrigger     
00000bdd  ADCSequenceConfigure    
00000cc9  ADCSequenceDataGet      
00000d65  ADCSequenceEnable       
000008a1  ADCSequenceStepConfigure
00000b99  C$$EXIT                 
00000c7f  GPIODirModeSet          
000004cd  GPIOPadConfigSet        
00000b09  GPIOPinConfigure        
00000d41  GPIOPinTypeADC          
00000d53  GPIOPinTypeUART         
00000d8d  ResetISR                
UNDEFED   SHT$$INIT_ARRAY$$Base   
UNDEFED   SHT$$INIT_ARRAY$$Limit  
00000601  SysCtlClockGet          
00000711  SysCtlClockSet          
00000dad  SysCtlDelay             
00000c1d  SysCtlPeripheralEnable  
00000da3  UARTCharPut             
00000b51  UARTConfigSetExpClk     
00000ca9  UARTDisable             
00000d19  UARTEnable              
20000200  __STACK_END             
00000200  __STACK_SIZE            
20000200  __STACK_TOP             
00000ef0  __TI_CINIT_Base         
00000f00  __TI_CINIT_Limit        
00000ed8  __TI_Handler_Table_Base 
00000ee4  __TI_Handler_Table_Limit
00000995  __TI_auto_init          
20000208  __TI_cleanup_ptr        
00000d73  __TI_decompress_none    
00000db3  __TI_decompress_rle24   
2000020c  __TI_dtors_ptr          
00000000  __TI_static_base__      
00000d81  __TI_zero_init          
0000091b  __aeabi_memclr          
0000091b  __aeabi_memclr4         
0000091b  __aeabi_memclr8         
00000805  __aeabi_memcpy          
00000805  __aeabi_memcpy4         
00000805  __aeabi_memcpy8         
0000091d  __aeabi_memset          
0000091d  __aeabi_memset4         
0000091d  __aeabi_memset8         
ffffffff  __binit__               
ffffffff  __c_args__              
20000000  __stack                 
00000d01  _args_main              
00000a6d  _c_int00                
20000200  _lock                   
00000d3b  _nop                    
00000d33  _register_lock          
00000d2d  _register_unlock        
00000db9  _system_pre_init        
20000204  _unlock                 
00000b9d  abort                   
ffffffff  binit                   
00000abd  copy_in                 
00000ba5  exit                    
00000000  g_pfnVectors            
00000341  main                    
20000210  main_func_sp            
00000805  memcpy                  
00000923  memset                  
0000026d  sendcharacter           
0000029b  senddigit               
20000214  ui32JoyLR               
20000218  ui32JoyUD               


GLOBAL SYMBOLS: SORTED BY Symbol Address 

address   name                    
-------   ----                    
00000000  __TI_static_base__      
00000000  g_pfnVectors            
00000200  __STACK_SIZE            
0000026d  sendcharacter           
0000029b  senddigit               
00000341  main                    
000004cd  GPIOPadConfigSet        
00000601  SysCtlClockGet          
00000711  SysCtlClockSet          
00000805  __aeabi_memcpy          
00000805  __aeabi_memcpy4         
00000805  __aeabi_memcpy8         
00000805  memcpy                  
000008a1  ADCSequenceStepConfigure
0000091b  __aeabi_memclr          
0000091b  __aeabi_memclr4         
0000091b  __aeabi_memclr8         
0000091d  __aeabi_memset          
0000091d  __aeabi_memset4         
0000091d  __aeabi_memset8         
00000923  memset                  
00000995  __TI_auto_init          
00000a6d  _c_int00                
00000abd  copy_in                 
00000b09  GPIOPinConfigure        
00000b51  UARTConfigSetExpClk     
00000b99  C$$EXIT                 
00000b9d  abort                   
00000ba5  exit                    
00000bdd  ADCSequenceConfigure    
00000c1d  SysCtlPeripheralEnable  
00000c51  ADCIntStatus            
00000c7f  GPIODirModeSet          
00000ca9  UARTDisable             
00000cc9  ADCSequenceDataGet      
00000ce7  ADCProcessorTrigger     
00000d01  _args_main              
00000d19  UARTEnable              
00000d2d  _register_unlock        
00000d33  _register_lock          
00000d3b  _nop                    
00000d41  GPIOPinTypeADC          
00000d53  GPIOPinTypeUART         
00000d65  ADCSequenceEnable       
00000d73  __TI_decompress_none    
00000d81  __TI_zero_init          
00000d8d  ResetISR                
00000d99  ADCIntClear             
00000da3  UARTCharPut             
00000dad  SysCtlDelay             
00000db3  __TI_decompress_rle24   
00000db9  _system_pre_init        
00000ed8  __TI_Handler_Table_Base 
00000ee4  __TI_Handler_Table_Limit
00000ef0  __TI_CINIT_Base         
00000f00  __TI_CINIT_Limit        
20000000  __stack                 
20000200  __STACK_END             
20000200  __STACK_TOP             
20000200  _lock                   
20000204  _unlock                 
20000208  __TI_cleanup_ptr        
2000020c  __TI_dtors_ptr          
20000210  main_func_sp            
20000214  ui32JoyLR               
20000218  ui32JoyUD               
ffffffff  __binit__               
ffffffff  __c_args__              
ffffffff  binit                   
UNDEFED   SHT$$INIT_ARRAY$$Base   
UNDEFED   SHT$$INIT_ARRAY$$Limit  

[71 symbols]
