******************************************************************************
                  TI ARM Linker Unix v15.12.1                  
******************************************************************************
>> Linked Tue Aug 30 23:28:39 2016

OUTPUT FILE NAME:   <lab4.out>
ENTRY POINT SYMBOL: "_c_int00"  address: 00000b6d


MEMORY CONFIGURATION

         name            origin    length      used     unused   attr    fill
----------------------  --------  ---------  --------  --------  ----  --------
  FLASH                 00000000   00040000  00000e82  0003f17e  R  X
  SRAM                  20000000   00008000  00000250  00007db0  RW X


SEGMENT ALLOCATION MAP

run origin  load origin   length   init length attrs members
----------  ----------- ---------- ----------- ----- -------
00000000    00000000    00000e84   00000e84    r-x
  00000000    00000000    0000026c   0000026c    r-- .intvecs
  0000026c    0000026c    00000b6e   00000b6e    r-x .text
  00000ddc    00000ddc    0000006c   0000006c    r-- .const
  00000e48    00000e48    0000003c   0000003c    r-- .cinit
20000000    20000000    00000250   00000000    rw-
  20000000    20000000    00000200   00000000    rw- .stack
  20000200    20000200    00000038   00000000    rw- .bss
  20000238    20000238    00000018   00000000    rw- .data


SECTION ALLOCATION MAP

 output                                  attributes/
section   page    origin      length       input sections
--------  ----  ----------  ----------   ----------------
.intvecs   0    00000000    0000026c     
                  00000000    0000026c     tm4c123gh6pm_startup_ccs.obj (.intvecs)

.text      0    0000026c    00000b6e     
                  0000026c    000003d4     lab4-2.obj (.text)
                  00000640    00000132     driverlib.lib : gpio.obj (.text:GPIOPadConfigSet)
                  00000772    00000002     rtsv7M4_T_le_v4SPD16_eabi.lib : mpu_init.obj (.text)
                  00000774    00000110     driverlib.lib : sysctl.obj (.text:SysCtlClockGet)
                  00000884    000000f4                   : sysctl.obj (.text:SysCtlClockSet)
                  00000978    0000009c     rtsv7M4_T_le_v4SPD16_eabi.lib : memcpy_t2.obj (.text)
                  00000a14    0000007a                                   : memset_t2.obj (.text)
                  00000a8e    00000002                                   : startup.obj (.text)
                  00000a90    00000070                                   : autoinit.obj (.text)
                  00000b00    0000006a                                   : copy_decompress_rle.obj (.text)
                  00000b6a    00000002     --HOLE-- [fill = 0]
                  00000b6c    00000054                                   : boot.obj (.text)
                  00000bc0    00000054                                   : exit.obj (.text)
                  00000c14    0000004c                                   : cpy_tbl.obj (.text)
                  00000c60    00000046     driverlib.lib : uart.obj (.text:UARTConfigSetExpClk)
                  00000ca6    00000002     --HOLE-- [fill = 0]
                  00000ca8    00000034                   : sysctl.obj (.text:SysCtlPeripheralEnable)
                  00000cdc    0000002e                   : adc.obj (.text:ADCIntStatus)
                  00000d0a    0000002a                   : gpio.obj (.text:GPIODirModeSet)
                  00000d34    00000020                   : uart.obj (.text:UARTDisable)
                  00000d54    00000018     rtsv7M4_T_le_v4SPD16_eabi.lib : args_main.obj (.text)
                  00000d6c    00000014     driverlib.lib : uart.obj (.text:UARTEnable)
                  00000d80    00000014     rtsv7M4_T_le_v4SPD16_eabi.lib : _lock.obj (.text)
                  00000d94    00000012     driverlib.lib : gpio.obj (.text:GPIOPinTypeUART)
                  00000da6    0000000e     rtsv7M4_T_le_v4SPD16_eabi.lib : copy_decompress_none.obj (.text:decompress:none)
                  00000db4    0000000c     tm4c123gh6pm_startup_ccs.obj (.text)
                  00000dc0    0000000a     driverlib.lib : uart.obj (.text:UARTCharPut)
                  00000dca    00000006                   : sysctl.obj (.text:SysCtlDelay)
                  00000dd0    00000006     rtsv7M4_T_le_v4SPD16_eabi.lib : copy_decompress_rle.obj (.text:decompress:rle24)
                  00000dd6    00000004                                   : pre_init.obj (.text)

.const     0    00000ddc    0000006c     
                  00000ddc    0000006c     driverlib.lib : sysctl.obj (.const:g_pui32Xtals)

.cinit     0    00000e48    0000003c     
                  00000e48    00000016     (.cinit..data.load) [load image, compression = rle]
                  00000e5e    00000002     --HOLE-- [fill = 0]
                  00000e60    00000009     (.cinit..bss.load) [load image, compression = rle]
                  00000e69    00000003     --HOLE-- [fill = 0]
                  00000e6c    00000008     (__TI_handler_table)
                  00000e74    00000010     (__TI_cinit_table)

.init_array 
*          0    00000000    00000000     UNINITIALIZED

.bss       0    20000200    00000038     UNINITIALIZED
                  20000200    00000010     (.common:ui32ADC0Value)
                  20000210    00000010     (.common:ui32ADC1Value)
                  20000220    00000004     (.common:copy0)
                  20000224    00000004     (.common:copy1)
                  20000228    00000004     (.common:ui32Avg0)
                  2000022c    00000004     (.common:ui32Avg1)
                  20000230    00000001     (.common:digit0)
                  20000231    00000001     (.common:digit1)
                  20000232    00000001     (.common:digit2)
                  20000233    00000001     (.common:digit3)
                  20000234    00000001     (.common:digit4)
                  20000235    00000001     (.common:digit5)
                  20000236    00000001     (.common:digit6)
                  20000237    00000001     (.common:digit7)

.data      0    20000238    00000018     UNINITIALIZED
                  20000238    0000000c     rtsv7M4_T_le_v4SPD16_eabi.lib : exit.obj (.data:$O1$$)
                  20000244    00000008                                   : _lock.obj (.data:$O1$$)
                  2000024c    00000004                                   : stkdepth_vars.obj (.data)

.stack     0    20000000    00000200     UNINITIALIZED
                  20000000    00000200     --HOLE--

MODULE SUMMARY

       Module                         code   ro data   rw data
       ------                         ----   -------   -------
    ./
       lab4-2.obj                     980    0         56     
       tm4c123gh6pm_startup_ccs.obj   12     620       0      
    +--+------------------------------+------+---------+---------+
       Total:                         992    620       56     
                                                              
    /opt/ti/TivaWare_C_Series-2.1.2.111/driverlib/ccs/Debug/driverlib.lib
       sysctl.obj                     574    108       0      
       gpio.obj                       366    0         0      
       uart.obj                       132    0         0      
       adc.obj                        46     0         0      
    +--+------------------------------+------+---------+---------+
       Total:                         1118   108       0      
                                                              
    /opt/ti/ccsv6/tools/compiler/ti-cgt-arm_15.12.1.LTS/lib/rtsv7M4_T_le_v4SPD16_eabi.lib
       memcpy_t2.obj                  156    0         0      
       memset_t2.obj                  122    0         0      
       autoinit.obj                   112    0         0      
       copy_decompress_rle.obj        112    0         0      
       exit.obj                       84     0         12     
       boot.obj                       84     0         0      
       cpy_tbl.obj                    76     0         0      
       _lock.obj                      20     0         8      
       args_main.obj                  24     0         0      
       copy_decompress_none.obj       14     0         0      
       pre_init.obj                   4      0         0      
       stkdepth_vars.obj              0      0         4      
       mpu_init.obj                   2      0         0      
       startup.obj                    2      0         0      
    +--+------------------------------+------+---------+---------+
       Total:                         812    0         24     
                                                              
       Stack:                         0      0         512    
       Linker Generated:              0      55        0      
    +--+------------------------------+------+---------+---------+
       Grand Total:                   2922   783       592    


LINKER GENERATED COPY TABLES

__TI_cinit_table @ 00000e74 records: 2, size/record: 8, table size: 16
	.data: load addr=00000e48, load size=00000016 bytes, run addr=20000238, run size=00000018 bytes, compression=rle
	.bss: load addr=00000e60, load size=00000009 bytes, run addr=20000200, run size=00000038 bytes, compression=rle


LINKER GENERATED HANDLER TABLE

__TI_handler_table @ 00000e6c records: 2, size/record: 4, table size: 8
	index: 0, handler: __TI_decompress_rle24
	index: 1, handler: __TI_decompress_none


GLOBAL SYMBOLS: SORTED ALPHABETICALLY BY Name 

address   name                           
-------   ----                           
00000cdd  ADCIntStatus                   
00000bc1  C$$EXIT                        
00000d0b  GPIODirModeSet                 
00000641  GPIOPadConfigSet               
00000d95  GPIOPinTypeUART                
00000db5  ResetISR                       
UNDEFED   SHT$$INIT_ARRAY$$Base          
UNDEFED   SHT$$INIT_ARRAY$$Limit         
00000775  SysCtlClockGet                 
00000885  SysCtlClockSet                 
00000dcb  SysCtlDelay                    
00000ca9  SysCtlPeripheralEnable         
00000dc1  UARTCharPut                    
00000c61  UARTConfigSetExpClk            
00000d35  UARTDisable                    
00000d6d  UARTEnable                     
20000200  __STACK_END                    
00000200  __STACK_SIZE                   
20000200  __STACK_TOP                    
00000e74  __TI_CINIT_Base                
00000e84  __TI_CINIT_Limit               
00000e6c  __TI_Handler_Table_Base        
00000e74  __TI_Handler_Table_Limit       
00000a91  __TI_auto_init                 
20000238  __TI_cleanup_ptr               
00000da7  __TI_decompress_none           
00000dd1  __TI_decompress_rle24          
2000023c  __TI_dtors_ptr                 
20000240  __TI_enable_exit_profile_output
ffffffff  __TI_pprof_out_hndl            
ffffffff  __TI_prof_data_size            
ffffffff  __TI_prof_data_start           
00000000  __TI_static_base__             
00000a15  __aeabi_memclr                 
00000a15  __aeabi_memclr4                
00000a15  __aeabi_memclr8                
00000979  __aeabi_memcpy                 
00000979  __aeabi_memcpy4                
00000979  __aeabi_memcpy8                
00000a17  __aeabi_memset                 
00000a17  __aeabi_memset4                
00000a17  __aeabi_memset8                
ffffffff  __binit__                      
ffffffff  __c_args__                     
00000773  __mpu_init                     
20000000  __stack                        
00000d55  _args_main                     
00000b6d  _c_int00                       
20000244  _lock                          
00000d8f  _nop                           
00000d87  _register_lock                 
00000d81  _register_unlock               
00000a8f  _system_post_cinit             
00000dd7  _system_pre_init               
20000248  _unlock                        
00000bc5  abort                          
ffffffff  binit                          
20000220  copy0                          
20000224  copy1                          
00000c15  copy_in                        
20000230  digit0                         
20000231  digit1                         
20000232  digit2                         
20000233  digit3                         
20000234  digit4                         
20000235  digit5                         
20000236  digit6                         
20000237  digit7                         
00000bcd  exit                           
00000000  g_pfnVectors                   
0000027f  main                           
2000024c  main_func_sp                   
00000979  memcpy                         
00000a1d  memset                         
0000026d  uart_char                      
20000200  ui32ADC0Value                  
20000210  ui32ADC1Value                  
20000228  ui32Avg0                       
2000022c  ui32Avg1                       


GLOBAL SYMBOLS: SORTED BY Symbol Address 

address   name                           
-------   ----                           
00000000  __TI_static_base__             
00000000  g_pfnVectors                   
00000200  __STACK_SIZE                   
0000026d  uart_char                      
0000027f  main                           
00000641  GPIOPadConfigSet               
00000773  __mpu_init                     
00000775  SysCtlClockGet                 
00000885  SysCtlClockSet                 
00000979  __aeabi_memcpy                 
00000979  __aeabi_memcpy4                
00000979  __aeabi_memcpy8                
00000979  memcpy                         
00000a15  __aeabi_memclr                 
00000a15  __aeabi_memclr4                
00000a15  __aeabi_memclr8                
00000a17  __aeabi_memset                 
00000a17  __aeabi_memset4                
00000a17  __aeabi_memset8                
00000a1d  memset                         
00000a8f  _system_post_cinit             
00000a91  __TI_auto_init                 
00000b6d  _c_int00                       
00000bc1  C$$EXIT                        
00000bc5  abort                          
00000bcd  exit                           
00000c15  copy_in                        
00000c61  UARTConfigSetExpClk            
00000ca9  SysCtlPeripheralEnable         
00000cdd  ADCIntStatus                   
00000d0b  GPIODirModeSet                 
00000d35  UARTDisable                    
00000d55  _args_main                     
00000d6d  UARTEnable                     
00000d81  _register_unlock               
00000d87  _register_lock                 
00000d8f  _nop                           
00000d95  GPIOPinTypeUART                
00000da7  __TI_decompress_none           
00000db5  ResetISR                       
00000dc1  UARTCharPut                    
00000dcb  SysCtlDelay                    
00000dd1  __TI_decompress_rle24          
00000dd7  _system_pre_init               
00000e6c  __TI_Handler_Table_Base        
00000e74  __TI_CINIT_Base                
00000e74  __TI_Handler_Table_Limit       
00000e84  __TI_CINIT_Limit               
20000000  __stack                        
20000200  __STACK_END                    
20000200  __STACK_TOP                    
20000200  ui32ADC0Value                  
20000210  ui32ADC1Value                  
20000220  copy0                          
20000224  copy1                          
20000228  ui32Avg0                       
2000022c  ui32Avg1                       
20000230  digit0                         
20000231  digit1                         
20000232  digit2                         
20000233  digit3                         
20000234  digit4                         
20000235  digit5                         
20000236  digit6                         
20000237  digit7                         
20000238  __TI_cleanup_ptr               
2000023c  __TI_dtors_ptr                 
20000240  __TI_enable_exit_profile_output
20000244  _lock                          
20000248  _unlock                        
2000024c  main_func_sp                   
ffffffff  __TI_pprof_out_hndl            
ffffffff  __TI_prof_data_size            
ffffffff  __TI_prof_data_start           
ffffffff  __binit__                      
ffffffff  __c_args__                     
ffffffff  binit                          
UNDEFED   SHT$$INIT_ARRAY$$Base          
UNDEFED   SHT$$INIT_ARRAY$$Limit         

[79 symbols]
