******************************************************************************
                  TI ARM Linker Unix v5.2.5                    
******************************************************************************
>> Linked Tue Sep 27 17:37:42 2016

OUTPUT FILE NAME:   <lab5-1.out>
ENTRY POINT SYMBOL: "_c_int00"  address: 00000ae9


MEMORY CONFIGURATION

         name            origin    length      used     unused   attr    fill
----------------------  --------  ---------  --------  --------  ----  --------
  FLASH                 00000000   00040000  00000ee6  0003f11a  R  X
  SRAM                  20000000   00008000  00000618  000079e8  RW X


SEGMENT ALLOCATION MAP

run origin  load origin   length   init length attrs members
----------  ----------- ---------- ----------- ----- -------
00000000    00000000    00000ee8   00000ee8    r-x
  00000000    00000000    0000026c   0000026c    r-- .intvecs
  0000026c    0000026c    00000b0a   00000b0a    r-x .text
  00000d78    00000d78    00000170   00000170    r-- .cinit
20000000    20000000    00000618   00000000    rw-
  20000000    20000000    00000414   00000000    rw- .data
  20000414    20000414    00000200   00000000    rw- .stack
  20000614    20000614    00000004   00000000    rw- .bss


SECTION ALLOCATION MAP

 output                                  attributes/
section   page    origin      length       input sections
--------  ----  ----------  ----------   ----------------
.intvecs   0    00000000    0000026c     
                  00000000    0000026c     tm4c123gh6pm_startup_ccs.obj (.intvecs)

.text      0    0000026c    00000b0a     
                  0000026c    000003ec     main.obj (.text)
                  00000658    00000132     driverlib.lib : gpio.obj (.text:GPIOPadConfigSet)
                  0000078a    00000002     --HOLE-- [fill = 0]
                  0000078c    000000f4                   : sysctl.obj (.text:SysCtlClockSet)
                  00000880    0000009c     rtsv7M4_T_le_v4SPD16_eabi.lib : memcpy_t2.obj (.text)
                  0000091c    0000007a     driverlib.lib : adc.obj (.text:ADCSequenceStepConfigure)
                  00000996    0000007a     rtsv7M4_T_le_v4SPD16_eabi.lib : memset_t2.obj (.text)
                  00000a10    0000006c                                   : autoinit.obj (.text)
                  00000a7c    0000006a                                   : copy_decompress_rle.obj (.text)
                  00000ae6    00000002     --HOLE-- [fill = 0]
                  00000ae8    00000050                                   : boot.obj (.text)
                  00000b38    0000004c                                   : cpy_tbl.obj (.text)
                  00000b84    00000044                                   : exit.obj (.text)
                  00000bc8    0000003e     driverlib.lib : adc.obj (.text:ADCSequenceConfigure)
                  00000c06    00000002     --HOLE-- [fill = 0]
                  00000c08    00000034                   : sysctl.obj (.text:SysCtlPeripheralEnable)
                  00000c3c    0000002e                   : adc.obj (.text:ADCIntStatus)
                  00000c6a    0000002a                   : gpio.obj (.text:GPIODirModeSet)
                  00000c94    0000001e                   : adc.obj (.text:ADCSequenceDataGet)
                  00000cb2    00000018                   : adc.obj (.text:ADCProcessorTrigger)
                  00000cca    00000018                   : gpio.obj (.text:GPIOPinTypeGPIOOutput)
                  00000ce2    00000002     --HOLE-- [fill = 0]
                  00000ce4    00000018     rtsv7M4_T_le_v4SPD16_eabi.lib : args_main.obj (.text)
                  00000cfc    00000014                                   : _lock.obj (.text)
                  00000d10    00000012     driverlib.lib : gpio.obj (.text:GPIOPinTypeADC)
                  00000d22    0000000e                   : adc.obj (.text:ADCSequenceEnable)
                  00000d30    0000000e     rtsv7M4_T_le_v4SPD16_eabi.lib : copy_decompress_none.obj (.text:decompress:none)
                  00000d3e    0000000c                                   : copy_zero_init.obj (.text:decompress:ZI)
                  00000d4a    0000000c     tm4c123gh6pm_startup_ccs.obj (.text)
                  00000d56    0000000a     driverlib.lib : adc.obj (.text:ADCIntClear)
                  00000d60    00000006                   : gpio.obj (.text:GPIOPinWrite)
                  00000d66    00000006                   : sysctl.obj (.text:SysCtlDelay)
                  00000d6c    00000006     rtsv7M4_T_le_v4SPD16_eabi.lib : copy_decompress_rle.obj (.text:decompress:rle24)
                  00000d72    00000004                                   : pre_init.obj (.text)

.cinit     0    00000d78    00000170     
                  00000d78    00000147     (.cinit..data.load) [load image, compression = rle]
                  00000ebf    00000001     --HOLE-- [fill = 0]
                  00000ec0    0000000c     (__TI_handler_table)
                  00000ecc    00000004     --HOLE-- [fill = 0]
                  00000ed0    00000008     (.cinit..bss.load) [load image, compression = zero_init]
                  00000ed8    00000010     (__TI_cinit_table)

.init_array 
*          0    00000000    00000000     UNINITIALIZED

.data      0    20000000    00000414     UNINITIALIZED
                  20000000    00000400     main.obj (.data:mickey)
                  20000400    00000008     rtsv7M4_T_le_v4SPD16_eabi.lib : _lock.obj (.data)
                  20000408    00000008                                   : exit.obj (.data)
                  20000410    00000004                                   : stkdepth_vars.obj (.data)

.bss       0    20000614    00000004     UNINITIALIZED
                  20000614    00000004     (.common:ui32JoyLR)

.TI.persistent 
*          0    20000000    00000000     UNINITIALIZED

.stack     0    20000414    00000200     UNINITIALIZED
                  20000414    00000200     --HOLE--

.TI.noinit 
*          0    20000614    00000000     UNINITIALIZED


LINKER GENERATED COPY TABLES

__TI_cinit_table @ 00000ed8 records: 2, size/record: 8, table size: 16
	.data: load addr=00000d78, load size=00000147 bytes, run addr=20000000, run size=00000414 bytes, compression=rle
	.bss: load addr=00000ed0, load size=00000008 bytes, run addr=20000614, run size=00000004 bytes, compression=zero_init


LINKER GENERATED HANDLER TABLE

__TI_handler_table @ 00000ec0 records: 3, size/record: 4, table size: 12
	index: 0, handler: __TI_decompress_rle24
	index: 1, handler: __TI_decompress_none
	index: 2, handler: __TI_zero_init


GLOBAL SYMBOLS: SORTED ALPHABETICALLY BY Name 

address   name                    
-------   ----                    
00000d57  ADCIntClear             
00000c3d  ADCIntStatus            
00000cb3  ADCProcessorTrigger     
00000bc9  ADCSequenceConfigure    
00000c95  ADCSequenceDataGet      
00000d23  ADCSequenceEnable       
0000091d  ADCSequenceStepConfigure
00000b85  C$$EXIT                 
00000c6b  GPIODirModeSet          
00000659  GPIOPadConfigSet        
00000d11  GPIOPinTypeADC          
00000ccb  GPIOPinTypeGPIOOutput   
00000d61  GPIOPinWrite            
00000d4b  ResetISR                
UNDEFED   SHT$$INIT_ARRAY$$Base   
UNDEFED   SHT$$INIT_ARRAY$$Limit  
0000078d  SysCtlClockSet          
00000d67  SysCtlDelay             
00000c09  SysCtlPeripheralEnable  
20000614  __STACK_END             
00000200  __STACK_SIZE            
20000614  __STACK_TOP             
00000ed8  __TI_CINIT_Base         
00000ee8  __TI_CINIT_Limit        
00000ec0  __TI_Handler_Table_Base 
00000ecc  __TI_Handler_Table_Limit
00000a11  __TI_auto_init          
20000408  __TI_cleanup_ptr        
00000d31  __TI_decompress_none    
00000d6d  __TI_decompress_rle24   
2000040c  __TI_dtors_ptr          
00000000  __TI_static_base__      
00000d3f  __TI_zero_init          
00000997  __aeabi_memclr          
00000997  __aeabi_memclr4         
00000997  __aeabi_memclr8         
00000881  __aeabi_memcpy          
00000881  __aeabi_memcpy4         
00000881  __aeabi_memcpy8         
00000999  __aeabi_memset          
00000999  __aeabi_memset4         
00000999  __aeabi_memset8         
ffffffff  __binit__               
ffffffff  __c_args__              
20000414  __stack                 
00000ce5  _args_main              
00000ae9  _c_int00                
20000400  _lock                   
00000d0b  _nop                    
00000d03  _register_lock          
00000cfd  _register_unlock        
00000d73  _system_pre_init        
20000404  _unlock                 
00000b89  abort                   
000002d5  adc_init                
ffffffff  binit                   
00000b39  copy_in                 
00000537  display_image           
00000b91  exit                    
00000000  g_pfnVectors            
000004dd  glcd_cleardisplay       
0000032b  glcd_cmd                
000003ed  glcd_data               
00000385  glcd_init               
0000048b  glcd_setcolumn          
00000447  glcd_setpage            
000005c9  main                    
20000410  main_func_sp            
00000881  memcpy                  
0000099f  memset                  
20000000  mickey                  
0000026d  setup                   
20000614  ui32JoyLR               


GLOBAL SYMBOLS: SORTED BY Symbol Address 

address   name                    
-------   ----                    
00000000  __TI_static_base__      
00000000  g_pfnVectors            
00000200  __STACK_SIZE            
0000026d  setup                   
000002d5  adc_init                
0000032b  glcd_cmd                
00000385  glcd_init               
000003ed  glcd_data               
00000447  glcd_setpage            
0000048b  glcd_setcolumn          
000004dd  glcd_cleardisplay       
00000537  display_image           
000005c9  main                    
00000659  GPIOPadConfigSet        
0000078d  SysCtlClockSet          
00000881  __aeabi_memcpy          
00000881  __aeabi_memcpy4         
00000881  __aeabi_memcpy8         
00000881  memcpy                  
0000091d  ADCSequenceStepConfigure
00000997  __aeabi_memclr          
00000997  __aeabi_memclr4         
00000997  __aeabi_memclr8         
00000999  __aeabi_memset          
00000999  __aeabi_memset4         
00000999  __aeabi_memset8         
0000099f  memset                  
00000a11  __TI_auto_init          
00000ae9  _c_int00                
00000b39  copy_in                 
00000b85  C$$EXIT                 
00000b89  abort                   
00000b91  exit                    
00000bc9  ADCSequenceConfigure    
00000c09  SysCtlPeripheralEnable  
00000c3d  ADCIntStatus            
00000c6b  GPIODirModeSet          
00000c95  ADCSequenceDataGet      
00000cb3  ADCProcessorTrigger     
00000ccb  GPIOPinTypeGPIOOutput   
00000ce5  _args_main              
00000cfd  _register_unlock        
00000d03  _register_lock          
00000d0b  _nop                    
00000d11  GPIOPinTypeADC          
00000d23  ADCSequenceEnable       
00000d31  __TI_decompress_none    
00000d3f  __TI_zero_init          
00000d4b  ResetISR                
00000d57  ADCIntClear             
00000d61  GPIOPinWrite            
00000d67  SysCtlDelay             
00000d6d  __TI_decompress_rle24   
00000d73  _system_pre_init        
00000ec0  __TI_Handler_Table_Base 
00000ecc  __TI_Handler_Table_Limit
00000ed8  __TI_CINIT_Base         
00000ee8  __TI_CINIT_Limit        
20000000  mickey                  
20000400  _lock                   
20000404  _unlock                 
20000408  __TI_cleanup_ptr        
2000040c  __TI_dtors_ptr          
20000410  main_func_sp            
20000414  __stack                 
20000614  __STACK_END             
20000614  __STACK_TOP             
20000614  ui32JoyLR               
ffffffff  __binit__               
ffffffff  __c_args__              
ffffffff  binit                   
UNDEFED   SHT$$INIT_ARRAY$$Base   
UNDEFED   SHT$$INIT_ARRAY$$Limit  

[73 symbols]
