******************************************************************************
                  TI ARM Linker Unix v5.2.5                    
******************************************************************************
>> Linked Wed Aug 10 16:03:19 2016

OUTPUT FILE NAME:   <Lab2.out>
ENTRY POINT SYMBOL: "_c_int00"  address: 00000aa5


MEMORY CONFIGURATION

         name            origin    length      used     unused   attr    fill
----------------------  --------  ---------  --------  --------  ----  --------
  FLASH                 00000000   00040000  00000de0  0003f220  R  X
  SRAM                  20000000   00008000  00000224  00007ddc  RW X


SEGMENT ALLOCATION MAP

run origin  load origin   length   init length attrs members
----------  ----------- ---------- ----------- ----- -------
00000000    00000000    00000de0   00000de0    r-x
  00000000    00000000    0000026c   0000026c    r-- .intvecs
  0000026c    0000026c    00000a58   00000a58    r-x .text
  00000cc4    00000cc4    000000dc   000000dc    r-- .const
  00000da0    00000da0    00000040   00000040    r-- .cinit
20000000    20000000    00000224   00000000    rw-
  20000000    20000000    00000200   00000000    rw- .stack
  20000200    20000200    00000020   00000000    rw- .data
  20000220    20000220    00000004   00000000    rw- .bss


SECTION ALLOCATION MAP

 output                                  attributes/
section   page    origin      length       input sections
--------  ----  ----------  ----------   ----------------
.intvecs   0    00000000    0000026c     
                  00000000    0000026c     tm4c123gh6pm_startup_ccs.obj (.intvecs)

.text      0    0000026c    00000a58     
                  0000026c    00000248     main.obj (.text)
                  000004b4    00000132     driverlib.lib : gpio.obj (.text:GPIOPadConfigSet)
                  000005e6    00000002     --HOLE-- [fill = 0]
                  000005e8    00000110                   : sysctl.obj (.text:SysCtlClockGet)
                  000006f8    000000f4                   : sysctl.obj (.text:SysCtlClockSet)
                  000007ec    0000009c     rtsv7M4_T_le_v4SPD16_eabi.lib : memcpy_t2.obj (.text)
                  00000888    0000007a                                   : memset_t2.obj (.text)
                  00000902    00000002     --HOLE-- [fill = 0]
                  00000904    0000006c                                   : autoinit.obj (.text)
                  00000970    0000006a                                   : copy_decompress_rle.obj (.text)
                  000009da    00000002     --HOLE-- [fill = 0]
                  000009dc    00000068     driverlib.lib : interrupt.obj (.text:IntEnable)
                  00000a44    00000060                   : timer.obj (.text:TimerConfigure)
                  00000aa4    00000050     rtsv7M4_T_le_v4SPD16_eabi.lib : boot.obj (.text)
                  00000af4    0000004c                                   : cpy_tbl.obj (.text)
                  00000b40    00000044                                   : exit.obj (.text)
                  00000b84    00000034     driverlib.lib : sysctl.obj (.text:SysCtlPeripheralEnable)
                  00000bb8    0000002a                   : gpio.obj (.text:GPIODirModeSet)
                  00000be2    00000018                   : gpio.obj (.text:GPIOPinTypeGPIOOutput)
                  00000bfa    00000002     --HOLE-- [fill = 0]
                  00000bfc    00000018     rtsv7M4_T_le_v4SPD16_eabi.lib : args_main.obj (.text)
                  00000c14    00000014                                   : _lock.obj (.text)
                  00000c28    00000012     driverlib.lib : gpio.obj (.text:GPIOPinTypeGPIOInput)
                  00000c3a    00000012                   : timer.obj (.text:TimerLoadSet)
                  00000c4c    00000010                   : interrupt.obj (.text:IntMasterEnable)
                  00000c5c    0000000e                   : timer.obj (.text:TimerEnable)
                  00000c6a    0000000e     rtsv7M4_T_le_v4SPD16_eabi.lib : copy_decompress_none.obj (.text:decompress:none)
                  00000c78    0000000c     driverlib.lib : cpu.obj (.text:CPUcpsie)
                  00000c84    0000000c     rtsv7M4_T_le_v4SPD16_eabi.lib : copy_zero_init.obj (.text:decompress:ZI)
                  00000c90    0000000c     tm4c123gh6pm_startup_ccs.obj (.text)
                  00000c9c    00000008     driverlib.lib : timer.obj (.text:TimerIntEnable)
                  00000ca4    00000006                   : gpio.obj (.text:GPIOPinRead)
                  00000caa    00000006                   : gpio.obj (.text:GPIOPinWrite)
                  00000cb0    00000006                   : sysctl.obj (.text:SysCtlDelay)
                  00000cb6    00000006     rtsv7M4_T_le_v4SPD16_eabi.lib : copy_decompress_rle.obj (.text:decompress:rle24)
                  00000cbc    00000004     driverlib.lib : timer.obj (.text:TimerIntClear)
                  00000cc0    00000004     rtsv7M4_T_le_v4SPD16_eabi.lib : pre_init.obj (.text)

.const     0    00000cc4    000000dc     
                  00000cc4    00000070     driverlib.lib : interrupt.obj (.const)
                  00000d34    0000006c                   : sysctl.obj (.const:g_pui32Xtals)

.cinit     0    00000da0    00000040     
                  00000da0    0000001a     (.cinit..data.load) [load image, compression = rle]
                  00000dba    00000002     --HOLE-- [fill = 0]
                  00000dbc    0000000c     (__TI_handler_table)
                  00000dc8    00000008     (.cinit..bss.load) [load image, compression = zero_init]
                  00000dd0    00000010     (__TI_cinit_table)

.init_array 
*          0    00000000    00000000     UNINITIALIZED

.data      0    20000200    00000020     UNINITIALIZED
                  20000200    0000000b     main.obj (.data)
                  2000020b    00000001     --HOLE--
                  2000020c    00000008     rtsv7M4_T_le_v4SPD16_eabi.lib : _lock.obj (.data)
                  20000214    00000008                                   : exit.obj (.data)
                  2000021c    00000004                                   : stkdepth_vars.obj (.data)

.bss       0    20000220    00000004     UNINITIALIZED
                  20000220    00000004     (.common:ui32Period)

.stack     0    20000000    00000200     UNINITIALIZED
                  20000000    00000200     --HOLE--

.TI.persistent 
*          0    20000200    00000000     UNINITIALIZED

.TI.noinit 
*          0    20000220    00000000     UNINITIALIZED


LINKER GENERATED COPY TABLES

__TI_cinit_table @ 00000dd0 records: 2, size/record: 8, table size: 16
	.data: load addr=00000da0, load size=0000001a bytes, run addr=20000200, run size=00000020 bytes, compression=rle
	.bss: load addr=00000dc8, load size=00000008 bytes, run addr=20000220, run size=00000004 bytes, compression=zero_init


LINKER GENERATED HANDLER TABLE

__TI_handler_table @ 00000dbc records: 3, size/record: 4, table size: 12
	index: 0, handler: __TI_decompress_rle24
	index: 1, handler: __TI_decompress_none
	index: 2, handler: __TI_zero_init


GLOBAL SYMBOLS: SORTED ALPHABETICALLY BY Name 

address   name                    
-------   ----                    
00000b41  C$$EXIT                 
00000c79  CPUcpsie                
00000bb9  GPIODirModeSet          
000004b5  GPIOPadConfigSet        
00000ca5  GPIOPinRead             
00000c29  GPIOPinTypeGPIOInput    
00000be3  GPIOPinTypeGPIOOutput   
00000cab  GPIOPinWrite            
000009dd  IntEnable               
00000c4d  IntMasterEnable         
00000c91  ResetISR                
UNDEFED   SHT$$INIT_ARRAY$$Base   
UNDEFED   SHT$$INIT_ARRAY$$Limit  
000005e9  SysCtlClockGet          
000006f9  SysCtlClockSet          
00000cb1  SysCtlDelay             
00000b85  SysCtlPeripheralEnable  
00000465  Timer0IntHandler        
00000a45  TimerConfigure          
00000c5d  TimerEnable             
00000cbd  TimerIntClear           
00000c9d  TimerIntEnable          
00000c3b  TimerLoadSet            
20000200  __STACK_END             
00000200  __STACK_SIZE            
20000200  __STACK_TOP             
00000dd0  __TI_CINIT_Base         
00000de0  __TI_CINIT_Limit        
00000dbc  __TI_Handler_Table_Base 
00000dc8  __TI_Handler_Table_Limit
00000905  __TI_auto_init          
20000214  __TI_cleanup_ptr        
00000c6b  __TI_decompress_none    
00000cb7  __TI_decompress_rle24   
20000218  __TI_dtors_ptr          
00000000  __TI_static_base__      
00000c85  __TI_zero_init          
00000889  __aeabi_memclr          
00000889  __aeabi_memclr4         
00000889  __aeabi_memclr8         
000007ed  __aeabi_memcpy          
000007ed  __aeabi_memcpy4         
000007ed  __aeabi_memcpy8         
0000088b  __aeabi_memset          
0000088b  __aeabi_memset4         
0000088b  __aeabi_memset8         
ffffffff  __binit__               
ffffffff  __c_args__              
20000000  __stack                 
00000bfd  _args_main              
00000aa5  _c_int00                
2000020c  _lock                   
00000c23  _nop                    
00000c1b  _register_lock          
00000c15  _register_unlock        
00000cc1  _system_pre_init        
20000210  _unlock                 
00000b45  abort                   
ffffffff  binit                   
00000af5  copy_in                 
00000b4d  exit                    
00000000  g_pfnVectors            
0000027d  led_pin_config          
00000445  main                    
2000021c  main_func_sp            
000007ed  memcpy                  
00000891  memset                  
0000026d  setup                   
20000209  state_sw1               
2000020a  state_sw2               
20000200  sw1_count               
20000201  sw2_count               
20000204  sw2_count_total         
0000031d  switch1Functionality    
000003bb  switch2Functionality    
00000289  switchPinConfig         
000002d5  timer0Config            
20000220  ui32Period              
20000208  ui8LED                  


GLOBAL SYMBOLS: SORTED BY Symbol Address 

address   name                    
-------   ----                    
00000000  __TI_static_base__      
00000000  g_pfnVectors            
00000200  __STACK_SIZE            
0000026d  setup                   
0000027d  led_pin_config          
00000289  switchPinConfig         
000002d5  timer0Config            
0000031d  switch1Functionality    
000003bb  switch2Functionality    
00000445  main                    
00000465  Timer0IntHandler        
000004b5  GPIOPadConfigSet        
000005e9  SysCtlClockGet          
000006f9  SysCtlClockSet          
000007ed  __aeabi_memcpy          
000007ed  __aeabi_memcpy4         
000007ed  __aeabi_memcpy8         
000007ed  memcpy                  
00000889  __aeabi_memclr          
00000889  __aeabi_memclr4         
00000889  __aeabi_memclr8         
0000088b  __aeabi_memset          
0000088b  __aeabi_memset4         
0000088b  __aeabi_memset8         
00000891  memset                  
00000905  __TI_auto_init          
000009dd  IntEnable               
00000a45  TimerConfigure          
00000aa5  _c_int00                
00000af5  copy_in                 
00000b41  C$$EXIT                 
00000b45  abort                   
00000b4d  exit                    
00000b85  SysCtlPeripheralEnable  
00000bb9  GPIODirModeSet          
00000be3  GPIOPinTypeGPIOOutput   
00000bfd  _args_main              
00000c15  _register_unlock        
00000c1b  _register_lock          
00000c23  _nop                    
00000c29  GPIOPinTypeGPIOInput    
00000c3b  TimerLoadSet            
00000c4d  IntMasterEnable         
00000c5d  TimerEnable             
00000c6b  __TI_decompress_none    
00000c79  CPUcpsie                
00000c85  __TI_zero_init          
00000c91  ResetISR                
00000c9d  TimerIntEnable          
00000ca5  GPIOPinRead             
00000cab  GPIOPinWrite            
00000cb1  SysCtlDelay             
00000cb7  __TI_decompress_rle24   
00000cbd  TimerIntClear           
00000cc1  _system_pre_init        
00000dbc  __TI_Handler_Table_Base 
00000dc8  __TI_Handler_Table_Limit
00000dd0  __TI_CINIT_Base         
00000de0  __TI_CINIT_Limit        
20000000  __stack                 
20000200  __STACK_END             
20000200  __STACK_TOP             
20000200  sw1_count               
20000201  sw2_count               
20000204  sw2_count_total         
20000208  ui8LED                  
20000209  state_sw1               
2000020a  state_sw2               
2000020c  _lock                   
20000210  _unlock                 
20000214  __TI_cleanup_ptr        
20000218  __TI_dtors_ptr          
2000021c  main_func_sp            
20000220  ui32Period              
ffffffff  __binit__               
ffffffff  __c_args__              
ffffffff  binit                   
UNDEFED   SHT$$INIT_ARRAY$$Base   
UNDEFED   SHT$$INIT_ARRAY$$Limit  

[79 symbols]
