******************************************************************************
                  TI ARM Linker Unix v5.2.5                    
******************************************************************************
>> Linked Tue Sep 27 16:15:04 2016

OUTPUT FILE NAME:   <lab5-3.out>
ENTRY POINT SYMBOL: "_c_int00"  address: 00000bd9


MEMORY CONFIGURATION

         name            origin    length      used     unused   attr    fill
----------------------  --------  ---------  --------  --------  ----  --------
  FLASH                 00000000   00040000  00000e9e  0003f162  R  X
  SRAM                  20000000   00008000  00000224  00007ddc  RW X


SEGMENT ALLOCATION MAP

run origin  load origin   length   init length attrs members
----------  ----------- ---------- ----------- ----- -------
00000000    00000000    00000ea0   00000ea0    r-x
  00000000    00000000    0000026c   0000026c    r-- .intvecs
  0000026c    0000026c    00000bfa   00000bfa    r-x .text
  00000e68    00000e68    00000038   00000038    r-- .cinit
20000000    20000000    00000224   00000000    rw-
  20000000    20000000    00000200   00000000    rw- .stack
  20000200    20000200    00000014   00000000    rw- .data
  20000214    20000214    00000010   00000000    rw- .bss


SECTION ALLOCATION MAP

 output                                  attributes/
section   page    origin      length       input sections
--------  ----  ----------  ----------   ----------------
.intvecs   0    00000000    0000026c     
                  00000000    0000026c     tm4c123gh6pm_startup_ccs.obj (.intvecs)

.text      0    0000026c    00000bfa     
                  0000026c    000004dc     main.obj (.text)
                  00000748    00000132     driverlib.lib : gpio.obj (.text:GPIOPadConfigSet)
                  0000087a    00000002     --HOLE-- [fill = 0]
                  0000087c    000000f4                   : sysctl.obj (.text:SysCtlClockSet)
                  00000970    0000009c     rtsv7M4_T_le_v4SPD16_eabi.lib : memcpy_t2.obj (.text)
                  00000a0c    0000007a     driverlib.lib : adc.obj (.text:ADCSequenceStepConfigure)
                  00000a86    0000007a     rtsv7M4_T_le_v4SPD16_eabi.lib : memset_t2.obj (.text)
                  00000b00    0000006c                                   : autoinit.obj (.text)
                  00000b6c    0000006a                                   : copy_decompress_rle.obj (.text)
                  00000bd6    00000002     --HOLE-- [fill = 0]
                  00000bd8    00000050                                   : boot.obj (.text)
                  00000c28    0000004c                                   : cpy_tbl.obj (.text)
                  00000c74    00000044                                   : exit.obj (.text)
                  00000cb8    0000003e     driverlib.lib : adc.obj (.text:ADCSequenceConfigure)
                  00000cf6    00000002     --HOLE-- [fill = 0]
                  00000cf8    00000034                   : sysctl.obj (.text:SysCtlPeripheralEnable)
                  00000d2c    0000002e                   : adc.obj (.text:ADCIntStatus)
                  00000d5a    0000002a                   : gpio.obj (.text:GPIODirModeSet)
                  00000d84    0000001e                   : adc.obj (.text:ADCSequenceDataGet)
                  00000da2    00000018                   : adc.obj (.text:ADCProcessorTrigger)
                  00000dba    00000018                   : gpio.obj (.text:GPIOPinTypeGPIOOutput)
                  00000dd2    00000002     --HOLE-- [fill = 0]
                  00000dd4    00000018     rtsv7M4_T_le_v4SPD16_eabi.lib : args_main.obj (.text)
                  00000dec    00000014                                   : _lock.obj (.text)
                  00000e00    00000012     driverlib.lib : gpio.obj (.text:GPIOPinTypeADC)
                  00000e12    0000000e                   : adc.obj (.text:ADCSequenceEnable)
                  00000e20    0000000e     rtsv7M4_T_le_v4SPD16_eabi.lib : copy_decompress_none.obj (.text:decompress:none)
                  00000e2e    0000000c                                   : copy_zero_init.obj (.text:decompress:ZI)
                  00000e3a    0000000c     tm4c123gh6pm_startup_ccs.obj (.text)
                  00000e46    0000000a     driverlib.lib : adc.obj (.text:ADCIntClear)
                  00000e50    00000006                   : gpio.obj (.text:GPIOPinWrite)
                  00000e56    00000006                   : sysctl.obj (.text:SysCtlDelay)
                  00000e5c    00000006     rtsv7M4_T_le_v4SPD16_eabi.lib : copy_decompress_rle.obj (.text:decompress:rle24)
                  00000e62    00000004                                   : pre_init.obj (.text)

.cinit     0    00000e68    00000038     
                  00000e68    0000000f     (.cinit..data.load) [load image, compression = rle]
                  00000e77    00000001     --HOLE-- [fill = 0]
                  00000e78    0000000c     (__TI_handler_table)
                  00000e84    00000004     --HOLE-- [fill = 0]
                  00000e88    00000008     (.cinit..bss.load) [load image, compression = zero_init]
                  00000e90    00000010     (__TI_cinit_table)

.init_array 
*          0    00000000    00000000     UNINITIALIZED

.data      0    20000200    00000014     UNINITIALIZED
                  20000200    00000008     rtsv7M4_T_le_v4SPD16_eabi.lib : _lock.obj (.data)
                  20000208    00000008                                   : exit.obj (.data)
                  20000210    00000004                                   : stkdepth_vars.obj (.data)

.bss       0    20000214    00000010     UNINITIALIZED
                  20000214    00000004     (.common:center_x)
                  20000218    00000004     (.common:center_y)
                  2000021c    00000004     (.common:ui32JoyLR)
                  20000220    00000004     (.common:ui32JoyUD)

.stack     0    20000000    00000200     UNINITIALIZED
                  20000000    00000200     --HOLE--

.TI.persistent 
*          0    20000200    00000000     UNINITIALIZED

.TI.noinit 
*          0    20000214    00000000     UNINITIALIZED


LINKER GENERATED COPY TABLES

__TI_cinit_table @ 00000e90 records: 2, size/record: 8, table size: 16
	.data: load addr=00000e68, load size=0000000f bytes, run addr=20000200, run size=00000014 bytes, compression=rle
	.bss: load addr=00000e88, load size=00000008 bytes, run addr=20000214, run size=00000010 bytes, compression=zero_init


LINKER GENERATED HANDLER TABLE

__TI_handler_table @ 00000e78 records: 3, size/record: 4, table size: 12
	index: 0, handler: __TI_decompress_rle24
	index: 1, handler: __TI_decompress_none
	index: 2, handler: __TI_zero_init


GLOBAL SYMBOLS: SORTED ALPHABETICALLY BY Name 

address   name                    
-------   ----                    
00000e47  ADCIntClear             
00000d2d  ADCIntStatus            
00000da3  ADCProcessorTrigger     
00000cb9  ADCSequenceConfigure    
00000d85  ADCSequenceDataGet      
00000e13  ADCSequenceEnable       
00000a0d  ADCSequenceStepConfigure
00000c75  C$$EXIT                 
00000d5b  GPIODirModeSet          
00000749  GPIOPadConfigSet        
00000e01  GPIOPinTypeADC          
00000dbb  GPIOPinTypeGPIOOutput   
00000e51  GPIOPinWrite            
00000e3b  ResetISR                
UNDEFED   SHT$$INIT_ARRAY$$Base   
UNDEFED   SHT$$INIT_ARRAY$$Limit  
0000087d  SysCtlClockSet          
00000e57  SysCtlDelay             
00000cf9  SysCtlPeripheralEnable  
20000200  __STACK_END             
00000200  __STACK_SIZE            
20000200  __STACK_TOP             
00000e90  __TI_CINIT_Base         
00000ea0  __TI_CINIT_Limit        
00000e78  __TI_Handler_Table_Base 
00000e84  __TI_Handler_Table_Limit
00000b01  __TI_auto_init          
20000208  __TI_cleanup_ptr        
00000e21  __TI_decompress_none    
00000e5d  __TI_decompress_rle24   
2000020c  __TI_dtors_ptr          
00000000  __TI_static_base__      
00000e2f  __TI_zero_init          
00000a87  __aeabi_memclr          
00000a87  __aeabi_memclr4         
00000a87  __aeabi_memclr8         
00000971  __aeabi_memcpy          
00000971  __aeabi_memcpy4         
00000971  __aeabi_memcpy8         
00000a89  __aeabi_memset          
00000a89  __aeabi_memset4         
00000a89  __aeabi_memset8         
ffffffff  __binit__               
ffffffff  __c_args__              
20000000  __stack                 
00000dd5  _args_main              
00000bd9  _c_int00                
20000200  _lock                   
00000dfb  _nop                    
00000df3  _register_lock          
00000ded  _register_unlock        
00000e63  _system_pre_init        
20000204  _unlock                 
00000c79  abort                   
000002d5  adc_init                
ffffffff  binit                   
20000214  center_x                
20000218  center_y                
00000c29  copy_in                 
00000579  displaysquare           
00000c81  exit                    
00000000  g_pfnVectors            
000004dd  glcd_cleardisplay       
0000032b  glcd_cmd                
000003ed  glcd_data               
00000385  glcd_init               
0000048b  glcd_setcolumn          
00000447  glcd_setpage            
000006d5  main                    
20000210  main_func_sp            
00000971  memcpy                  
00000a8f  memset                  
0000026d  setup                   
2000021c  ui32JoyLR               
20000220  ui32JoyUD               


GLOBAL SYMBOLS: SORTED BY Symbol Address 

address   name                    
-------   ----                    
00000000  __TI_static_base__      
00000000  g_pfnVectors            
00000200  __STACK_SIZE            
0000026d  setup                   
000002d5  adc_init                
0000032b  glcd_cmd                
00000385  glcd_init               
000003ed  glcd_data               
00000447  glcd_setpage            
0000048b  glcd_setcolumn          
000004dd  glcd_cleardisplay       
00000579  displaysquare           
000006d5  main                    
00000749  GPIOPadConfigSet        
0000087d  SysCtlClockSet          
00000971  __aeabi_memcpy          
00000971  __aeabi_memcpy4         
00000971  __aeabi_memcpy8         
00000971  memcpy                  
00000a0d  ADCSequenceStepConfigure
00000a87  __aeabi_memclr          
00000a87  __aeabi_memclr4         
00000a87  __aeabi_memclr8         
00000a89  __aeabi_memset          
00000a89  __aeabi_memset4         
00000a89  __aeabi_memset8         
00000a8f  memset                  
00000b01  __TI_auto_init          
00000bd9  _c_int00                
00000c29  copy_in                 
00000c75  C$$EXIT                 
00000c79  abort                   
00000c81  exit                    
00000cb9  ADCSequenceConfigure    
00000cf9  SysCtlPeripheralEnable  
00000d2d  ADCIntStatus            
00000d5b  GPIODirModeSet          
00000d85  ADCSequenceDataGet      
00000da3  ADCProcessorTrigger     
00000dbb  GPIOPinTypeGPIOOutput   
00000dd5  _args_main              
00000ded  _register_unlock        
00000df3  _register_lock          
00000dfb  _nop                    
00000e01  GPIOPinTypeADC          
00000e13  ADCSequenceEnable       
00000e21  __TI_decompress_none    
00000e2f  __TI_zero_init          
00000e3b  ResetISR                
00000e47  ADCIntClear             
00000e51  GPIOPinWrite            
00000e57  SysCtlDelay             
00000e5d  __TI_decompress_rle24   
00000e63  _system_pre_init        
00000e78  __TI_Handler_Table_Base 
00000e84  __TI_Handler_Table_Limit
00000e90  __TI_CINIT_Base         
00000ea0  __TI_CINIT_Limit        
20000000  __stack                 
20000200  __STACK_END             
20000200  __STACK_TOP             
20000200  _lock                   
20000204  _unlock                 
20000208  __TI_cleanup_ptr        
2000020c  __TI_dtors_ptr          
20000210  main_func_sp            
20000214  center_x                
20000218  center_y                
2000021c  ui32JoyLR               
20000220  ui32JoyUD               
ffffffff  __binit__               
ffffffff  __c_args__              
ffffffff  binit                   
UNDEFED   SHT$$INIT_ARRAY$$Base   
UNDEFED   SHT$$INIT_ARRAY$$Limit  

[75 symbols]
