******************************************************************************
                  TI ARM Linker Unix v15.12.1                  
******************************************************************************
>> Linked Tue Aug 23 14:00:49 2016

OUTPUT FILE NAME:   <Lab3-1.out>
ENTRY POINT SYMBOL: "_c_int00"  address: 00000ab1


MEMORY CONFIGURATION

         name            origin    length      used     unused   attr    fill
----------------------  --------  ---------  --------  --------  ----  --------
  FLASH                 00000000   00040000  00000eb0  0003f150  R  X
  SRAM                  20000000   00008000  00000490  00007b70  RW X


SEGMENT ALLOCATION MAP

run origin  load origin   length   init length attrs members
----------  ----------- ---------- ----------- ----- -------
00000000    00000000    00000eb4   00000eb4    r-x
  00000000    00000000    0000026c   0000026c    r-- .intvecs
  0000026c    0000026c    00000b04   00000b04    r-x .text
  00000d70    00000d70    000000fc   000000fc    r-- .const
  00000e70    00000e70    00000044   00000044    r-- .cinit
20000000    20000000    00000490   00000000    rw-
  20000000    20000000    0000026c   00000000    rw- .vtable
  2000026c    2000026c    00000200   00000000    rw- .stack
  2000046c    2000046c    00000024   00000000    rw- .data


SECTION ALLOCATION MAP

 output                                  attributes/
section   page    origin      length       input sections
--------  ----  ----------  ----------   ----------------
.intvecs   0    00000000    0000026c     
                  00000000    0000026c     tm4c123gh6pm_startup_ccs.obj (.intvecs)

.text      0    0000026c    00000b04     
                  0000026c    000002b8     main.obj (.text)
                  00000524    00000132     driverlib.lib : gpio.obj (.text:GPIOPadConfigSet)
                  00000656    00000002     rtsv7M4_T_le_v4SPD16_eabi.lib : mpu_init.obj (.text)
                  00000658    00000110     driverlib.lib : sysctl.obj (.text:SysCtlClockGet)
                  00000768    000000f4                   : sysctl.obj (.text:SysCtlClockSet)
                  0000085c    0000009c     rtsv7M4_T_le_v4SPD16_eabi.lib : memcpy_t2.obj (.text)
                  000008f8    0000007a                                   : memset_t2.obj (.text)
                  00000972    00000002                                   : startup.obj (.text)
                  00000974    00000070                                   : autoinit.obj (.text)
                  000009e4    0000006a                                   : copy_decompress_rle.obj (.text)
                  00000a4e    00000002     --HOLE-- [fill = 0]
                  00000a50    00000060     driverlib.lib : timer.obj (.text:TimerConfigure)
                  00000ab0    00000054     rtsv7M4_T_le_v4SPD16_eabi.lib : boot.obj (.text)
                  00000b04    00000054                                   : exit.obj (.text)
                  00000b58    0000004c                                   : cpy_tbl.obj (.text)
                  00000ba4    00000048     driverlib.lib : gpio.obj (.text:GPIOPinConfigure)
                  00000bec    00000034                   : interrupt.obj (.text:IntRegister)
                  00000c20    00000034                   : sysctl.obj (.text:SysCtlPeripheralEnable)
                  00000c54    0000002a                   : gpio.obj (.text:GPIODirModeSet)
                  00000c7e    00000002     --HOLE-- [fill = 0]
                  00000c80    0000001c                   : systick.obj (.text:SysTickIntRegister)
                  00000c9c    00000018     rtsv7M4_T_le_v4SPD16_eabi.lib : args_main.obj (.text)
                  00000cb4    00000014     driverlib.lib : systick.obj (.text:SysTickEnable)
                  00000cc8    00000014                   : systick.obj (.text:SysTickIntEnable)
                  00000cdc    00000014     rtsv7M4_T_le_v4SPD16_eabi.lib : _lock.obj (.text)
                  00000cf0    00000012     driverlib.lib : gpio.obj (.text:GPIOPinTypeTimer)
                  00000d02    00000012                   : timer.obj (.text:TimerLoadSet)
                  00000d14    00000012                   : timer.obj (.text:TimerMatchSet)
                  00000d26    00000002     --HOLE-- [fill = 0]
                  00000d28    00000010                   : systick.obj (.text:SysTickPeriodSet)
                  00000d38    0000000e                   : timer.obj (.text:TimerEnable)
                  00000d46    0000000e     rtsv7M4_T_le_v4SPD16_eabi.lib : copy_decompress_none.obj (.text:decompress:none)
                  00000d54    0000000c     tm4c123gh6pm_startup_ccs.obj (.text)
                  00000d60    00000006     driverlib.lib : sysctl.obj (.text:SysCtlDelay)
                  00000d66    00000006     rtsv7M4_T_le_v4SPD16_eabi.lib : copy_decompress_rle.obj (.text:decompress:rle24)
                  00000d6c    00000004                                   : pre_init.obj (.text)

.const     0    00000d70    000000fc     
                  00000d70    00000090     driverlib.lib : gpio.obj (.const:g_pui32GPIOBaseAddrs)
                  00000e00    0000006c                   : sysctl.obj (.const:g_pui32Xtals)

.cinit     0    00000e70    00000044     
                  00000e70    0000001e     (.cinit..data.load) [load image, compression = rle]
                  00000e8e    00000002     --HOLE-- [fill = 0]
                  00000e90    0000000b     (.cinit..vtable.load) [load image, compression = rle]
                  00000e9b    00000001     --HOLE-- [fill = 0]
                  00000e9c    00000008     (__TI_handler_table)
                  00000ea4    00000010     (__TI_cinit_table)

.init_array 
*          0    00000000    00000000     UNINITIALIZED

.vtable    0    20000000    0000026c     UNINITIALIZED
                  20000000    0000026c     driverlib.lib : interrupt.obj (.vtable)

.data      0    2000046c    00000024     UNINITIALIZED
                  2000046c    0000000c     rtsv7M4_T_le_v4SPD16_eabi.lib : exit.obj (.data:$O1$$)
                  20000478    0000000c     main.obj (.data)
                  20000484    00000008     rtsv7M4_T_le_v4SPD16_eabi.lib : _lock.obj (.data:$O1$$)
                  2000048c    00000004                                   : stkdepth_vars.obj (.data)

.stack     0    2000026c    00000200     UNINITIALIZED
                  2000026c    00000200     --HOLE--

MODULE SUMMARY

       Module                         code   ro data   rw data
       ------                         ----   -------   -------
    ./
       main.obj                       696    0         12     
       tm4c123gh6pm_startup_ccs.obj   12     620       0      
    +--+------------------------------+------+---------+---------+
       Total:                         708    620       12     
                                                              
    /opt/ti/TivaWare_C_Series-2.1.2.111/driverlib/ccs/Debug/driverlib.lib
       sysctl.obj                     574    108       0      
       interrupt.obj                  52     0         620    
       gpio.obj                       438    144       0      
       timer.obj                      146    0         0      
       systick.obj                    84     0         0      
    +--+------------------------------+------+---------+---------+
       Total:                         1294   252       620    
                                                              
    /opt/ti/ccsv6/tools/compiler/ti-cgt-arm_15.12.1.LTS/lib/rtsv7M4_T_le_v4SPD16_eabi.lib
       memcpy_t2.obj                  156    0         0      
       memset_t2.obj                  122    0         0      
       autoinit.obj                   112    0         0      
       copy_decompress_rle.obj        112    0         0      
       exit.obj                       84     0         12     
       boot.obj                       84     0         0      
       cpy_tbl.obj                    76     0         0      
       _lock.obj                      20     0         8      
       args_main.obj                  24     0         0      
       copy_decompress_none.obj       14     0         0      
       pre_init.obj                   4      0         0      
       stkdepth_vars.obj              0      0         4      
       mpu_init.obj                   2      0         0      
       startup.obj                    2      0         0      
    +--+------------------------------+------+---------+---------+
       Total:                         812    0         24     
                                                              
       Stack:                         0      0         512    
       Linker Generated:              0      65        0      
    +--+------------------------------+------+---------+---------+
       Grand Total:                   2814   937       1168   


LINKER GENERATED COPY TABLES

__TI_cinit_table @ 00000ea4 records: 2, size/record: 8, table size: 16
	.data: load addr=00000e70, load size=0000001e bytes, run addr=2000046c, run size=00000024 bytes, compression=rle
	.vtable: load addr=00000e90, load size=0000000b bytes, run addr=20000000, run size=0000026c bytes, compression=rle


LINKER GENERATED HANDLER TABLE

__TI_handler_table @ 00000e9c records: 2, size/record: 4, table size: 8
	index: 0, handler: __TI_decompress_rle24
	index: 1, handler: __TI_decompress_none


GLOBAL SYMBOLS: SORTED ALPHABETICALLY BY Name 

address   name                           
-------   ----                           
00000b05  C$$EXIT                        
00000c55  GPIODirModeSet                 
00000525  GPIOPadConfigSet               
00000ba5  GPIOPinConfigure               
00000cf1  GPIOPinTypeTimer               
00000bed  IntRegister                    
00000d55  ResetISR                       
UNDEFED   SHT$$INIT_ARRAY$$Base          
UNDEFED   SHT$$INIT_ARRAY$$Limit         
0000026d  SycTickInt                     
00000659  SysCtlClockGet                 
00000769  SysCtlClockSet                 
00000d61  SysCtlDelay                    
00000c21  SysCtlPeripheralEnable         
00000cb5  SysTickEnable                  
00000cc9  SysTickIntEnable               
00000c81  SysTickIntRegister             
00000d29  SysTickPeriodSet               
00000277  SysTickbegin                   
00000a51  TimerConfigure                 
00000d39  TimerEnable                    
00000d03  TimerLoadSet                   
00000d15  TimerMatchSet                  
0000028f  Wait                           
2000046c  __STACK_END                    
00000200  __STACK_SIZE                   
2000046c  __STACK_TOP                    
00000ea4  __TI_CINIT_Base                
00000eb4  __TI_CINIT_Limit               
00000e9c  __TI_Handler_Table_Base        
00000ea4  __TI_Handler_Table_Limit       
00000975  __TI_auto_init                 
2000046c  __TI_cleanup_ptr               
00000d47  __TI_decompress_none           
00000d67  __TI_decompress_rle24          
20000470  __TI_dtors_ptr                 
20000474  __TI_enable_exit_profile_output
ffffffff  __TI_pprof_out_hndl            
ffffffff  __TI_prof_data_size            
ffffffff  __TI_prof_data_start           
00000000  __TI_static_base__             
000008f9  __aeabi_memclr                 
000008f9  __aeabi_memclr4                
000008f9  __aeabi_memclr8                
0000085d  __aeabi_memcpy                 
0000085d  __aeabi_memcpy4                
0000085d  __aeabi_memcpy8                
000008fb  __aeabi_memset                 
000008fb  __aeabi_memset4                
000008fb  __aeabi_memset8                
ffffffff  __binit__                      
ffffffff  __c_args__                     
00000657  __mpu_init                     
2000026c  __stack                        
00000c9d  _args_main                     
00000ab1  _c_int00                       
20000484  _lock                          
00000ceb  _nop                           
00000ce3  _register_lock                 
00000cdd  _register_unlock               
00000973  _system_post_cinit             
00000d6d  _system_pre_init               
20000488  _unlock                        
00000b09  abort                          
ffffffff  binit                          
00000b59  copy_in                        
00000b11  exit                           
20000480  freq                           
20000000  g_pfnRAMVectors                
00000000  g_pfnVectors                   
000002c5  main                           
2000048c  main_func_sp                   
0000085d  memcpy                         
00000901  memset                         
20000478  millis                         
2000047c  time                           
000002ad  unlock                         


GLOBAL SYMBOLS: SORTED BY Symbol Address 

address   name                           
-------   ----                           
00000000  __TI_static_base__             
00000000  g_pfnVectors                   
00000200  __STACK_SIZE                   
0000026d  SycTickInt                     
00000277  SysTickbegin                   
0000028f  Wait                           
000002ad  unlock                         
000002c5  main                           
00000525  GPIOPadConfigSet               
00000657  __mpu_init                     
00000659  SysCtlClockGet                 
00000769  SysCtlClockSet                 
0000085d  __aeabi_memcpy                 
0000085d  __aeabi_memcpy4                
0000085d  __aeabi_memcpy8                
0000085d  memcpy                         
000008f9  __aeabi_memclr                 
000008f9  __aeabi_memclr4                
000008f9  __aeabi_memclr8                
000008fb  __aeabi_memset                 
000008fb  __aeabi_memset4                
000008fb  __aeabi_memset8                
00000901  memset                         
00000973  _system_post_cinit             
00000975  __TI_auto_init                 
00000a51  TimerConfigure                 
00000ab1  _c_int00                       
00000b05  C$$EXIT                        
00000b09  abort                          
00000b11  exit                           
00000b59  copy_in                        
00000ba5  GPIOPinConfigure               
00000bed  IntRegister                    
00000c21  SysCtlPeripheralEnable         
00000c55  GPIODirModeSet                 
00000c81  SysTickIntRegister             
00000c9d  _args_main                     
00000cb5  SysTickEnable                  
00000cc9  SysTickIntEnable               
00000cdd  _register_unlock               
00000ce3  _register_lock                 
00000ceb  _nop                           
00000cf1  GPIOPinTypeTimer               
00000d03  TimerLoadSet                   
00000d15  TimerMatchSet                  
00000d29  SysTickPeriodSet               
00000d39  TimerEnable                    
00000d47  __TI_decompress_none           
00000d55  ResetISR                       
00000d61  SysCtlDelay                    
00000d67  __TI_decompress_rle24          
00000d6d  _system_pre_init               
00000e9c  __TI_Handler_Table_Base        
00000ea4  __TI_CINIT_Base                
00000ea4  __TI_Handler_Table_Limit       
00000eb4  __TI_CINIT_Limit               
20000000  g_pfnRAMVectors                
2000026c  __stack                        
2000046c  __STACK_END                    
2000046c  __STACK_TOP                    
2000046c  __TI_cleanup_ptr               
20000470  __TI_dtors_ptr                 
20000474  __TI_enable_exit_profile_output
20000478  millis                         
2000047c  time                           
20000480  freq                           
20000484  _lock                          
20000488  _unlock                        
2000048c  main_func_sp                   
ffffffff  __TI_pprof_out_hndl            
ffffffff  __TI_prof_data_size            
ffffffff  __TI_prof_data_start           
ffffffff  __binit__                      
ffffffff  __c_args__                     
ffffffff  binit                          
UNDEFED   SHT$$INIT_ARRAY$$Base          
UNDEFED   SHT$$INIT_ARRAY$$Limit         

[77 symbols]
