******************************************************************************
                  TI ARM Linker Unix v5.2.5                    
******************************************************************************
>> Linked Tue Sep 27 18:07:33 2016

OUTPUT FILE NAME:   <lab5-3.out>
ENTRY POINT SYMBOL: "_c_int00"  address: 00000b81


MEMORY CONFIGURATION

         name            origin    length      used     unused   attr    fill
----------------------  --------  ---------  --------  --------  ----  --------
  FLASH                 00000000   00040000  0000195e  0003e6a2  R  X
  SRAM                  20000000   00008000  00002218  00005de8  RW X


SEGMENT ALLOCATION MAP

run origin  load origin   length   init length attrs members
----------  ----------- ---------- ----------- ----- -------
00000000    00000000    00001960   00001960    r-x
  00000000    00000000    0000026c   0000026c    r-- .intvecs
  0000026c    0000026c    00000ba2   00000ba2    r-x .text
  00000e10    00000e10    00000b50   00000b50    r-- .cinit
20000000    20000000    00002218   00000000    rw-
  20000000    20000000    00002014   00000000    rw- .data
  20002014    20002014    00000200   00000000    rw- .stack
  20002214    20002214    00000004   00000000    rw- .bss


SECTION ALLOCATION MAP

 output                                  attributes/
section   page    origin      length       input sections
--------  ----  ----------  ----------   ----------------
.intvecs   0    00000000    0000026c     
                  00000000    0000026c     tm4c123gh6pm_startup_ccs.obj (.intvecs)

.text      0    0000026c    00000ba2     
                  0000026c    00000484     main.obj (.text)
                  000006f0    00000132     driverlib.lib : gpio.obj (.text:GPIOPadConfigSet)
                  00000822    00000002     --HOLE-- [fill = 0]
                  00000824    000000f4                   : sysctl.obj (.text:SysCtlClockSet)
                  00000918    0000009c     rtsv7M4_T_le_v4SPD16_eabi.lib : memcpy_t2.obj (.text)
                  000009b4    0000007a     driverlib.lib : adc.obj (.text:ADCSequenceStepConfigure)
                  00000a2e    0000007a     rtsv7M4_T_le_v4SPD16_eabi.lib : memset_t2.obj (.text)
                  00000aa8    0000006c                                   : autoinit.obj (.text)
                  00000b14    0000006a                                   : copy_decompress_rle.obj (.text)
                  00000b7e    00000002     --HOLE-- [fill = 0]
                  00000b80    00000050                                   : boot.obj (.text)
                  00000bd0    0000004c                                   : cpy_tbl.obj (.text)
                  00000c1c    00000044                                   : exit.obj (.text)
                  00000c60    0000003e     driverlib.lib : adc.obj (.text:ADCSequenceConfigure)
                  00000c9e    00000002     --HOLE-- [fill = 0]
                  00000ca0    00000034                   : sysctl.obj (.text:SysCtlPeripheralEnable)
                  00000cd4    0000002e                   : adc.obj (.text:ADCIntStatus)
                  00000d02    0000002a                   : gpio.obj (.text:GPIODirModeSet)
                  00000d2c    0000001e                   : adc.obj (.text:ADCSequenceDataGet)
                  00000d4a    00000018                   : adc.obj (.text:ADCProcessorTrigger)
                  00000d62    00000018                   : gpio.obj (.text:GPIOPinTypeGPIOOutput)
                  00000d7a    00000002     --HOLE-- [fill = 0]
                  00000d7c    00000018     rtsv7M4_T_le_v4SPD16_eabi.lib : args_main.obj (.text)
                  00000d94    00000014                                   : _lock.obj (.text)
                  00000da8    00000012     driverlib.lib : gpio.obj (.text:GPIOPinTypeADC)
                  00000dba    0000000e                   : adc.obj (.text:ADCSequenceEnable)
                  00000dc8    0000000e     rtsv7M4_T_le_v4SPD16_eabi.lib : copy_decompress_none.obj (.text:decompress:none)
                  00000dd6    0000000c                                   : copy_zero_init.obj (.text:decompress:ZI)
                  00000de2    0000000c     tm4c123gh6pm_startup_ccs.obj (.text)
                  00000dee    0000000a     driverlib.lib : adc.obj (.text:ADCIntClear)
                  00000df8    00000006                   : gpio.obj (.text:GPIOPinWrite)
                  00000dfe    00000006                   : sysctl.obj (.text:SysCtlDelay)
                  00000e04    00000006     rtsv7M4_T_le_v4SPD16_eabi.lib : copy_decompress_rle.obj (.text:decompress:rle24)
                  00000e0a    00000004                                   : pre_init.obj (.text)

.cinit     0    00000e10    00000b50     
                  00000e10    00000b28     (.cinit..data.load) [load image, compression = rle]
                  00001938    0000000c     (__TI_handler_table)
                  00001944    00000004     --HOLE-- [fill = 0]
                  00001948    00000008     (.cinit..bss.load) [load image, compression = zero_init]
                  00001950    00000010     (__TI_cinit_table)

.init_array 
*          0    00000000    00000000     UNINITIALIZED

.data      0    20000000    00002014     UNINITIALIZED
                  20000000    00000400     main.obj (.data:eight)
                  20000400    00000400     main.obj (.data:five)
                  20000800    00000400     main.obj (.data:four)
                  20000c00    00000400     main.obj (.data:one)
                  20001000    00000400     main.obj (.data:seven)
                  20001400    00000400     main.obj (.data:six)
                  20001800    00000400     main.obj (.data:three)
                  20001c00    00000400     main.obj (.data:two)
                  20002000    00000008     rtsv7M4_T_le_v4SPD16_eabi.lib : _lock.obj (.data)
                  20002008    00000008                                   : exit.obj (.data)
                  20002010    00000004                                   : stkdepth_vars.obj (.data)

.bss       0    20002214    00000004     UNINITIALIZED
                  20002214    00000004     (.common:ui32JoyLR)

.TI.persistent 
*          0    20000000    00000000     UNINITIALIZED

.stack     0    20002014    00000200     UNINITIALIZED
                  20002014    00000200     --HOLE--

.TI.noinit 
*          0    20002214    00000000     UNINITIALIZED


LINKER GENERATED COPY TABLES

__TI_cinit_table @ 00001950 records: 2, size/record: 8, table size: 16
	.data: load addr=00000e10, load size=00000b28 bytes, run addr=20000000, run size=00002014 bytes, compression=rle
	.bss: load addr=00001948, load size=00000008 bytes, run addr=20002214, run size=00000004 bytes, compression=zero_init


LINKER GENERATED HANDLER TABLE

__TI_handler_table @ 00001938 records: 3, size/record: 4, table size: 12
	index: 0, handler: __TI_decompress_rle24
	index: 1, handler: __TI_decompress_none
	index: 2, handler: __TI_zero_init


GLOBAL SYMBOLS: SORTED ALPHABETICALLY BY Name 

address   name                    
-------   ----                    
00000def  ADCIntClear             
00000cd5  ADCIntStatus            
00000d4b  ADCProcessorTrigger     
00000c61  ADCSequenceConfigure    
00000d2d  ADCSequenceDataGet      
00000dbb  ADCSequenceEnable       
000009b5  ADCSequenceStepConfigure
00000c1d  C$$EXIT                 
00000d03  GPIODirModeSet          
000006f1  GPIOPadConfigSet        
00000da9  GPIOPinTypeADC          
00000d63  GPIOPinTypeGPIOOutput   
00000df9  GPIOPinWrite            
00000de3  ResetISR                
UNDEFED   SHT$$INIT_ARRAY$$Base   
UNDEFED   SHT$$INIT_ARRAY$$Limit  
00000825  SysCtlClockSet          
00000dff  SysCtlDelay             
00000ca1  SysCtlPeripheralEnable  
20002214  __STACK_END             
00000200  __STACK_SIZE            
20002214  __STACK_TOP             
00001950  __TI_CINIT_Base         
00001960  __TI_CINIT_Limit        
00001938  __TI_Handler_Table_Base 
00001944  __TI_Handler_Table_Limit
00000aa9  __TI_auto_init          
20002008  __TI_cleanup_ptr        
00000dc9  __TI_decompress_none    
00000e05  __TI_decompress_rle24   
2000200c  __TI_dtors_ptr          
00000000  __TI_static_base__      
00000dd7  __TI_zero_init          
00000a2f  __aeabi_memclr          
00000a2f  __aeabi_memclr4         
00000a2f  __aeabi_memclr8         
00000919  __aeabi_memcpy          
00000919  __aeabi_memcpy4         
00000919  __aeabi_memcpy8         
00000a31  __aeabi_memset          
00000a31  __aeabi_memset4         
00000a31  __aeabi_memset8         
ffffffff  __binit__               
ffffffff  __c_args__              
20002014  __stack                 
00000d7d  _args_main              
00000b81  _c_int00                
20002000  _lock                   
00000da3  _nop                    
00000d9b  _register_lock          
00000d95  _register_unlock        
00000e0b  _system_pre_init        
20002004  _unlock                 
00000c21  abort                   
000002d5  adc_init                
ffffffff  binit                   
00000bd1  copy_in                 
00000537  display_image           
20000000  eight                   
00000c29  exit                    
20000400  five                    
20000800  four                    
00000000  g_pfnVectors            
000004dd  glcd_cleardisplay       
0000032b  glcd_cmd                
000003ed  glcd_data               
00000385  glcd_init               
0000048b  glcd_setcolumn          
00000447  glcd_setpage            
000005dd  main                    
20002010  main_func_sp            
00000919  memcpy                  
00000a37  memset                  
20000c00  one                     
0000026d  setup                   
20001000  seven                   
20001400  six                     
20001800  three                   
20001c00  two                     
20002214  ui32JoyLR               


GLOBAL SYMBOLS: SORTED BY Symbol Address 

address   name                    
-------   ----                    
00000000  __TI_static_base__      
00000000  g_pfnVectors            
00000200  __STACK_SIZE            
0000026d  setup                   
000002d5  adc_init                
0000032b  glcd_cmd                
00000385  glcd_init               
000003ed  glcd_data               
00000447  glcd_setpage            
0000048b  glcd_setcolumn          
000004dd  glcd_cleardisplay       
00000537  display_image           
000005dd  main                    
000006f1  GPIOPadConfigSet        
00000825  SysCtlClockSet          
00000919  __aeabi_memcpy          
00000919  __aeabi_memcpy4         
00000919  __aeabi_memcpy8         
00000919  memcpy                  
000009b5  ADCSequenceStepConfigure
00000a2f  __aeabi_memclr          
00000a2f  __aeabi_memclr4         
00000a2f  __aeabi_memclr8         
00000a31  __aeabi_memset          
00000a31  __aeabi_memset4         
00000a31  __aeabi_memset8         
00000a37  memset                  
00000aa9  __TI_auto_init          
00000b81  _c_int00                
00000bd1  copy_in                 
00000c1d  C$$EXIT                 
00000c21  abort                   
00000c29  exit                    
00000c61  ADCSequenceConfigure    
00000ca1  SysCtlPeripheralEnable  
00000cd5  ADCIntStatus            
00000d03  GPIODirModeSet          
00000d2d  ADCSequenceDataGet      
00000d4b  ADCProcessorTrigger     
00000d63  GPIOPinTypeGPIOOutput   
00000d7d  _args_main              
00000d95  _register_unlock        
00000d9b  _register_lock          
00000da3  _nop                    
00000da9  GPIOPinTypeADC          
00000dbb  ADCSequenceEnable       
00000dc9  __TI_decompress_none    
00000dd7  __TI_zero_init          
00000de3  ResetISR                
00000def  ADCIntClear             
00000df9  GPIOPinWrite            
00000dff  SysCtlDelay             
00000e05  __TI_decompress_rle24   
00000e0b  _system_pre_init        
00001938  __TI_Handler_Table_Base 
00001944  __TI_Handler_Table_Limit
00001950  __TI_CINIT_Base         
00001960  __TI_CINIT_Limit        
20000000  eight                   
20000400  five                    
20000800  four                    
20000c00  one                     
20001000  seven                   
20001400  six                     
20001800  three                   
20001c00  two                     
20002000  _lock                   
20002004  _unlock                 
20002008  __TI_cleanup_ptr        
2000200c  __TI_dtors_ptr          
20002010  main_func_sp            
20002014  __stack                 
20002214  __STACK_END             
20002214  __STACK_TOP             
20002214  ui32JoyLR               
ffffffff  __binit__               
ffffffff  __c_args__              
ffffffff  binit                   
UNDEFED   SHT$$INIT_ARRAY$$Base   
UNDEFED   SHT$$INIT_ARRAY$$Limit  

[80 symbols]
