******************************************************************************
                  TI ARM Linker Unix v5.2.5                    
******************************************************************************
>> Linked Wed Oct  5 17:30:39 2016

OUTPUT FILE NAME:   <Lab07_RTOS.out>
ENTRY POINT SYMBOL: "_c_int00"  address: 00004085


MEMORY CONFIGURATION

         name            origin    length      used     unused   attr    fill
----------------------  --------  ---------  --------  --------  ----  --------
  FLASH                 00000000   00040000  000084b6  00037b4a  R  X
  SRAM                  20000000   00008000  00003cd1  0000432f  RW X


SEGMENT ALLOCATION MAP

run origin  load origin   length   init length attrs members
----------  ----------- ---------- ----------- ----- -------
00000000    00000000    000084c0   000084c0    r-x
  00000000    00000000    0000003c   0000003c    r-- .resetVecs
  00000040    00000040    0000578a   0000578a    r-x .text
  000057cc    000057cc    00001dd8   00001dd8    r-- .const
  000075a8    000075a8    00000f18   00000f18    r-- .cinit
20000000    20000000    00003cd4   00000000    rw-
  20000000    20000000    00000360   00000000    rw- .vecs
  20000360    20000360    00002560   00000000    rw- .data
  200028c0    200028c0    00001111   00000000    rw- .bss
  200039d4    200039d4    00000300   00000000    rw- .stack


SECTION ALLOCATION MAP

 output                                  attributes/
section   page    origin      length       input sections
--------  ----  ----------  ----------   ----------------
.text      0    00000040    0000578a     
                  00000040    00000430     sysbios.aem4f : BIOS.obj (.text:ti_sysbios_family_arm_m3_Hwi_excDumpRegs__I)
                  00000470    0000034c     ti.targets.arm.rtsarm.aem4f : System.oem4f (.text:xdc_runtime_System_doPrint__I)
                  000007bc    00000320     empty.obj (.text:updateGLCD)
                  00000adc    000002d4     rtsv7M4_T_le_v4SPD16_eabi.lib : trgdrv.obj (.text)
                  00000db0    000002c0     sysbios.aem4f : BIOS.obj (.text:ti_sysbios_knl_Semaphore_pend__E)
                  00001070    00000254                   : BIOS.obj (.text:ti_sysbios_heaps_HeapMem_free__E)
                  000012c4    00000004     driverlib.lib : timer.obj (.text:TimerIntClear)
                  000012c8    00000248     sysbios.aem4f : BIOS.obj (.text:ti_sysbios_heaps_HeapMem_alloc__E)
                  00001510    00000214     empty.obj (.text:main)
                  00001724    00000004     empty_pem4f.oem4f (.text:ti_sysbios_BIOS_RtsGateProxy_enter__E)
                  00001728    000001fc     sysbios.aem4f : BIOS.obj (.text:ti_sysbios_family_arm_m3_Hwi_excHandlerMax__I)
                  00001924    00000004     empty_pem4f.oem4f (.text:ti_sysbios_BIOS_RtsGateProxy_leave__E)
                  00001928    00000174     sysbios.aem4f : BIOS.obj (.text:ti_sysbios_family_arm_m3_Hwi_excBusFault__I)
                  00001a9c    00000004                   : BIOS.obj (.text:ti_sysbios_family_arm_lm4_Timer_masterEnable__I)
                  00001aa0    00000164                   : BIOS.obj (.text:ti_sysbios_family_arm_m3_Hwi_excUsageFault__I)
                  00001c04    00000004     empty_pem4f.oem4f (.text:ti_sysbios_family_arm_m3_TaskSupport_Module__startupDone__S)
                  00001c08    00000148     sysbios.aem4f : BIOS.obj (.text:ti_sysbios_family_arm_m3_Hwi_excMemFault__I)
                  00001d50    0000013c                   : BIOS.obj (.text:ti_sysbios_heaps_HeapMem_Instance_init__E)
                  00001e8c    00000130     driverlib.lib : gpio.obj (.text:GPIOPadConfigSet)
                  00001fbc    00000004     empty_pem4f.oem4f (.text:ti_sysbios_heaps_HeapMem_Module_GateProxy_enter__E)
                  00001fc0    00000120     sysbios.aem4f : BIOS.obj (.text:ti_sysbios_family_arm_lm4_Timer_start__E)
                  000020e0    00000118     ti.targets.arm.rtsarm.aem4f : Error.oem4f (.text:xdc_runtime_Error_policyDefault__E)
                  000021f8    0000010c     driverlib.lib : sysctl.obj (.text:SysCtlClockGet)
                  00002304    00000104     empty.obj (.text:readSwitch)
                  00002408    00000100     Boot.aem4f : Boot_sysctl.oem4f (.text:ti_catalog_arm_cortexm4_tiva_ce_Boot_sysCtlClockSetI__I)
                  00002508    00000100     ti.targets.arm.rtsarm.aem4f : Core-mem.oem4f (.text:xdc_runtime_Core_createObject__I)
                  00002608    000000f8                                 : Startup.oem4f (.text:xdc_runtime_Startup_startMods__I)
                  00002700    000000f8     empty_pem4f.oem4f (.text:xdc_runtime_System_printfExtend__I)
                  000027f8    000000f4     sysbios.aem4f : m3_Hwi_asm.obj (.text:ti_sysbios_family_arm_m3_Hwi_dispatch__I)
                  000028ec    000000f0     driverlib.lib : sysctl.obj (.text:SysCtlClockSet)
                  000029dc    00000004     empty_pem4f.oem4f (.text:ti_sysbios_heaps_HeapMem_Module_GateProxy_leave__E)
                  000029e0    000000ec     sysbios.aem4f : BIOS.obj (.text:ti_sysbios_knl_Semaphore_post__E)
                  00002acc    000000cc     ti.targets.arm.rtsarm.aem4f : Core-smem.oem4f (.text:xdc_runtime_Core_constructObject__I)
                  00002b98    000000bc     sysbios.aem4f : BIOS.obj (.text:ti_sysbios_family_arm_m3_Hwi_excDebugMon__I)
                  00002c54    00000004     empty_pem4f.oem4f (.text:ti_sysbios_knl_Clock_TimerProxy_getMaxTicks__E)
                  00002c58    000000bc     sysbios.aem4f : BIOS.obj (.text:ti_sysbios_family_arm_m3_Hwi_excHardFault__I)
                  00002d14    00000004     empty_pem4f.oem4f (.text:ti_sysbios_knl_Queue_destruct)
                  00002d18    000000b4     sysbios.aem4f : BIOS.obj (.text:ti_sysbios_gates_GateMutex_enter__E)
                  00002dcc    00000004     empty_pem4f.oem4f (.text:ti_sysbios_knl_Semaphore_destruct)
                  00002dd0    000000b4     sysbios.aem4f : BIOS.obj (.text:ti_sysbios_knl_Task_checkStacks__E)
                  00002e84    00000004     ti.targets.arm.rtsarm.aem4f : Error.oem4f (.text:xdc_runtime_Error_getSite__E)
                  00002e88    000000ac     sysbios.aem4f : BIOS.obj (.text:ti_sysbios_family_arm_lm4_Timer_enableTiva__I)
                  00002f34    00000004     empty_pem4f.oem4f (.text:xdc_runtime_System_Module_GateProxy_enter__E)
                  00002f38    000000a8     sysbios.aem4f : BIOS.obj (.text:ti_sysbios_family_arm_lm4_Timer_enableTimers__I)
                  00002fe0    000000a0     auto_init.aem4f : auto_init.oem4f (.text)
                  00003080    000000a0     ti.targets.arm.rtsarm.aem4f : Text.oem4f (.text:xdc_runtime_Text_putMod__E)
                  00003120    0000009c     rtsv7M4_T_le_v4SPD16_eabi.lib : memcpy_t2.obj (.text)
                  000031bc    00000004     empty_pem4f.oem4f (.text:xdc_runtime_System_Module_GateProxy_leave__E)
                  000031c0    0000009c     sysbios.aem4f : BIOS.obj (.text:ti_sysbios_knl_Semaphore_Instance_init__E)
                  0000325c    00000004     ti.targets.arm.rtsarm.aem4f : System.oem4f (.text:xdc_runtime_System_aprintf_va__F)
                  00003260    0000009c     sysbios.aem4f : BIOS.obj (.text:ti_sysbios_knl_Task_postInit__I)
                  000032fc    0000009a     ti.targets.arm.rtsarm.aem4f : Text.oem4f (.text:xdc_runtime_Text_putSite__E)
                  00003396    00000002     rtsv7M4_T_le_v4SPD16_eabi.lib : i_div0.obj (.text)
                  00003398    00000098     Boot.aem4f : Boot.oem4f (.text:ti_catalog_arm_cortexm4_tiva_ce_Boot_sysCtlClockSet__E)
                  00003430    00000094     sysbios.aem4f : BIOS.obj (.text:ti_sysbios_family_arm_m3_Hwi_initNVIC__E)
                  000034c4    0000008c                   : m3_TaskSupport_asm.obj (.text:ti_sysbios_family_arm_m3_TaskSupport_buildTaskStack)
                  00003550    00000084                   : BIOS.obj (.text:ti_sysbios_family_arm_m3_Hwi_postInit__I)
                  000035d4    00000080     empty.obj (.text:readADC)
                  00003654    0000007a     driverlib.lib : adc.obj (.text:ADCSequenceStepConfigure)
                  000036ce    0000007a     rtsv7M4_T_le_v4SPD16_eabi.lib : memset_t2.obj (.text)
                  00003748    00000078     empty.obj (.text:glcd_init)
                  000037c0    0000006d     ti.targets.arm.rtsarm.aem4f : System.oem4f (.text:xdc_runtime_System_formatNum__I)
                  0000382d    00000001     --HOLE-- [fill = 0]
                  0000382e    00000002     empty_pem4f.oem4f (.text:ti_sysbios_BIOS_nullFunc__I)
                  00003830    0000006c     sysbios.aem4f : BIOS.obj (.text:ti_sysbios_knl_Clock_workFunc__E)
                  0000389c    00000004     ti.targets.arm.rtsarm.aem4f : System.oem4f (.text:xdc_runtime_System_printf_va__F)
                  000038a0    0000006c     sysbios.aem4f : BIOS.obj (.text:ti_sysbios_knl_Swi_restoreHwi__E)
                  0000390c    00000002     empty_pem4f.oem4f (.text:xdc_runtime_Startup_reset__I)
                  0000390e    00000002     --HOLE-- [fill = 0]
                  00003910    0000006c     sysbios.aem4f : BIOS.obj (.text:ti_sysbios_knl_Task_exit__E)
                  0000397c    0000006c     ti.targets.arm.rtsarm.aem4f : Error.oem4f (.text:xdc_runtime_Error_print__E)
                  000039e8    0000006c                                 : Memory.oem4f (.text:xdc_runtime_Memory_alloc__E)
                  00003a54    0000006a     rtsv7M4_T_le_v4SPD16_eabi.lib : copy_decompress_rle.obj (.text)
                  00003abe    00000002     --HOLE-- [fill = 0]
                  00003ac0    00000068     empty.obj (.text:glcd_cmd)
                  00003b28    00000068     empty.obj (.text:glcd_data)
                  00003b90    00000068     rtsv7M4_T_le_v4SPD16_eabi.lib : trgmsg.obj (.text)
                  00003bf8    00000066     ti.targets.arm.rtsarm.aem4f : Core-mem.oem4f (.text:xdc_runtime_Core_deleteObject__I)
                  00003c5e    00000002     --HOLE-- [fill = 0]
                  00003c60    00000064     sysbios.aem4f : BIOS.obj (.text:ti_sysbios_family_arm_lm4_Timer_Module_startup__E)
                  00003cc4    00000004     --HOLE-- [fill = 0]
                  00003cc8    00000064                   : BIOS.obj (.text:ti_sysbios_family_arm_m3_Hwi_dispatchC__I)
                  00003d2c    00000060     driverlib.lib : timer.obj (.text:TimerConfigure)
                  00003d8c    00000060     empty.obj (.text:Timer_ISR)
                  00003dec    00000004     --HOLE-- [fill = 0]
                  00003df0    00000060     sysbios.aem4f : BIOS.obj (.text:ti_sysbios_knl_Task_schedule__I)
                  00003e50    0000005c                   : BIOS.obj (.text:ti_sysbios_knl_Swi_run__I)
                  00003eac    00000004     --HOLE-- [fill = 0]
                  00003eb0    0000005c                   : BIOS.obj (.text:ti_sysbios_knl_Swi_schedule__I)
                  00003f0c    00000004     --HOLE-- [fill = 0]
                  00003f10    0000005c                   : BIOS.obj (.text:ti_sysbios_knl_Task_Module_startup__E)
                  00003f6c    00000004     --HOLE-- [fill = 0]
                  00003f70    0000005c                   : BIOS.obj (.text:ti_sysbios_knl_Task_startCore__E)
                  00003fcc    0000005b     ti.targets.arm.rtsarm.aem4f : Text.oem4f (.text:xdc_runtime_Text_putLab__E)
                  00004027    00000001     --HOLE-- [fill = 0]
                  00004028    0000005a     empty.obj (.text:glcd_cleardisplay)
                  00004082    00000002     --HOLE-- [fill = 0]
                  00004084    00000058     boot.aem4f : boot.oem4f (.text)
                  000040dc    00000058     sysbios.aem4f : m3_Hwi_asm_switch.obj (.text:ti_sysbios_family_arm_m3_Hwi_initStacks__E)
                  00004134    00000054     ti.targets.arm.rtsarm.aem4f : Assert.oem4f (.text:xdc_runtime_Assert_raise__I)
                  00004188    00000050     sysbios.aem4f : BIOS.obj (.text:ti_sysbios_family_arm_m3_Hwi_Module_startup__E)
                  000041d8    00000050     ti.targets.arm.rtsarm.aem4f : Startup.oem4f (.text:xdc_runtime_Startup_exec__E)
                  00004228    00000050                                 : Text.oem4f (.text:xdc_runtime_Text_visitRope2__I)
                  00004278    0000004c     rtsv7M4_T_le_v4SPD16_eabi.lib : cpy_tbl.obj (.text)
                  000042c4    00000004     --HOLE-- [fill = 0]
                  000042c8    0000004c     sysbios.aem4f : BIOS.obj (.text:ti_sysbios_heaps_HeapMem_getStats__E)
                  00004314    00000004     --HOLE-- [fill = 0]
                  00004318    0000004c                   : BIOS.obj (.text:ti_sysbios_knl_Swi_runLoop__I)
                  00004364    00000004     --HOLE-- [fill = 0]
                  00004368    0000004c                   : BIOS.obj (.text:ti_sysbios_knl_Task_allBlockedFunction__I)
                  000043b4    00000048     empty.obj (.text:glcd_setcolumn)
                  000043fc    00000004     --HOLE-- [fill = 0]
                  00004400    00000048     sysbios.aem4f : BIOS.obj (.text:ti_sysbios_family_arm_m3_Hwi_disableInterrupt__E)
                  00004448    00000048                   : BIOS.obj (.text:ti_sysbios_family_arm_m3_Hwi_enableInterrupt__E)
                  00004490    00000048                   : BIOS.obj (.text:ti_sysbios_family_arm_m3_Hwi_excReserved__I)
                  000044d8    00000046     ti.targets.arm.rtsarm.aem4f : Core-params.oem4f (.text:xdc_runtime_Core_assignParams__I)
                  0000451e    00000002     --HOLE-- [fill = 0]
                  00004520    00000044     rtsv7M4_T_le_v4SPD16_eabi.lib : exit.obj (.text)
                  00004564    00000004     --HOLE-- [fill = 0]
                  00004568    00000044     sysbios.aem4f : BIOS.obj (.text:ti_sysbios_family_arm_lm4_Timer_isrStub__E)
                  000045ac    00000004     --HOLE-- [fill = 0]
                  000045b0    00000044                   : BIOS.obj (.text:ti_sysbios_family_arm_m3_Hwi_getStackInfo__E)
                  000045f4    00000004     --HOLE-- [fill = 0]
                  000045f8    00000044                   : BIOS.obj (.text:ti_sysbios_knl_Swi_post__E)
                  0000463c    00000044     ti.targets.arm.rtsarm.aem4f : Error.oem4f (.text:xdc_runtime_Error_setX__E)
                  00004680    00000044                                 : SysMin.oem4f (.text:xdc_runtime_SysMin_flush__E)
                  000046c4    00000044                                 : Text.oem4f (.text:xdc_runtime_Text_xprintf__I)
                  00004708    00000040     rtsv7M4_T_le_v4SPD16_eabi.lib : u_divt2.obj (.text)
                  00004748    00000040     sysbios.aem4f : BIOS.obj (.text:ti_sysbios_family_arm_lm4_Timer_startup__E)
                  00004788    00000040     empty.obj (.text:timer2Init)
                  000047c8    0000003e     driverlib.lib : adc.obj (.text:ADCSequenceConfigure)
                  00004806    00000002     --HOLE-- [fill = 0]
                  00004808    0000003c     empty.obj (.text:glcd_setpage)
                  00004844    00000004     --HOLE-- [fill = 0]
                  00004848    0000003c     sysbios.aem4f : BIOS.obj (.text:ti_sysbios_family_arm_m3_Hwi_excSvCall__I)
                  00004884    00000004     --HOLE-- [fill = 0]
                  00004888    0000003c                   : BIOS.obj (.text:ti_sysbios_heaps_HeapMem_init__I)
                  000048c4    00000004     --HOLE-- [fill = 0]
                  000048c8    0000003c                   : BIOS.obj (.text:ti_sysbios_knl_Swi_restore__E)
                  00004904    00000004     --HOLE-- [fill = 0]
                  00004908    00000038                   : BIOS.obj (.text:ti_sysbios_family_arm_m3_Hwi_excNoIsr__I)
                  00004940    00000038                   : BIOS.obj (.text:ti_sysbios_knl_Task_processVitalTaskFlag__I)
                  00004978    00000038     ti.targets.arm.rtsarm.aem4f : SysMin.oem4f (.text:xdc_runtime_SysMin_putch__E)
                  000049b0    00000038                                 : System.oem4f (.text:xdc_runtime_System_atexit__E)
                  000049e8    00000034     driverlib.lib : sysctl.obj (.text:SysCtlPeripheralEnable)
                  00004a1c    00000004     --HOLE-- [fill = 0]
                  00004a20    00000034     sysbios.aem4f : BIOS.obj (.text:ti_sysbios_family_arm_m3_Hwi_excNmi__I)
                  00004a54    00000004     --HOLE-- [fill = 0]
                  00004a58    00000034                   : BIOS.obj (.text:ti_sysbios_hal_Hwi_checkStack)
                  00004a8c    00000034     ti.targets.arm.rtsarm.aem4f : Core-label.oem4f (.text:xdc_runtime_Core_assignLabel__I)
                  00004ac0    00000033                                 : Text.oem4f (.text:xdc_runtime_Text_printVisFxn__I)
                  00004af3    00000005     --HOLE-- [fill = 0]
                  00004af8    00000032     sysbios.aem4f : BIOS.obj (.text:ti_sysbios_hal_Hwi_initStack)
                  00004b2a    00000002     --HOLE-- [fill = 0]
                  00004b2c    00000030     empty_pem4f.oem4f (.text:ti_sysbios_BIOS_atExitFunc__I)
                  00004b5c    00000004     --HOLE-- [fill = 0]
                  00004b60    00000030     sysbios.aem4f : BIOS.obj (.text:ti_sysbios_family_arm_lm4_Timer_stop__E)
                  00004b90    00000030                   : BIOS.obj (.text:ti_sysbios_family_arm_m3_TaskSupport_start__E)
                  00004bc0    00000030     empty_pem4f.oem4f (.text:ti_sysbios_gates_GateHwi_Object__create__S)
                  00004bf0    00000030     empty_pem4f.oem4f (.text:ti_sysbios_gates_GateMutex_Object__create__S)
                  00004c20    00000030     empty_pem4f.oem4f (.text:ti_sysbios_heaps_HeapMem_Object__create__S)
                  00004c50    00000030     empty_pem4f.oem4f (.text:ti_sysbios_knl_Semaphore_construct)
                  00004c80    00000030     sysbios.aem4f : BIOS.obj (.text:ti_sysbios_knl_Semaphore_pendTimeout__I)
                  00004cb0    00000030                   : BIOS.obj (.text:ti_sysbios_knl_Task_unblockI__E)
                  00004ce0    00000030     ti.targets.arm.rtsarm.aem4f : SysMin.oem4f (.text:xdc_runtime_SysMin_abort__E)
                  00004d10    00000030                                 : System.oem4f (.text:xdc_runtime_System_processAtExit__E)
                  00004d40    0000002e     driverlib.lib : adc.obj (.text:ADCIntStatus)
                  00004d6e    00000002     --HOLE-- [fill = 0]
                  00004d70    0000002c     empty_pem4f.oem4f (.text:ti_sysbios_knl_Clock_doTick__I)
                  00004d9c    0000002c     empty_pem4f.oem4f (.text:ti_sysbios_knl_Queue_construct)
                  00004dc8    0000002c     sysbios.aem4f : BIOS.obj (.text:ti_sysbios_knl_Task_restore__E)
                  00004df4    0000002c     ti.targets.arm.rtsarm.aem4f : Text.oem4f (.text:xdc_runtime_Text_cordText__E)
                  00004e20    0000002a     driverlib.lib : gpio.obj (.text:GPIODirModeSet)
                  00004e4a    0000002a     ti.targets.arm.rtsarm.aem4f : System.oem4f (.text:xdc_runtime_System_putchar__I)
                  00004e74    00000004     --HOLE-- [fill = 0]
                  00004e78    00000028     sysbios.aem4f : BIOS.obj (.text:ti_sysbios_knl_Swi_Module_startup__E)
                  00004ea0    00000026                   : m3_Hwi_asm.obj (.text:ti_sysbios_family_arm_m3_Hwi_pendSV__I)
                  00004ec6    00000026     ti.targets.arm.rtsarm.aem4f : System.oem4f (.text:xdc_runtime_System_avprintf__E)
                  00004eec    00000024     empty_pem4f.oem4f (.text:ti_sysbios_BIOS_errorRaiseHook__I)
                  00004f10    00000024     empty_pem4f.oem4f (.text:ti_sysbios_BIOS_registerRTSLock__I)
                  00004f34    00000024     empty_pem4f.oem4f (.text:ti_sysbios_BIOS_removeRTSLock__I)
                  00004f58    00000024     empty_pem4f.oem4f (.text:ti_sysbios_BIOS_startFunc__I)
                  00004f7c    00000024     empty_pem4f.oem4f (.text:ti_sysbios_gates_GateMutex_Object__delete__S)
                  00004fa0    00000024     sysbios.aem4f : BIOS.obj (.text:ti_sysbios_knl_Clock_Module_startup__E)
                  00004fc4    00000004     --HOLE-- [fill = 0]
                  00004fc8    00000024                   : BIOS.obj (.text:ti_sysbios_knl_Task_restoreHwi__E)
                  00004fec    00000024     ti.targets.arm.rtsarm.aem4f : System.oem4f (.text:xdc_runtime_System_vprintf__E)
                  00005010    00000022     sysbios.aem4f : BIOS.obj (.text:ti_sysbios_family_arm_lm4_Timer_write__I)
                  00005032    00000022     empty_pem4f.oem4f (.text:xdc_runtime_SysMin_output__I)
                  00005054    00000020     empty_pem4f.oem4f (.text:ti_sysbios_BIOS_rtsLock__I)
                  00005074    00000020     sysbios.aem4f : m3_Hwi_asm.obj (.text:ti_sysbios_family_arm_m3_Hwi_excHandlerAsm__I)
                  00005094    00000004     --HOLE-- [fill = 0]
                  00005098    00000020                   : BIOS.obj (.text:ti_sysbios_family_arm_m3_Hwi_excHandler__I)
                  000050b8    00000020     empty_pem4f.oem4f (.text:ti_sysbios_gates_GateHwi_Object__delete__S)
                  000050d8    00000020     empty_pem4f.oem4f (.text:ti_sysbios_heaps_HeapMem_Object__delete__S)
                  000050f8    00000020     sysbios.aem4f : BIOS.obj (.text:ti_sysbios_knl_Idle_run__E)
                  00005118    00000020     empty_pem4f.oem4f (.text:ti_sysbios_knl_Semaphore_Object__destruct__S)
                  00005138    00000020     ti.targets.arm.rtsarm.aem4f : Registry.oem4f (.text:xdc_runtime_Registry_findById__E)
                  00005158    00000020                                 : SysMin.oem4f (.text:xdc_runtime_SysMin_Module_startup__E)
                  00005178    0000001e     driverlib.lib : adc.obj (.text:ADCSequenceDataGet)
                  00005196    0000001e     sysbios.aem4f : m3_Hwi_asm_switch.obj (.text:ti_sysbios_family_xxx_Hwi_switchAndRunFunc)
                  000051b4    00000004     --HOLE-- [fill = 0]
                  000051b8    0000001c                   : BIOS.obj (.text:ti_sysbios_gates_GateMutex_Instance_init__E)
                  000051d4    0000001c     empty_pem4f.oem4f (.text:ti_sysbios_knl_Queue_Object__destruct__S)
                  000051f0    0000001c     sysbios.aem4f : BIOS.obj (.text:ti_sysbios_knl_Queue_put__E)
                  0000520c    00000004     --HOLE-- [fill = 0]
                  00005210    0000001c                   : BIOS.obj (.text:ti_sysbios_knl_Task_enter__I)
                  0000522c    0000001c     ti.targets.arm.rtsarm.aem4f : Error.oem4f (.text:xdc_runtime_Error_raiseX__E)
                  00005248    0000001c                                 : Memory.oem4f (.text:xdc_runtime_Memory_valloc__E)
                  00005264    0000001c                                 : SysMin.oem4f (.text:xdc_runtime_SysMin_exit__E)
                  00005280    0000001c                                 : System.oem4f (.text:xdc_runtime_System_abort__E)
                  0000529c    0000001a     empty_pem4f.oem4f (.text:ti_sysbios_family_arm_m3_Hwi_Handle__label__S)
                  000052b6    0000001a     empty_pem4f.oem4f (.text:ti_sysbios_gates_GateHwi_Handle__label__S)
                  000052d0    0000001a     empty_pem4f.oem4f (.text:ti_sysbios_gates_GateMutex_Handle__label__S)
                  000052ea    0000001a     empty_pem4f.oem4f (.text:ti_sysbios_heaps_HeapMem_Handle__label__S)
                  00005304    0000001a     empty_pem4f.oem4f (.text:ti_sysbios_knl_Swi_Handle__label__S)
                  0000531e    0000001a     empty_pem4f.oem4f (.text:ti_sysbios_knl_Task_Handle__label__S)
                  00005338    0000001a     empty_pem4f.oem4f (.text:xdc_runtime_System_aprintf__E)
                  00005352    0000001a     empty_pem4f.oem4f (.text:xdc_runtime_System_printf__E)
                  0000536c    00000018     driverlib.lib : adc.obj (.text:ADCProcessorTrigger)
                  00005384    00000018                   : gpio.obj (.text:GPIOPinTypeGPIOOutput)
                  0000539c    00000018     rtsv7M4_T_le_v4SPD16_eabi.lib : args_main.obj (.text)
                  000053b4    00000018     empty_pem4f.oem4f (.text:ti_sysbios_BIOS_rtsUnlock__I)
                  000053cc    00000018     empty_pem4f.oem4f (.text:ti_sysbios_family_arm_lm4_Timer_Module__startupDone__F)
                  000053e4    00000018     empty_pem4f.oem4f (.text:ti_sysbios_family_arm_m3_Hwi_Module__startupDone__F)
                  000053fc    00000018     sysbios.aem4f : m3_TaskSupport_asm.obj (.text:ti_sysbios_family_arm_m3_TaskSupport_swap__E)
                  00005414    00000004     --HOLE-- [fill = 0]
                  00005418    00000018                   : BIOS.obj (.text:ti_sysbios_gates_GateMutex_leave__E)
                  00005430    00000018     ti.targets.arm.rtsarm.aem4f : Error.oem4f (.text:xdc_runtime_Error_check__E)
                  00005448    00000018                                 : System.oem4f (.text:xdc_runtime_System_exit__E)
                  00005460    00000018                                 : Text.oem4f (.text:xdc_runtime_Text_ropeText__E)
                  00005478    00000016     empty_pem4f.oem4f (.text:ti_sysbios_BIOS_exitFunc__I)
                  0000548e    00000002     --HOLE-- [fill = 0]
                  00005490    00000014     rtsv7M4_T_le_v4SPD16_eabi.lib : _lock.obj (.text)
                  000054a4    00000014                                   : strcpy.obj (.text)
                  000054b8    00000014                                   : strlen.obj (.text)
                  000054cc    00000014     empty_pem4f.oem4f (.text:ti_sysbios_family_arm_m3_Hwi_Object__get__S)
                  000054e0    00000014     sysbios.aem4f : BIOS.obj (.text:ti_sysbios_family_arm_m3_Hwi_switchFromBootStack__E)
                  000054f4    00000014     empty_pem4f.oem4f (.text:ti_sysbios_heaps_HeapMem_Object__get__S)
                  00005508    00000014     empty_pem4f.oem4f (.text:ti_sysbios_knl_Swi_Object__get__S)
                  0000551c    00000012     driverlib.lib : gpio.obj (.text:GPIOPinTypeADC)
                  0000552e    00000012                   : gpio.obj (.text:GPIOPinTypeGPIOInput)
                  00005540    00000012                   : timer.obj (.text:TimerLoadSet)
                  00005552    00000006                   : gpio.obj (.text:GPIOPinRead)
                  00005558    00000012     sysbios.aem4f : BIOS.obj (.text:ti_sysbios_hal_Hwi_Module_startup__E)
                  0000556a    00000012     empty_pem4f.oem4f (.text:xdc_runtime_Startup_exec__I)
                  0000557c    00000004     --HOLE-- [fill = 0]
                  00005580    00000010     sysbios.aem4f : BIOS.obj (.text:ti_sysbios_BIOS_setThreadType__E)
                  00005590    00000010                   : BIOS.obj (.text:ti_sysbios_BIOS_start__E)
                  000055a0    00000010                   : m3_TaskSupport_asm.obj (.text:ti_sysbios_family_arm_m3_TaskSupport_glue)
                  000055b0    00000010                   : BIOS.obj (.text:ti_sysbios_gates_GateMutex_Instance_finalize__E)
                  000055c0    00000010                   : BIOS.obj (.text:ti_sysbios_knl_Semaphore_Instance_finalize__E)
                  000055d0    00000010                   : BIOS.obj (.text:ti_sysbios_knl_Swi_disable__E)
                  000055e0    00000010     empty_pem4f.oem4f (.text:ti_sysbios_knl_Task_Object__get__S)
                  000055f0    00000010     sysbios.aem4f : BIOS.obj (.text:ti_sysbios_knl_Task_disable__E)
                  00005600    00000010     ti.targets.arm.rtsarm.aem4f : Gate.oem4f (.text:xdc_runtime_Gate_leaveSystem__E)
                  00005610    00000010                                 : Memory.oem4f (.text:xdc_runtime_Memory_free__E)
                  00005620    00000010                                 : SysMin.oem4f (.text:xdc_runtime_SysMin_ready__E)
                  00005630    00000010                                 : System.oem4f (.text:xdc_runtime_System_vsnprintf__E)
                  00005640    00000010     empty_pem4f.oem4f (.text:xdc_runtime_Text_visitRope__I)
                  00005650    0000000e     driverlib.lib : adc.obj (.text:ADCSequenceEnable)
                  0000565e    0000000e                   : timer.obj (.text:TimerEnable)
                  0000566c    0000000e     rtsv7M4_T_le_v4SPD16_eabi.lib : copy_decompress_none.obj (.text:decompress:none)
                  0000567a    00000006     driverlib.lib : gpio.obj (.text:GPIOPinWrite)
                  00005680    0000000e     sysbios.aem4f : BIOS.obj (.text:ti_sysbios_knl_Idle_loop__E)
                  0000568e    00000002     --HOLE-- [fill = 0]
                  00005690    0000000e                   : BIOS.obj (.text:ti_sysbios_knl_Queue_empty__E)
                  0000569e    00000002     --HOLE-- [fill = 0]
                  000056a0    0000000c     empty_pem4f.oem4f (.text:.bootCodeSection:ti_catalog_arm_cortexm4_tiva_ce_Boot_init__I)
                  000056ac    0000000c     rtsv7M4_T_le_v4SPD16_eabi.lib : copy_zero_init.obj (.text:decompress:ZI)
                  000056b8    0000000c     sysbios.aem4f : BIOS.obj (.text:ti_sysbios_family_arm_lm4_Timer_getMaxTicks__E)
                  000056c4    00000004     --HOLE-- [fill = 0]
                  000056c8    0000000c                   : BIOS.obj (.text:ti_sysbios_family_arm_m3_TaskSupport_checkStack__E)
                  000056d4    00000004     --HOLE-- [fill = 0]
                  000056d8    0000000c                   : BIOS.obj (.text:ti_sysbios_gates_GateHwi_enter__E)
                  000056e4    0000000c     empty_pem4f.oem4f (.text:ti_sysbios_knl_Queue_Object__get__S)
                  000056f0    0000000c     ti.targets.arm.rtsarm.aem4f : Error.oem4f (.text:xdc_runtime_Error_init__E)
                  000056fc    0000000c                                 : Gate.oem4f (.text:xdc_runtime_Gate_enterSystem__E)
                  00005708    0000000c                                 : Memory.oem4f (.text:xdc_runtime_Memory_calloc__E)
                  00005714    0000000c                                 : Memory.oem4f (.text:xdc_runtime_Memory_getMaxDefaultTypeAlign__E)
                  00005720    0000000a     driverlib.lib : adc.obj (.text:ADCIntClear)
                  0000572a    0000000a     empty_pem4f.oem4f (.text:xdc_runtime_IHeap_alloc)
                  00005734    0000000a     empty_pem4f.oem4f (.text:xdc_runtime_IHeap_free)
                  0000573e    00000008     driverlib.lib : timer.obj (.text:TimerIntEnable)
                  00005746    00000008     sysbios.aem4f : BIOS.obj (.text:ti_sysbios_family_arm_lm4_Timer_masterDisable__I)
                  0000574e    00000002     --HOLE-- [fill = 0]
                  00005750    00000008                   : BIOS.obj (.text:ti_sysbios_family_arm_m3_Hwi_doSwiRestore__I)
                  00005758    00000008                   : BIOS.obj (.text:ti_sysbios_family_arm_m3_Hwi_startup__E)
                  00005760    00000006     driverlib.lib : sysctl.obj (.text:SysCtlDelay)
                  00005766    00000006     ti.targets.arm.rtsarm.aem4f : xdc_noinit.oem4f (.text:__xdc__init)
                  0000576c    00000006     rtsv7M4_T_le_v4SPD16_eabi.lib : copy_decompress_rle.obj (.text:decompress:rle24)
                  00005772    00000006     Boot.aem4f : Boot_sysctl.oem4f (.text:ti_catalog_arm_cortexm4_tiva_ce_Boot_sysCtlDelayI__I)
                  00005778    00000006     sysbios.aem4f : BIOS.obj (.text:ti_sysbios_family_arm_m3_Hwi_doTaskRestore__I)
                  0000577e    00000002     --HOLE-- [fill = 0]
                  00005780    00000006                   : BIOS.obj (.text:ti_sysbios_gates_GateHwi_leave__E)
                  00005786    00000002     --HOLE-- [fill = 0]
                  00005788    00000006                   : BIOS.obj (.text:ti_sysbios_heaps_HeapMem_isBlocking__E)
                  0000578e    00000002     --HOLE-- [fill = 0]
                  00005790    00000006                   : BIOS.obj (.text:ti_sysbios_knl_Queue_Instance_init__E)
                  00005796    00000002     --HOLE-- [fill = 0]
                  00005798    00000006                   : BIOS.obj (.text:ti_sysbios_knl_Swi_startup__E)
                  0000579e    00000006     ti.targets.arm.rtsarm.aem4f : System.oem4f (.text:xdc_runtime_System_Module_startup__E)
                  000057a4    00000004     --HOLE-- [fill = 0]
                  000057a8    00000004     sysbios.aem4f : BIOS.obj (.text:ti_sysbios_gates_GateHwi_query__E)
                  000057ac    00000004     --HOLE-- [fill = 0]
                  000057b0    00000004                   : BIOS.obj (.text:ti_sysbios_gates_GateMutex_query__E)
                  000057b4    00000004     --HOLE-- [fill = 0]
                  000057b8    00000004                   : BIOS.obj (.text:ti_sysbios_knl_Task_startup__E)
                  000057bc    00000004     --HOLE-- [fill = 0]
                  000057c0    00000002                   : BIOS.obj (.text:ti_sysbios_gates_GateHwi_Instance_init__E)
                  000057c2    00000006     --HOLE-- [fill = 0]
                  000057c8    00000002                   : BIOS.obj (.text:ti_sysbios_knl_Clock_logTick__E)

.const     0    000057cc    00001dd8     
                  000057cc    000018b7     empty_pem4f.oem4f (.const:xdc_runtime_Text_charTab__A)
                  00007083    00000001     empty_pem4f.oem4f (.const:xdc_runtime_Error_policy__C)
                  00007084    000000bc     empty_pem4f.oem4f (.const:xdc_runtime_Text_nodeTab__A)
                  00007140    0000006c     driverlib.lib : sysctl.obj (.const:g_pui32Xtals)
                  000071ac    00000048     empty_pem4f.oem4f (.const:.string)
                  000071f4    00000028     empty_pem4f.oem4f (.const:ti_sysbios_heaps_HeapMem_Module__FXNS__C)
                  0000721c    00000024     empty_pem4f.oem4f (.const:ti_sysbios_gates_GateHwi_Module__FXNS__C)
                  00007240    00000024     empty_pem4f.oem4f (.const:ti_sysbios_gates_GateMutex_Module__FXNS__C)
                  00007264    00000024     empty_pem4f.oem4f (.const:ti_sysbios_heaps_HeapMem_Object__PARAMS__C)
                  00007288    00000024     empty_pem4f.oem4f (.const:ti_sysbios_knl_Semaphore_Object__PARAMS__C)
                  000072ac    00000020     empty_pem4f.oem4f (.const:ti_sysbios_gates_GateHwi_Object__DESC__C)
                  000072cc    00000020     empty_pem4f.oem4f (.const:ti_sysbios_gates_GateMutex_Object__DESC__C)
                  000072ec    00000020     empty_pem4f.oem4f (.const:ti_sysbios_heaps_HeapMem_Object__DESC__C)
                  0000730c    00000020     empty_pem4f.oem4f (.const:ti_sysbios_knl_Queue_Object__DESC__C)
                  0000732c    00000020     empty_pem4f.oem4f (.const:ti_sysbios_knl_Semaphore_Object__DESC__C)
                  0000734c    00000020     empty_pem4f.oem4f (.const:xdc_runtime_Startup_sfxnTab__A)
                  0000736c    0000001c     empty_pem4f.oem4f (.const)
                  00007388    00000018     empty_pem4f.oem4f (.const:ti_sysbios_gates_GateHwi_Object__PARAMS__C)
                  000073a0    00000018     empty_pem4f.oem4f (.const:ti_sysbios_gates_GateMutex_Object__PARAMS__C)
                  000073b8    00000018     empty_pem4f.oem4f (.const:ti_sysbios_knl_Queue_Object__PARAMS__C)
                  000073d0    00000014     empty_pem4f.oem4f (.const:xdc_runtime_Startup_firstFxns__A)
                  000073e4    00000010     empty_pem4f.oem4f (.const:xdc_runtime_Startup_sfxnRts__A)
                  000073f4    00000008     empty_pem4f.oem4f (.const:ti_sysbios_family_arm_m3_Hwi_excHookFuncs__A)
                  000073fc    00000008     empty_pem4f.oem4f (.const:ti_sysbios_knl_Idle_funcList__C)
                  00007404    00000008     empty_pem4f.oem4f (.const:xdc_runtime_Startup_firstFxns__C)
                  0000740c    00000008     empty_pem4f.oem4f (.const:xdc_runtime_Startup_lastFxns__C)
                  00007414    00000004     empty_pem4f.oem4f (.const:ti_catalog_arm_cortexm4_tiva_ce_Boot_A_mustUseEnhancedClockMode__C)
                  00007418    00000004     empty_pem4f.oem4f (.const:ti_catalog_arm_cortexm4_tiva_ce_Boot_Module__diagsEnabled__C)
                  0000741c    00000004     empty_pem4f.oem4f (.const:ti_catalog_arm_cortexm4_tiva_ce_Boot_Module__diagsIncluded__C)
                  00007420    00000004     empty_pem4f.oem4f (.const:ti_catalog_arm_cortexm4_tiva_ce_Boot_Module__diagsMask__C)
                  00007424    00000004     empty_pem4f.oem4f (.const:ti_sysbios_family_arm_lm4_Timer_enableFunc__C)
                  00007428    00000004     empty_pem4f.oem4f (.const:ti_sysbios_family_arm_lm4_Timer_numTimerDevices__C)
                  0000742c    00000004     empty_pem4f.oem4f (.const:ti_sysbios_family_arm_lm4_Timer_startupNeeded__C)
                  00007430    00000004     empty_pem4f.oem4f (.const:ti_sysbios_family_arm_m3_Hwi_E_NMI__C)
                  00007434    00000004     empty_pem4f.oem4f (.const:ti_sysbios_family_arm_m3_Hwi_E_busFault__C)
                  00007438    00000004     empty_pem4f.oem4f (.const:ti_sysbios_family_arm_m3_Hwi_E_debugMon__C)
                  0000743c    00000004     empty_pem4f.oem4f (.const:ti_sysbios_family_arm_m3_Hwi_E_hardFault__C)
                  00007440    00000004     empty_pem4f.oem4f (.const:ti_sysbios_family_arm_m3_Hwi_E_memFault__C)
                  00007444    00000004     empty_pem4f.oem4f (.const:ti_sysbios_family_arm_m3_Hwi_E_noIsr__C)
                  00007448    00000004     empty_pem4f.oem4f (.const:ti_sysbios_family_arm_m3_Hwi_E_reserved__C)
                  0000744c    00000004     empty_pem4f.oem4f (.const:ti_sysbios_family_arm_m3_Hwi_E_svCall__C)
                  00007450    00000004     empty_pem4f.oem4f (.const:ti_sysbios_family_arm_m3_Hwi_E_usageFault__C)
                  00007454    00000004     empty_pem4f.oem4f (.const:ti_sysbios_family_arm_m3_Hwi_NUM_INTERRUPTS__C)
                  00007458    00000004     empty_pem4f.oem4f (.const:ti_sysbios_family_arm_m3_Hwi_Object__count__C)
                  0000745c    00000004     empty_pem4f.oem4f (.const:ti_sysbios_family_arm_m3_Hwi_ccr__C)
                  00007460    00000004     empty_pem4f.oem4f (.const:ti_sysbios_family_arm_m3_Hwi_excHandlerFunc__C)
                  00007464    00000004     empty_pem4f.oem4f (.const:ti_sysbios_family_arm_m3_Hwi_excHookFuncs__C)
                  00007468    00000004     empty_pem4f.oem4f (.const:ti_sysbios_family_arm_m3_Hwi_nullIsrFunc__C)
                  0000746c    00000004     empty_pem4f.oem4f (.const:ti_sysbios_family_arm_m3_Hwi_priGroup__C)
                  00007470    00000004     empty_pem4f.oem4f (.const:ti_sysbios_gates_GateMutex_A_badContext__C)
                  00007474    00000004     empty_pem4f.oem4f (.const:ti_sysbios_gates_GateMutex_Instance_State_sem__O)
                  00007478    00000004     empty_pem4f.oem4f (.const:ti_sysbios_gates_GateMutex_Module__diagsEnabled__C)
                  0000747c    00000004     empty_pem4f.oem4f (.const:ti_sysbios_gates_GateMutex_Module__diagsIncluded__C)
                  00007480    00000004     empty_pem4f.oem4f (.const:ti_sysbios_gates_GateMutex_Module__diagsMask__C)
                  00007484    00000004     empty_pem4f.oem4f (.const:ti_sysbios_hal_Hwi_E_stackOverflow__C)
                  00007488    00000004     empty_pem4f.oem4f (.const:ti_sysbios_heaps_HeapMem_A_align__C)
                  0000748c    00000004     empty_pem4f.oem4f (.const:ti_sysbios_heaps_HeapMem_A_heapSize__C)
                  00007490    00000004     empty_pem4f.oem4f (.const:ti_sysbios_heaps_HeapMem_A_invalidFree__C)
                  00007494    00000004     empty_pem4f.oem4f (.const:ti_sysbios_heaps_HeapMem_A_zeroBlock__C)
                  00007498    00000004     empty_pem4f.oem4f (.const:ti_sysbios_heaps_HeapMem_E_memory__C)
                  0000749c    00000004     empty_pem4f.oem4f (.const:ti_sysbios_heaps_HeapMem_Module__diagsEnabled__C)
                  000074a0    00000004     empty_pem4f.oem4f (.const:ti_sysbios_heaps_HeapMem_Module__diagsIncluded__C)
                  000074a4    00000004     empty_pem4f.oem4f (.const:ti_sysbios_heaps_HeapMem_Module__diagsMask__C)
                  000074a8    00000004     empty_pem4f.oem4f (.const:ti_sysbios_heaps_HeapMem_Module__gateObj__C)
                  000074ac    00000004     empty_pem4f.oem4f (.const:ti_sysbios_heaps_HeapMem_Object__count__C)
                  000074b0    00000004     empty_pem4f.oem4f (.const:ti_sysbios_heaps_HeapMem_reqAlign__C)
                  000074b4    00000004     empty_pem4f.oem4f (.const:ti_sysbios_knl_Clock_Module_State_clockQ__O)
                  000074b8    00000004     empty_pem4f.oem4f (.const:ti_sysbios_knl_Idle_funcList__A)
                  000074bc    00000004     empty_pem4f.oem4f (.const:ti_sysbios_knl_Semaphore_A_badContext__C)
                  000074c0    00000004     empty_pem4f.oem4f (.const:ti_sysbios_knl_Semaphore_A_noEvents__C)
                  000074c4    00000004     empty_pem4f.oem4f (.const:ti_sysbios_knl_Semaphore_A_overflow__C)
                  000074c8    00000004     empty_pem4f.oem4f (.const:ti_sysbios_knl_Semaphore_A_pendTaskDisabled__C)
                  000074cc    00000004     empty_pem4f.oem4f (.const:ti_sysbios_knl_Semaphore_Instance_State_pendQ__O)
                  000074d0    00000004     empty_pem4f.oem4f (.const:ti_sysbios_knl_Semaphore_Module__diagsEnabled__C)
                  000074d4    00000004     empty_pem4f.oem4f (.const:ti_sysbios_knl_Semaphore_Module__diagsIncluded__C)
                  000074d8    00000004     empty_pem4f.oem4f (.const:ti_sysbios_knl_Semaphore_Module__diagsMask__C)
                  000074dc    00000004     empty_pem4f.oem4f (.const:ti_sysbios_knl_Swi_Object__count__C)
                  000074e0    00000004     empty_pem4f.oem4f (.const:ti_sysbios_knl_Task_E_spOutOfBounds__C)
                  000074e4    00000004     empty_pem4f.oem4f (.const:ti_sysbios_knl_Task_E_stackOverflow__C)
                  000074e8    00000004     empty_pem4f.oem4f (.const:ti_sysbios_knl_Task_Module_State_inactiveQ__O)
                  000074ec    00000004     empty_pem4f.oem4f (.const:ti_sysbios_knl_Task_Object__count__C)
                  000074f0    00000004     empty_pem4f.oem4f (.const:ti_sysbios_knl_Task_allBlockedFunc__C)
                  000074f4    00000004     empty_pem4f.oem4f (.const:ti_sysbios_knl_Task_numConstructedTasks__C)
                  000074f8    00000004     empty_pem4f.oem4f (.const:xdc_runtime_Assert_E_assertFailed__C)
                  000074fc    00000004     empty_pem4f.oem4f (.const:xdc_runtime_Core_A_initializedParams__C)
                  00007500    00000004     empty_pem4f.oem4f (.const:xdc_runtime_Core_Module__diagsEnabled__C)
                  00007504    00000004     empty_pem4f.oem4f (.const:xdc_runtime_Core_Module__diagsIncluded__C)
                  00007508    00000004     empty_pem4f.oem4f (.const:xdc_runtime_Core_Module__diagsMask__C)
                  0000750c    00000004     empty_pem4f.oem4f (.const:xdc_runtime_Error_E_memory__C)
                  00007510    00000004     empty_pem4f.oem4f (.const:xdc_runtime_Error_Module__diagsEnabled__C)
                  00007514    00000004     empty_pem4f.oem4f (.const:xdc_runtime_Error_Module__diagsIncluded__C)
                  00007518    00000004     empty_pem4f.oem4f (.const:xdc_runtime_Error_Module__diagsMask__C)
                  0000751c    00000004     empty_pem4f.oem4f (.const:xdc_runtime_Error_Module__loggerFxn8__C)
                  00007520    00000004     empty_pem4f.oem4f (.const:xdc_runtime_Error_Module__loggerObj__C)
                  00007524    00000004     empty_pem4f.oem4f (.const:xdc_runtime_Error_policyFxn__C)
                  00007528    00000004     empty_pem4f.oem4f (.const:xdc_runtime_Error_raiseHook__C)
                  0000752c    00000004     empty_pem4f.oem4f (.const:xdc_runtime_IGateProvider_Interface__BASE__C)
                  00007530    00000004     empty_pem4f.oem4f (.const:xdc_runtime_IHeap_Interface__BASE__C)
                  00007534    00000004     empty_pem4f.oem4f (.const:xdc_runtime_IModule_Interface__BASE__C)
                  00007538    00000004     empty_pem4f.oem4f (.const:xdc_runtime_Log_L_error__C)
                  0000753c    00000004     empty_pem4f.oem4f (.const:xdc_runtime_Memory_defaultHeapInstance__C)
                  00007540    00000004     empty_pem4f.oem4f (.const:xdc_runtime_Startup_execImpl__C)
                  00007544    00000004     empty_pem4f.oem4f (.const:xdc_runtime_Startup_maxPasses__C)
                  00007548    00000004     empty_pem4f.oem4f (.const:xdc_runtime_Startup_sfxnRts__C)
                  0000754c    00000004     empty_pem4f.oem4f (.const:xdc_runtime_Startup_sfxnTab__C)
                  00007550    00000004     empty_pem4f.oem4f (.const:xdc_runtime_SysMin_bufSize__C)
                  00007554    00000004     empty_pem4f.oem4f (.const:xdc_runtime_SysMin_outputFunc__C)
                  00007558    00000004     empty_pem4f.oem4f (.const:xdc_runtime_System_Module__gateObj__C)
                  0000755c    00000004     empty_pem4f.oem4f (.const:xdc_runtime_System_abortFxn__C)
                  00007560    00000004     empty_pem4f.oem4f (.const:xdc_runtime_System_exitFxn__C)
                  00007564    00000004     empty_pem4f.oem4f (.const:xdc_runtime_System_extendFxn__C)
                  00007568    00000004     empty_pem4f.oem4f (.const:xdc_runtime_System_maxAtexitHandlers__C)
                  0000756c    00000004     empty_pem4f.oem4f (.const:xdc_runtime_Text_charTab__C)
                  00007570    00000004     empty_pem4f.oem4f (.const:xdc_runtime_Text_nameEmpty__C)
                  00007574    00000004     empty_pem4f.oem4f (.const:xdc_runtime_Text_nameStatic__C)
                  00007578    00000004     empty_pem4f.oem4f (.const:xdc_runtime_Text_nameUnknown__C)
                  0000757c    00000004     empty_pem4f.oem4f (.const:xdc_runtime_Text_nodeTab__C)
                  00007580    00000004     empty_pem4f.oem4f (.const:xdc_runtime_Text_visitRopeFxn__C)
                  00007584    00000002     empty_pem4f.oem4f (.const:ti_catalog_arm_cortexm4_tiva_ce_Boot_Module__id__C)
                  00007586    00000002     empty_pem4f.oem4f (.const:ti_sysbios_family_arm_m3_Hwi_Module__id__C)
                  00007588    00000002     empty_pem4f.oem4f (.const:ti_sysbios_gates_GateMutex_Module__id__C)
                  0000758a    00000002     empty_pem4f.oem4f (.const:ti_sysbios_hal_Hwi_Module__id__C)
                  0000758c    00000002     empty_pem4f.oem4f (.const:ti_sysbios_heaps_HeapMem_Module__id__C)
                  0000758e    00000002     empty_pem4f.oem4f (.const:ti_sysbios_knl_Semaphore_Module__id__C)
                  00007590    00000002     empty_pem4f.oem4f (.const:ti_sysbios_knl_Task_Module__id__C)
                  00007592    00000002     empty_pem4f.oem4f (.const:xdc_runtime_Core_Module__id__C)
                  00007594    00000002     empty_pem4f.oem4f (.const:xdc_runtime_Error_Module__loggerDefined__C)
                  00007596    00000002     empty_pem4f.oem4f (.const:xdc_runtime_Error_maxDepth__C)
                  00007598    00000002     empty_pem4f.oem4f (.const:xdc_runtime_Memory_Module__id__C)
                  0000759a    00000002     empty_pem4f.oem4f (.const:xdc_runtime_SysMin_flushAtExit__C)
                  0000759c    00000002     empty_pem4f.oem4f (.const:xdc_runtime_Text_charCnt__C)
                  0000759e    00000002     empty_pem4f.oem4f (.const:xdc_runtime_Text_isLoaded__C)
                  000075a0    00000002     empty_pem4f.oem4f (.const:xdc_runtime_Text_registryModsLastId__C)
                  000075a2    00000002     empty_pem4f.oem4f (.const:xdc_runtime_Text_unnamedModsLastId__C)

.cinit     0    000075a8    00000f18     
                  000075a8    00000ee4     (.cinit..data.load) [load image, compression = rle]
                  0000848c    0000000c     (__TI_handler_table)
                  00008498    00000008     (.cinit..bss.load) [load image, compression = zero_init]
                  000084a0    00000008     (.cinit..vecs.load) [load image, compression = zero_init]
                  000084a8    00000018     (__TI_cinit_table)

.init_array 
*          0    00000000    00000000     UNINITIALIZED

.resetVecs 
*          0    00000000    0000003c     
                  00000000    0000003c     empty_pem4f.oem4f (.resetVecs)

.data      0    20000360    00002560     UNINITIALIZED
                  20000360    00000400     empty.obj (.data:eight)
                  20000760    00000400     empty.obj (.data:five)
                  20000b60    00000400     empty.obj (.data:four)
                  20000f60    00000400     empty.obj (.data:one)
                  20001360    00000400     empty.obj (.data:seven)
                  20001760    00000400     empty.obj (.data:six)
                  20001b60    00000400     empty.obj (.data:three)
                  20001f60    00000400     empty.obj (.data:two)
                  20002360    00000130     empty_pem4f.oem4f (.data:ti_sysbios_knl_Task_Object__table__V)
                  20002490    0000010c     empty_pem4f.oem4f (.data)
                  2000259c    00000080     empty_pem4f.oem4f (.data:ti_sysbios_knl_Swi_Module_State_0_readyQ__A)
                  2000261c    00000080     empty_pem4f.oem4f (.data:ti_sysbios_knl_Task_Module_State_0_readyQ__A)
                  2000269c    00000044     empty_pem4f.oem4f (.data:ti_sysbios_knl_Task_Module__state__V)
                  200026e0    00000040     empty_pem4f.oem4f (.data:ti_sysbios_family_arm_lm4_Timer_Object__table__V)
                  20002720    0000003c     empty_pem4f.oem4f (.data:ti_sysbios_knl_Semaphore_Object__table__V)
                  2000275c    00000038     empty_pem4f.oem4f (.data:ti_sysbios_gates_GateMutex_Object__table__V)
                  20002794    00000034     empty_pem4f.oem4f (.data:ti_sysbios_family_arm_m3_Hwi_Module__state__V)
                  200027c8    00000030     empty_pem4f.oem4f (.data:ti_sysbios_family_arm_lm4_Timer_Module_State_0_device__A)
                  200027f8    00000030     empty_pem4f.oem4f (.data:ti_sysbios_family_arm_m3_Hwi_Object__table__V)
                  20002828    00000030     empty_pem4f.oem4f (.data:ti_sysbios_knl_Swi_Object__table__V)
                  20002858    0000002c     empty_pem4f.oem4f (.data:ti_sysbios_knl_Clock_Module__state__V)
                  20002884    00000024     empty_pem4f.oem4f (.data:ti_sysbios_BIOS_Module__state__V)
                  200028a8    00000008     rtsv7M4_T_le_v4SPD16_eabi.lib : _lock.obj (.data)
                  200028b0    00000008                                   : exit.obj (.data)
                  200028b8    00000004     empty.obj (.data)
                  200028bc    00000004     rtsv7M4_T_le_v4SPD16_eabi.lib : stkdepth_vars.obj (.data)

.bss       0    200028c0    00001111     UNINITIALIZED
                  200028c0    00000800     empty_pem4f.oem4f (.bss:taskStackSection)
                  200030c0    00000400     empty_pem4f.oem4f (.bss:ti_sysbios_heaps_HeapMem_Instance_State_0_buf__A)
                  200034c0    00000360     empty_pem4f.oem4f (.bss:ti_sysbios_family_arm_m3_Hwi_dispatchTable)
                  20003820    00000120     rtsv7M4_T_le_v4SPD16_eabi.lib : trgmsg.obj (.bss:__CIOBUF_)
                  20003940    00000080     empty_pem4f.oem4f (.bss:xdc_runtime_SysMin_Module_State_0_outbuf__A)
                  200039c0    00000008     (.common:parmbuf)
                  200039c8    00000004     (.common:delay)
                  200039cc    00000001     (.common:buzzer)
                  200039cd    00000001     (.common:led1)
                  200039ce    00000001     (.common:led2)
                  200039cf    00000001     (.common:led3)
                  200039d0    00000001     (.common:led4)

.stack     0    200039d4    00000300     UNINITIALIZED
                  200039d4    00000300     --HOLE--

.bootVecs 
*          0    00000000    00000008     DSECT
                  00000000    00000008     boot.aem4f : boot.oem4f (.bootVecs)

.vecs      0    20000000    00000360     UNINITIALIZED
                  20000000    00000360     empty_pem4f.oem4f (.vecs)

xdc.meta   0    00000000    000000e3     COPY SECTION
                  00000000    000000e3     empty_pem4f.oem4f (xdc.meta)

.TI.persistent 
*          0    20000360    00000000     UNINITIALIZED

.TI.noinit 
*          0    200028c0    00000000     UNINITIALIZED


LINKER GENERATED COPY TABLES

__TI_cinit_table @ 000084a8 records: 3, size/record: 8, table size: 24
	.data: load addr=000075a8, load size=00000ee4 bytes, run addr=20000360, run size=00002560 bytes, compression=rle
	.bss: load addr=00008498, load size=00000008 bytes, run addr=200028c0, run size=00001111 bytes, compression=zero_init
	.vecs: load addr=000084a0, load size=00000008 bytes, run addr=20000000, run size=00000360 bytes, compression=zero_init


LINKER GENERATED HANDLER TABLE

__TI_handler_table @ 0000848c records: 3, size/record: 4, table size: 12
	index: 0, handler: __TI_decompress_rle24
	index: 1, handler: __TI_decompress_none
	index: 2, handler: __TI_zero_init


GLOBAL SYMBOLS: SORTED ALPHABETICALLY BY Name 

address   name                                                              
-------   ----                                                              
00005721  ADCIntClear                                                       
00004d41  ADCIntStatus                                                      
0000536d  ADCProcessorTrigger                                               
000047c9  ADCSequenceConfigure                                              
00005179  ADCSequenceDataGet                                                
00005651  ADCSequenceEnable                                                 
00003655  ADCSequenceStepConfigure                                          
0000737c  ADCsem                                                            
00004521  C$$EXIT                                                           
00003bbf  C$$IO$$                                                           
00007380  GLCDsem                                                           
00004e21  GPIODirModeSet                                                    
00001e8d  GPIOPadConfigSet                                                  
00005553  GPIOPinRead                                                       
0000551d  GPIOPinTypeADC                                                    
0000552f  GPIOPinTypeGPIOInput                                              
00005385  GPIOPinTypeGPIOOutput                                             
0000567b  GPIOPinWrite                                                      
00000d69  HOSTclock                                                         
00000d31  HOSTclose                                                         
00000cf3  HOSTgetenv                                                        
00000c97  HOSTlseek                                                         
00000c45  HOSTopen                                                          
00000bf9  HOSTread                                                          
00000b9b  HOSTrename                                                        
00000b61  HOSTtime                                                          
00000b29  HOSTunlink                                                        
00000add  HOSTwrite                                                         
UNDEFED   SHT$$INIT_ARRAY$$Base                                             
UNDEFED   SHT$$INIT_ARRAY$$Limit                                            
00007384  SWITCHsem                                                         
000021f9  SysCtlClockGet                                                    
000028ed  SysCtlClockSet                                                    
00005761  SysCtlDelay                                                       
000049e9  SysCtlPeripheralEnable                                            
00003d2d  TimerConfigure                                                    
0000565f  TimerEnable                                                       
000012c5  TimerIntClear                                                     
0000573f  TimerIntEnable                                                    
00005541  TimerLoadSet                                                      
0000736c  Timer_2A_INT                                                      
00003d8d  Timer_ISR                                                         
00000000  __ASM__                                                           
20003820  __CIOBUF_                                                         
00000061  __ISA__                                                           
00000074  __PLAT__                                                          
20003cd4  __STACK_END                                                       
00000300  __STACK_SIZE                                                      
00000095  __TARG__                                                          
000084a8  __TI_CINIT_Base                                                   
000084c0  __TI_CINIT_Limit                                                  
0000848c  __TI_Handler_Table_Base                                           
00008498  __TI_Handler_Table_Limit                                          
00002fe1  __TI_auto_init                                                    
200028b0  __TI_cleanup_ptr                                                  
0000566d  __TI_decompress_none                                              
0000576d  __TI_decompress_rle24                                             
200028b4  __TI_dtors_ptr                                                    
00003bc3  __TI_readmsg                                                      
000075a8  __TI_static_base__                                                
00003b91  __TI_writemsg                                                     
000056ad  __TI_zero_init                                                    
000000bb  __TRDR__                                                          
00003397  __aeabi_idiv0                                                     
000036cf  __aeabi_memclr                                                    
000036cf  __aeabi_memclr4                                                   
000036cf  __aeabi_memclr8                                                   
00003121  __aeabi_memcpy                                                    
00003121  __aeabi_memcpy4                                                   
00003121  __aeabi_memcpy8                                                   
000036d1  __aeabi_memset                                                    
000036d1  __aeabi_memset4                                                   
000036d1  __aeabi_memset8                                                   
00004709  __aeabi_uidiv                                                     
00004709  __aeabi_uidivmod                                                  
ffffffff  __binit__                                                         
ffffffff  __c_args__                                                        
200039d4  __stack                                                           
00005767  __xdc__init                                                       
20002598  __xdc__init__addr                                                 
0000539d  _args_main                                                        
00004085  _c_int00                                                          
200028a8  _lock                                                             
0000549f  _nop                                                              
00005497  _register_lock                                                    
00005491  _register_unlock                                                  
200028ac  _unlock                                                           
00004525  abort                                                             
ffffffff  binit                                                             
200039cc  buzzer                                                            
00004279  copy_in                                                           
200039c8  delay                                                             
20000360  eight                                                             
0000452d  exit                                                              
20000760  five                                                              
20000b60  four                                                              
00004029  glcd_cleardisplay                                                 
00003ac1  glcd_cmd                                                          
00003b29  glcd_data                                                         
00003749  glcd_init                                                         
000043b5  glcd_setcolumn                                                    
00004809  glcd_setpage                                                      
200039cd  led1                                                              
200039ce  led2                                                              
200039cf  led3                                                              
200039d0  led4                                                              
00001511  main                                                              
200028bc  main_func_sp                                                      
00003121  memcpy                                                            
000036d7  memset                                                            
20000f60  one                                                               
000055f1  osi_TaskDisable                                                   
00005591  osi_start                                                         
000035d5  readADC                                                           
00007370  readADChandle                                                     
00002305  readSwitch                                                        
00007374  readSwitchhandle                                                  
20001360  seven                                                             
20001760  six                                                               
000054a5  strcpy                                                            
000054b9  strlen                                                            
20001b60  three                                                             
00007414  ti_catalog_arm_cortexm4_tiva_ce_Boot_A_mustUseEnhancedClockMode__C
00007418  ti_catalog_arm_cortexm4_tiva_ce_Boot_Module__diagsEnabled__C      
0000741c  ti_catalog_arm_cortexm4_tiva_ce_Boot_Module__diagsIncluded__C     
00007420  ti_catalog_arm_cortexm4_tiva_ce_Boot_Module__diagsMask__C         
00007584  ti_catalog_arm_cortexm4_tiva_ce_Boot_Module__id__C                
000056a1  ti_catalog_arm_cortexm4_tiva_ce_Boot_init__I                      
00002409  ti_catalog_arm_cortexm4_tiva_ce_Boot_sysCtlClockSetI__I           
00003399  ti_catalog_arm_cortexm4_tiva_ce_Boot_sysCtlClockSet__E            
00005773  ti_catalog_arm_cortexm4_tiva_ce_Boot_sysCtlDelayI__I              
20002884  ti_sysbios_BIOS_Module__state__V                                  
000052d1  ti_sysbios_BIOS_RtsGateProxy_Handle__label__S                     
00004f7d  ti_sysbios_BIOS_RtsGateProxy_Object__delete__S                    
00001725  ti_sysbios_BIOS_RtsGateProxy_enter__E                             
00001925  ti_sysbios_BIOS_RtsGateProxy_leave__E                             
000057b1  ti_sysbios_BIOS_RtsGateProxy_query__E                             
00004b2d  ti_sysbios_BIOS_atExitFunc__I                                     
00004eed  ti_sysbios_BIOS_errorRaiseHook__I                                 
00005479  ti_sysbios_BIOS_exitFunc__I                                       
0000382f  ti_sysbios_BIOS_nullFunc__I                                       
00004f11  ti_sysbios_BIOS_registerRTSLock__I                                
00004f35  ti_sysbios_BIOS_removeRTSLock__I                                  
00005055  ti_sysbios_BIOS_rtsLock__I                                        
000053b5  ti_sysbios_BIOS_rtsUnlock__I                                      
00005581  ti_sysbios_BIOS_setThreadType__E                                  
00004f59  ti_sysbios_BIOS_startFunc__I                                      
00005591  ti_sysbios_BIOS_start__E                                          
200027c8  ti_sysbios_family_arm_lm4_Timer_Module_State_0_device__A          
20002498  ti_sysbios_family_arm_lm4_Timer_Module_State_0_handles__A         
20002490  ti_sysbios_family_arm_lm4_Timer_Module__root__V                   
000053cd  ti_sysbios_family_arm_lm4_Timer_Module__startupDone__F            
000053cd  ti_sysbios_family_arm_lm4_Timer_Module__startupDone__S            
200024b0  ti_sysbios_family_arm_lm4_Timer_Module__state__V                  
00003c61  ti_sysbios_family_arm_lm4_Timer_Module_startup__E                 
200026e0  ti_sysbios_family_arm_lm4_Timer_Object__table__V                  
00007424  ti_sysbios_family_arm_lm4_Timer_enableFunc__C                     
00002f39  ti_sysbios_family_arm_lm4_Timer_enableTimers__I                   
00002e89  ti_sysbios_family_arm_lm4_Timer_enableTiva__I                     
000056b9  ti_sysbios_family_arm_lm4_Timer_getMaxTicks__E                    
00004569  ti_sysbios_family_arm_lm4_Timer_isrStub__E                        
00005747  ti_sysbios_family_arm_lm4_Timer_masterDisable__I                  
00001a9d  ti_sysbios_family_arm_lm4_Timer_masterEnable__I                   
00007428  ti_sysbios_family_arm_lm4_Timer_numTimerDevices__C                
00001fc1  ti_sysbios_family_arm_lm4_Timer_start__E                          
0000742c  ti_sysbios_family_arm_lm4_Timer_startupNeeded__C                  
00004749  ti_sysbios_family_arm_lm4_Timer_startup__E                        
00004b61  ti_sysbios_family_arm_lm4_Timer_stop__E                           
00005011  ti_sysbios_family_arm_lm4_Timer_write__I                          
00007430  ti_sysbios_family_arm_m3_Hwi_E_NMI__C                             
00007434  ti_sysbios_family_arm_m3_Hwi_E_busFault__C                        
00007438  ti_sysbios_family_arm_m3_Hwi_E_debugMon__C                        
0000743c  ti_sysbios_family_arm_m3_Hwi_E_hardFault__C                       
00007440  ti_sysbios_family_arm_m3_Hwi_E_memFault__C                        
00007444  ti_sysbios_family_arm_m3_Hwi_E_noIsr__C                           
00007448  ti_sysbios_family_arm_m3_Hwi_E_reserved__C                        
0000744c  ti_sysbios_family_arm_m3_Hwi_E_svCall__C                          
00007450  ti_sysbios_family_arm_m3_Hwi_E_usageFault__C                      
0000529d  ti_sysbios_family_arm_m3_Hwi_Handle__label__S                     
200024c4  ti_sysbios_family_arm_m3_Hwi_Module_State_0_excActive__A          
200024c8  ti_sysbios_family_arm_m3_Hwi_Module_State_0_excContext__A         
200024cc  ti_sysbios_family_arm_m3_Hwi_Module_State_0_excStack__A           
00007586  ti_sysbios_family_arm_m3_Hwi_Module__id__C                        
200024bc  ti_sysbios_family_arm_m3_Hwi_Module__root__V                      
000053e5  ti_sysbios_family_arm_m3_Hwi_Module__startupDone__F               
000053e5  ti_sysbios_family_arm_m3_Hwi_Module__startupDone__S               
20002794  ti_sysbios_family_arm_m3_Hwi_Module__state__V                     
00004189  ti_sysbios_family_arm_m3_Hwi_Module_startup__E                    
00007454  ti_sysbios_family_arm_m3_Hwi_NUM_INTERRUPTS__C                    
00007458  ti_sysbios_family_arm_m3_Hwi_Object__count__C                     
000054cd  ti_sysbios_family_arm_m3_Hwi_Object__get__S                       
200027f8  ti_sysbios_family_arm_m3_Hwi_Object__table__V                     
0000745c  ti_sysbios_family_arm_m3_Hwi_ccr__C                               
00004401  ti_sysbios_family_arm_m3_Hwi_disableInterrupt__E                  
00003cc9  ti_sysbios_family_arm_m3_Hwi_dispatchC__I                         
200034c0  ti_sysbios_family_arm_m3_Hwi_dispatchTable                        
000027f9  ti_sysbios_family_arm_m3_Hwi_dispatch__I                          
00005751  ti_sysbios_family_arm_m3_Hwi_doSwiRestore__I                      
00005779  ti_sysbios_family_arm_m3_Hwi_doTaskRestore__I                     
00004449  ti_sysbios_family_arm_m3_Hwi_enableInterrupt__E                   
00001929  ti_sysbios_family_arm_m3_Hwi_excBusFault__I                       
00002b99  ti_sysbios_family_arm_m3_Hwi_excDebugMon__I                       
00000041  ti_sysbios_family_arm_m3_Hwi_excDumpRegs__I                       
00005075  ti_sysbios_family_arm_m3_Hwi_excHandlerAsm__I                     
00007460  ti_sysbios_family_arm_m3_Hwi_excHandlerFunc__C                    
00001729  ti_sysbios_family_arm_m3_Hwi_excHandlerMax__I                     
00005099  ti_sysbios_family_arm_m3_Hwi_excHandler__I                        
00002c59  ti_sysbios_family_arm_m3_Hwi_excHardFault__I                      
000073f4  ti_sysbios_family_arm_m3_Hwi_excHookFuncs__A                      
00007464  ti_sysbios_family_arm_m3_Hwi_excHookFuncs__C                      
00001c09  ti_sysbios_family_arm_m3_Hwi_excMemFault__I                       
00004a21  ti_sysbios_family_arm_m3_Hwi_excNmi__I                            
00004909  ti_sysbios_family_arm_m3_Hwi_excNoIsr__I                          
00004491  ti_sysbios_family_arm_m3_Hwi_excReserved__I                       
00004849  ti_sysbios_family_arm_m3_Hwi_excSvCall__I                         
00001aa1  ti_sysbios_family_arm_m3_Hwi_excUsageFault__I                     
000045b1  ti_sysbios_family_arm_m3_Hwi_getStackInfo__E                      
00003431  ti_sysbios_family_arm_m3_Hwi_initNVIC__E                          
000040dd  ti_sysbios_family_arm_m3_Hwi_initStacks__E                        
00007468  ti_sysbios_family_arm_m3_Hwi_nullIsrFunc__C                       
e000e000  ti_sysbios_family_arm_m3_Hwi_nvic                                 
00004ea1  ti_sysbios_family_arm_m3_Hwi_pendSV__I                            
00003551  ti_sysbios_family_arm_m3_Hwi_postInit__I                          
0000746c  ti_sysbios_family_arm_m3_Hwi_priGroup__C                          
20000000  ti_sysbios_family_arm_m3_Hwi_ramVectors                           
00000000  ti_sysbios_family_arm_m3_Hwi_resetVectors                         
00004ec5  ti_sysbios_family_arm_m3_Hwi_return                               
00005759  ti_sysbios_family_arm_m3_Hwi_startup__E                           
000054e1  ti_sysbios_family_arm_m3_Hwi_switchFromBootStack__E               
00001c05  ti_sysbios_family_arm_m3_TaskSupport_Module__startupDone__S       
000034c5  ti_sysbios_family_arm_m3_TaskSupport_buildTaskStack               
000056c9  ti_sysbios_family_arm_m3_TaskSupport_checkStack__E                
000055a1  ti_sysbios_family_arm_m3_TaskSupport_glue                         
00004b91  ti_sysbios_family_arm_m3_TaskSupport_start__E                     
000053fd  ti_sysbios_family_arm_m3_TaskSupport_swap__E                      
00005197  ti_sysbios_family_xxx_Hwi_switchAndRunFunc                        
000052b7  ti_sysbios_gates_GateHwi_Handle__label__S                         
000057c1  ti_sysbios_gates_GateHwi_Instance_init__E                         
0000721c  ti_sysbios_gates_GateHwi_Module__FXNS__C                          
200024d0  ti_sysbios_gates_GateHwi_Module__root__V                          
000072ac  ti_sysbios_gates_GateHwi_Object__DESC__C                          
00007388  ti_sysbios_gates_GateHwi_Object__PARAMS__C                        
00004bc1  ti_sysbios_gates_GateHwi_Object__create__S                        
000050b9  ti_sysbios_gates_GateHwi_Object__delete__S                        
200024d8  ti_sysbios_gates_GateHwi_Object__table__V                         
000056d9  ti_sysbios_gates_GateHwi_enter__E                                 
00005781  ti_sysbios_gates_GateHwi_leave__E                                 
000057a9  ti_sysbios_gates_GateHwi_query__E                                 
00007470  ti_sysbios_gates_GateMutex_A_badContext__C                        
000052d1  ti_sysbios_gates_GateMutex_Handle__label__S                       
00007474  ti_sysbios_gates_GateMutex_Instance_State_sem__O                  
000055b1  ti_sysbios_gates_GateMutex_Instance_finalize__E                   
000051b9  ti_sysbios_gates_GateMutex_Instance_init__E                       
00007240  ti_sysbios_gates_GateMutex_Module__FXNS__C                        
00007478  ti_sysbios_gates_GateMutex_Module__diagsEnabled__C                
0000747c  ti_sysbios_gates_GateMutex_Module__diagsIncluded__C               
00007480  ti_sysbios_gates_GateMutex_Module__diagsMask__C                   
00007588  ti_sysbios_gates_GateMutex_Module__id__C                          
200024dc  ti_sysbios_gates_GateMutex_Module__root__V                        
000072cc  ti_sysbios_gates_GateMutex_Object__DESC__C                        
000073a0  ti_sysbios_gates_GateMutex_Object__PARAMS__C                      
00004bf1  ti_sysbios_gates_GateMutex_Object__create__S                      
00004f7d  ti_sysbios_gates_GateMutex_Object__delete__S                      
2000275c  ti_sysbios_gates_GateMutex_Object__table__V                       
00002d19  ti_sysbios_gates_GateMutex_enter__E                               
00005419  ti_sysbios_gates_GateMutex_leave__E                               
000057b1  ti_sysbios_gates_GateMutex_query__E                               
00007484  ti_sysbios_hal_Hwi_E_stackOverflow__C                             
0000529d  ti_sysbios_hal_Hwi_HwiProxy_Handle__label__S                      
000053e5  ti_sysbios_hal_Hwi_HwiProxy_Module__startupDone__S                
00004401  ti_sysbios_hal_Hwi_HwiProxy_disableInterrupt__E                   
00004449  ti_sysbios_hal_Hwi_HwiProxy_enableInterrupt__E                    
000045b1  ti_sysbios_hal_Hwi_HwiProxy_getStackInfo__E                       
00005759  ti_sysbios_hal_Hwi_HwiProxy_startup__E                            
000054e1  ti_sysbios_hal_Hwi_HwiProxy_switchFromBootStack__E                
0000758a  ti_sysbios_hal_Hwi_Module__id__C                                  
200024e4  ti_sysbios_hal_Hwi_Module__root__V                                
00005559  ti_sysbios_hal_Hwi_Module_startup__E                              
200024ec  ti_sysbios_hal_Hwi_Object__table__V                               
00004a59  ti_sysbios_hal_Hwi_checkStack                                     
00004af9  ti_sysbios_hal_Hwi_initStack                                      
00007488  ti_sysbios_heaps_HeapMem_A_align__C                               
0000748c  ti_sysbios_heaps_HeapMem_A_heapSize__C                            
00007490  ti_sysbios_heaps_HeapMem_A_invalidFree__C                         
00007494  ti_sysbios_heaps_HeapMem_A_zeroBlock__C                           
00007498  ti_sysbios_heaps_HeapMem_E_memory__C                              
000052eb  ti_sysbios_heaps_HeapMem_Handle__label__S                         
200030c0  ti_sysbios_heaps_HeapMem_Instance_State_0_buf__A                  
00001d51  ti_sysbios_heaps_HeapMem_Instance_init__E                         
000052d1  ti_sysbios_heaps_HeapMem_Module_GateProxy_Handle__label__S        
00004f7d  ti_sysbios_heaps_HeapMem_Module_GateProxy_Object__delete__S       
00001fbd  ti_sysbios_heaps_HeapMem_Module_GateProxy_enter__E                
000029dd  ti_sysbios_heaps_HeapMem_Module_GateProxy_leave__E                
000057b1  ti_sysbios_heaps_HeapMem_Module_GateProxy_query__E                
000071f4  ti_sysbios_heaps_HeapMem_Module__FXNS__C                          
0000749c  ti_sysbios_heaps_HeapMem_Module__diagsEnabled__C                  
000074a0  ti_sysbios_heaps_HeapMem_Module__diagsIncluded__C                 
000074a4  ti_sysbios_heaps_HeapMem_Module__diagsMask__C                     
000074a8  ti_sysbios_heaps_HeapMem_Module__gateObj__C                       
0000758c  ti_sysbios_heaps_HeapMem_Module__id__C                            
200024f4  ti_sysbios_heaps_HeapMem_Module__root__V                          
000072ec  ti_sysbios_heaps_HeapMem_Object__DESC__C                          
00007264  ti_sysbios_heaps_HeapMem_Object__PARAMS__C                        
000074ac  ti_sysbios_heaps_HeapMem_Object__count__C                         
00004c21  ti_sysbios_heaps_HeapMem_Object__create__S                        
000050d9  ti_sysbios_heaps_HeapMem_Object__delete__S                        
000054f5  ti_sysbios_heaps_HeapMem_Object__get__S                           
200024fc  ti_sysbios_heaps_HeapMem_Object__table__V                         
000012c9  ti_sysbios_heaps_HeapMem_alloc__E                                 
00001071  ti_sysbios_heaps_HeapMem_free__E                                  
000042c9  ti_sysbios_heaps_HeapMem_getStats__E                              
00004889  ti_sysbios_heaps_HeapMem_init__I                                  
00005789  ti_sysbios_heaps_HeapMem_isBlocking__E                            
000074b0  ti_sysbios_heaps_HeapMem_reqAlign__C                              
000074b4  ti_sysbios_knl_Clock_Module_State_clockQ__O                       
20002514  ti_sysbios_knl_Clock_Module__root__V                              
20002858  ti_sysbios_knl_Clock_Module__state__V                             
00004fa1  ti_sysbios_knl_Clock_Module_startup__E                            
000053cd  ti_sysbios_knl_Clock_TimerProxy_Module__startupDone__S            
00002c55  ti_sysbios_knl_Clock_TimerProxy_getMaxTicks__E                    
00004749  ti_sysbios_knl_Clock_TimerProxy_startup__E                        
00004d71  ti_sysbios_knl_Clock_doTick__I                                    
000057c9  ti_sysbios_knl_Clock_logTick__E                                   
00003831  ti_sysbios_knl_Clock_workFunc__E                                  
000074b8  ti_sysbios_knl_Idle_funcList__A                                   
000073fc  ti_sysbios_knl_Idle_funcList__C                                   
00005681  ti_sysbios_knl_Idle_loop__E                                       
000050f9  ti_sysbios_knl_Idle_run__E                                        
00005791  ti_sysbios_knl_Queue_Instance_init__E                             
2000251c  ti_sysbios_knl_Queue_Module__root__V                              
0000730c  ti_sysbios_knl_Queue_Object__DESC__C                              
000073b8  ti_sysbios_knl_Queue_Object__PARAMS__C                            
000051d5  ti_sysbios_knl_Queue_Object__destruct__S                          
000056e5  ti_sysbios_knl_Queue_Object__get__S                               
00004d9d  ti_sysbios_knl_Queue_construct                                    
00002d15  ti_sysbios_knl_Queue_destruct                                     
00005691  ti_sysbios_knl_Queue_empty__E                                     
000051f1  ti_sysbios_knl_Queue_put__E                                       
[...]
000056b9  ti_sysbios_family_arm_lm4_Timer_getMaxTicks__E                    
000056c9  ti_sysbios_family_arm_m3_TaskSupport_checkStack__E                
000056c9  ti_sysbios_knl_Task_SupportProxy_checkStack__E                    
000056d9  ti_sysbios_gates_GateHwi_enter__E                                 
000056e5  ti_sysbios_knl_Queue_Object__get__S                               
000056f1  xdc_runtime_Error_init__E                                         
000056fd  xdc_runtime_Gate_enterSystem__E                                   
00005709  xdc_runtime_Memory_calloc__E                                      
00005715  xdc_runtime_Memory_getMaxDefaultTypeAlign__E                      
00005721  ADCIntClear                                                       
0000572b  xdc_runtime_Memory_HeapProxy_alloc__E                             
00005735  xdc_runtime_Memory_HeapProxy_free__E                              
0000573f  TimerIntEnable                                                    
00005747  ti_sysbios_family_arm_lm4_Timer_masterDisable__I                  
00005751  ti_sysbios_family_arm_m3_Hwi_doSwiRestore__I                      
00005759  ti_sysbios_family_arm_m3_Hwi_startup__E                           
00005759  ti_sysbios_hal_Hwi_HwiProxy_startup__E                            
00005761  SysCtlDelay                                                       
00005767  __xdc__init                                                       
0000576d  __TI_decompress_rle24                                             
00005773  ti_catalog_arm_cortexm4_tiva_ce_Boot_sysCtlDelayI__I              
00005779  ti_sysbios_family_arm_m3_Hwi_doTaskRestore__I                     
00005781  ti_sysbios_gates_GateHwi_leave__E                                 
00005789  ti_sysbios_heaps_HeapMem_isBlocking__E                            
00005791  ti_sysbios_knl_Queue_Instance_init__E                             
00005799  ti_sysbios_knl_Swi_startup__E                                     
0000579f  xdc_runtime_System_Module_startup__E                              
000057a9  ti_sysbios_gates_GateHwi_query__E                                 
000057a9  xdc_runtime_Main_Module_GateProxy_query__E                        
000057a9  xdc_runtime_System_Module_GateProxy_query__E                      
000057b1  ti_sysbios_BIOS_RtsGateProxy_query__E                             
000057b1  ti_sysbios_gates_GateMutex_query__E                               
000057b1  ti_sysbios_heaps_HeapMem_Module_GateProxy_query__E                
000057b9  ti_sysbios_knl_Task_startup__E                                    
000057c1  ti_sysbios_gates_GateHwi_Instance_init__E                         
000057c9  ti_sysbios_knl_Clock_logTick__E                                   
000057cc  xdc_runtime_Text_charTab__A                                       
00007083  xdc_runtime_Error_policy__C                                       
00007084  xdc_runtime_Text_nodeTab__A                                       
000071f4  ti_sysbios_heaps_HeapMem_Module__FXNS__C                          
0000721c  ti_sysbios_gates_GateHwi_Module__FXNS__C                          
00007240  ti_sysbios_gates_GateMutex_Module__FXNS__C                        
00007264  ti_sysbios_heaps_HeapMem_Object__PARAMS__C                        
00007288  ti_sysbios_knl_Semaphore_Object__PARAMS__C                        
000072ac  ti_sysbios_gates_GateHwi_Object__DESC__C                          
000072cc  ti_sysbios_gates_GateMutex_Object__DESC__C                        
000072ec  ti_sysbios_heaps_HeapMem_Object__DESC__C                          
0000730c  ti_sysbios_knl_Queue_Object__DESC__C                              
0000732c  ti_sysbios_knl_Semaphore_Object__DESC__C                          
0000734c  xdc_runtime_Startup_sfxnTab__A                                    
0000736c  Timer_2A_INT                                                      
00007370  readADChandle                                                     
00007374  readSwitchhandle                                                  
00007378  updateGLCDhandle                                                  
0000737c  ADCsem                                                            
00007380  GLCDsem                                                           
00007384  SWITCHsem                                                         
00007388  ti_sysbios_gates_GateHwi_Object__PARAMS__C                        
000073a0  ti_sysbios_gates_GateMutex_Object__PARAMS__C                      
000073b8  ti_sysbios_knl_Queue_Object__PARAMS__C                            
000073d0  xdc_runtime_Startup_firstFxns__A                                  
000073e4  xdc_runtime_Startup_sfxnRts__A                                    
000073f4  ti_sysbios_family_arm_m3_Hwi_excHookFuncs__A                      
000073fc  ti_sysbios_knl_Idle_funcList__C                                   
00007404  xdc_runtime_Startup_firstFxns__C                                  
0000740c  xdc_runtime_Startup_lastFxns__C                                   
00007414  ti_catalog_arm_cortexm4_tiva_ce_Boot_A_mustUseEnhancedClockMode__C
00007418  ti_catalog_arm_cortexm4_tiva_ce_Boot_Module__diagsEnabled__C      
0000741c  ti_catalog_arm_cortexm4_tiva_ce_Boot_Module__diagsIncluded__C     
00007420  ti_catalog_arm_cortexm4_tiva_ce_Boot_Module__diagsMask__C         
00007424  ti_sysbios_family_arm_lm4_Timer_enableFunc__C                     
00007428  ti_sysbios_family_arm_lm4_Timer_numTimerDevices__C                
0000742c  ti_sysbios_family_arm_lm4_Timer_startupNeeded__C                  
00007430  ti_sysbios_family_arm_m3_Hwi_E_NMI__C                             
00007434  ti_sysbios_family_arm_m3_Hwi_E_busFault__C                        
00007438  ti_sysbios_family_arm_m3_Hwi_E_debugMon__C                        
0000743c  ti_sysbios_family_arm_m3_Hwi_E_hardFault__C                       
00007440  ti_sysbios_family_arm_m3_Hwi_E_memFault__C                        
00007444  ti_sysbios_family_arm_m3_Hwi_E_noIsr__C                           
00007448  ti_sysbios_family_arm_m3_Hwi_E_reserved__C                        
0000744c  ti_sysbios_family_arm_m3_Hwi_E_svCall__C                          
00007450  ti_sysbios_family_arm_m3_Hwi_E_usageFault__C                      
00007454  ti_sysbios_family_arm_m3_Hwi_NUM_INTERRUPTS__C                    
00007458  ti_sysbios_family_arm_m3_Hwi_Object__count__C                     
0000745c  ti_sysbios_family_arm_m3_Hwi_ccr__C                               
00007460  ti_sysbios_family_arm_m3_Hwi_excHandlerFunc__C                    
00007464  ti_sysbios_family_arm_m3_Hwi_excHookFuncs__C                      
00007468  ti_sysbios_family_arm_m3_Hwi_nullIsrFunc__C                       
0000746c  ti_sysbios_family_arm_m3_Hwi_priGroup__C                          
00007470  ti_sysbios_gates_GateMutex_A_badContext__C                        
00007474  ti_sysbios_gates_GateMutex_Instance_State_sem__O                  
00007478  ti_sysbios_gates_GateMutex_Module__diagsEnabled__C                
0000747c  ti_sysbios_gates_GateMutex_Module__diagsIncluded__C               
00007480  ti_sysbios_gates_GateMutex_Module__diagsMask__C                   
00007484  ti_sysbios_hal_Hwi_E_stackOverflow__C                             
00007488  ti_sysbios_heaps_HeapMem_A_align__C                               
0000748c  ti_sysbios_heaps_HeapMem_A_heapSize__C                            
00007490  ti_sysbios_heaps_HeapMem_A_invalidFree__C                         
00007494  ti_sysbios_heaps_HeapMem_A_zeroBlock__C                           
00007498  ti_sysbios_heaps_HeapMem_E_memory__C                              
0000749c  ti_sysbios_heaps_HeapMem_Module__diagsEnabled__C                  
000074a0  ti_sysbios_heaps_HeapMem_Module__diagsIncluded__C                 
000074a4  ti_sysbios_heaps_HeapMem_Module__diagsMask__C                     
000074a8  ti_sysbios_heaps_HeapMem_Module__gateObj__C                       
000074ac  ti_sysbios_heaps_HeapMem_Object__count__C                         
000074b0  ti_sysbios_heaps_HeapMem_reqAlign__C                              
000074b4  ti_sysbios_knl_Clock_Module_State_clockQ__O                       
000074b8  ti_sysbios_knl_Idle_funcList__A                                   
000074bc  ti_sysbios_knl_Semaphore_A_badContext__C                          
000074c0  ti_sysbios_knl_Semaphore_A_noEvents__C                            
000074c4  ti_sysbios_knl_Semaphore_A_overflow__C                            
000074c8  ti_sysbios_knl_Semaphore_A_pendTaskDisabled__C                    
000074cc  ti_sysbios_knl_Semaphore_Instance_State_pendQ__O                  
000074d0  ti_sysbios_knl_Semaphore_Module__diagsEnabled__C                  
000074d4  ti_sysbios_knl_Semaphore_Module__diagsIncluded__C                 
000074d8  ti_sysbios_knl_Semaphore_Module__diagsMask__C                     
000074dc  ti_sysbios_knl_Swi_Object__count__C                               
000074e0  ti_sysbios_knl_Task_E_spOutOfBounds__C                            
000074e4  ti_sysbios_knl_Task_E_stackOverflow__C                            
000074e8  ti_sysbios_knl_Task_Module_State_inactiveQ__O                     
000074ec  ti_sysbios_knl_Task_Object__count__C                              
000074f0  ti_sysbios_knl_Task_allBlockedFunc__C                             
000074f4  ti_sysbios_knl_Task_numConstructedTasks__C                        
000074f8  xdc_runtime_Assert_E_assertFailed__C                              
000074fc  xdc_runtime_Core_A_initializedParams__C                           
00007500  xdc_runtime_Core_Module__diagsEnabled__C                          
00007504  xdc_runtime_Core_Module__diagsIncluded__C                         
00007508  xdc_runtime_Core_Module__diagsMask__C                             
0000750c  xdc_runtime_Error_E_memory__C                                     
00007510  xdc_runtime_Error_Module__diagsEnabled__C                         
00007514  xdc_runtime_Error_Module__diagsIncluded__C                        
00007518  xdc_runtime_Error_Module__diagsMask__C                            
0000751c  xdc_runtime_Error_Module__loggerFxn8__C                           
00007520  xdc_runtime_Error_Module__loggerObj__C                            
00007524  xdc_runtime_Error_policyFxn__C                                    
00007528  xdc_runtime_Error_raiseHook__C                                    
0000752c  xdc_runtime_IGateProvider_Interface__BASE__C                      
00007530  xdc_runtime_IHeap_Interface__BASE__C                              
00007534  xdc_runtime_IModule_Interface__BASE__C                            
00007538  xdc_runtime_Log_L_error__C                                        
0000753c  xdc_runtime_Memory_defaultHeapInstance__C                         
00007540  xdc_runtime_Startup_execImpl__C                                   
00007544  xdc_runtime_Startup_maxPasses__C                                  
00007548  xdc_runtime_Startup_sfxnRts__C                                    
0000754c  xdc_runtime_Startup_sfxnTab__C                                    
00007550  xdc_runtime_SysMin_bufSize__C                                     
00007554  xdc_runtime_SysMin_outputFunc__C                                  
00007558  xdc_runtime_System_Module__gateObj__C                             
0000755c  xdc_runtime_System_abortFxn__C                                    
00007560  xdc_runtime_System_exitFxn__C                                     
00007564  xdc_runtime_System_extendFxn__C                                   
00007568  xdc_runtime_System_maxAtexitHandlers__C                           
0000756c  xdc_runtime_Text_charTab__C                                       
00007570  xdc_runtime_Text_nameEmpty__C                                     
00007574  xdc_runtime_Text_nameStatic__C                                    
00007578  xdc_runtime_Text_nameUnknown__C                                   
0000757c  xdc_runtime_Text_nodeTab__C                                       
00007580  xdc_runtime_Text_visitRopeFxn__C                                  
00007584  ti_catalog_arm_cortexm4_tiva_ce_Boot_Module__id__C                
00007586  ti_sysbios_family_arm_m3_Hwi_Module__id__C                        
00007588  ti_sysbios_gates_GateMutex_Module__id__C                          
0000758a  ti_sysbios_hal_Hwi_Module__id__C                                  
0000758c  ti_sysbios_heaps_HeapMem_Module__id__C                            
0000758e  ti_sysbios_knl_Semaphore_Module__id__C                            
00007590  ti_sysbios_knl_Task_Module__id__C                                 
00007592  xdc_runtime_Core_Module__id__C                                    
00007594  xdc_runtime_Error_Module__loggerDefined__C                        
00007596  xdc_runtime_Error_maxDepth__C                                     
00007598  xdc_runtime_Memory_Module__id__C                                  
0000759a  xdc_runtime_SysMin_flushAtExit__C                                 
0000759c  xdc_runtime_Text_charCnt__C                                       
0000759e  xdc_runtime_Text_isLoaded__C                                      
000075a0  xdc_runtime_Text_registryModsLastId__C                            
000075a2  xdc_runtime_Text_unnamedModsLastId__C                             
000075a8  __TI_static_base__                                                
0000848c  __TI_Handler_Table_Base                                           
00008498  __TI_Handler_Table_Limit                                          
000084a8  __TI_CINIT_Base                                                   
000084c0  __TI_CINIT_Limit                                                  
20000000  ti_sysbios_family_arm_m3_Hwi_ramVectors                           
20000360  eight                                                             
20000760  five                                                              
20000b60  four                                                              
20000f60  one                                                               
20001360  seven                                                             
20001760  six                                                               
20001b60  three                                                             
20001f60  two                                                               
20002360  ti_sysbios_knl_Task_Object__table__V                              
20002490  ti_sysbios_family_arm_lm4_Timer_Module__root__V                   
20002498  ti_sysbios_family_arm_lm4_Timer_Module_State_0_handles__A         
200024b0  ti_sysbios_family_arm_lm4_Timer_Module__state__V                  
200024bc  ti_sysbios_family_arm_m3_Hwi_Module__root__V                      
200024c4  ti_sysbios_family_arm_m3_Hwi_Module_State_0_excActive__A          
200024c8  ti_sysbios_family_arm_m3_Hwi_Module_State_0_excContext__A         
200024cc  ti_sysbios_family_arm_m3_Hwi_Module_State_0_excStack__A           
200024d0  ti_sysbios_gates_GateHwi_Module__root__V                          
200024d8  ti_sysbios_gates_GateHwi_Object__table__V                         
200024dc  ti_sysbios_gates_GateMutex_Module__root__V                        
200024e4  ti_sysbios_hal_Hwi_Module__root__V                                
200024ec  ti_sysbios_hal_Hwi_Object__table__V                               
200024f4  ti_sysbios_heaps_HeapMem_Module__root__V                          
200024fc  ti_sysbios_heaps_HeapMem_Object__table__V                         
20002514  ti_sysbios_knl_Clock_Module__root__V                              
2000251c  ti_sysbios_knl_Queue_Module__root__V                              
20002524  ti_sysbios_knl_Semaphore_Module__root__V                          
2000252c  ti_sysbios_knl_Swi_Module__root__V                                
20002534  ti_sysbios_knl_Swi_Module__state__V                               
20002550  ti_sysbios_knl_Task_Module__root__V                               
20002558  ti_sysbios_knl_Task_Module_State_0_idleTask__A                    
2000255c  xdc_runtime_Error_Module__state__V                                
20002560  xdc_runtime_Memory_Module__state__V                               
20002564  xdc_runtime_Registry_Module__state__V                             
2000256c  xdc_runtime_Startup_Module__state__V                              
20002574  xdc_runtime_SysMin_Module__state__V                               
20002580  xdc_runtime_System_Module_State_0_atexitHandlers__A               
20002588  xdc_runtime_System_Module__state__V                               
20002590  xdc_runtime_Text_Module__state__V                                 
20002598  __xdc__init__addr                                                 
2000259c  ti_sysbios_knl_Swi_Module_State_0_readyQ__A                       
2000261c  ti_sysbios_knl_Task_Module_State_0_readyQ__A                      
2000269c  ti_sysbios_knl_Task_Module__state__V                              
200026e0  ti_sysbios_family_arm_lm4_Timer_Object__table__V                  
20002720  ti_sysbios_knl_Semaphore_Object__table__V                         
2000275c  ti_sysbios_gates_GateMutex_Object__table__V                       
20002794  ti_sysbios_family_arm_m3_Hwi_Module__state__V                     
200027c8  ti_sysbios_family_arm_lm4_Timer_Module_State_0_device__A          
200027f8  ti_sysbios_family_arm_m3_Hwi_Object__table__V                     
20002828  ti_sysbios_knl_Swi_Object__table__V                               
20002858  ti_sysbios_knl_Clock_Module__state__V                             
20002884  ti_sysbios_BIOS_Module__state__V                                  
200028a8  _lock                                                             
200028ac  _unlock                                                           
200028b0  __TI_cleanup_ptr                                                  
200028b4  __TI_dtors_ptr                                                    
200028b8  tickCount                                                         
200028bc  main_func_sp                                                      
200028c0  ti_sysbios_knl_Task_Instance_State_0_stack__A                     
20002ac0  ti_sysbios_knl_Task_Instance_State_1_stack__A                     
20002cc0  ti_sysbios_knl_Task_Instance_State_2_stack__A                     
20002ec0  ti_sysbios_knl_Task_Instance_State_3_stack__A                     
200030c0  ti_sysbios_heaps_HeapMem_Instance_State_0_buf__A                  
200034c0  ti_sysbios_family_arm_m3_Hwi_dispatchTable                        
20003820  __CIOBUF_                                                         
20003940  xdc_runtime_SysMin_Module_State_0_outbuf__A                       
200039c8  delay                                                             
200039cc  buzzer                                                            
200039cd  led1                                                              
200039ce  led2                                                              
200039cf  led3                                                              
200039d0  led4                                                              
200039d4  __stack                                                           
20003cd4  __STACK_END                                                       
e000e000  ti_sysbios_family_arm_m3_Hwi_nvic                                 
ffffffff  __binit__                                                         
ffffffff  __c_args__                                                        
ffffffff  binit                                                             
UNDEFED   SHT$$INIT_ARRAY$$Base                                             
UNDEFED   SHT$$INIT_ARRAY$$Limit                                            

[556 symbols]
