******************************************************************************
                  TI ARM Linker Unix v5.2.5                    
******************************************************************************
>> Linked Fri Aug 19 19:36:42 2016

OUTPUT FILE NAME:   <Lab3_3.out>
ENTRY POINT SYMBOL: "_c_int00"  address: 000008f5


MEMORY CONFIGURATION

         name            origin    length      used     unused   attr    fill
----------------------  --------  ---------  --------  --------  ----  --------
  FLASH                 00000000   00040000  00000c88  0003f378  R  X
  SRAM                  20000000   00008000  00000214  00007dec  RW X


SEGMENT ALLOCATION MAP

run origin  load origin   length   init length attrs members
----------  ----------- ---------- ----------- ----- -------
00000000    00000000    00000c88   00000c88    r-x
  00000000    00000000    0000026c   0000026c    r-- .intvecs
  0000026c    0000026c    00000900   00000900    r-x .text
  00000b6c    00000b6c    000000fc   000000fc    r-- .const
  00000c68    00000c68    00000020   00000020    r-- .cinit
20000000    20000000    00000214   00000000    rw-
  20000000    20000000    00000200   00000000    rw- .stack
  20000200    20000200    00000014   00000000    rw- .data


SECTION ALLOCATION MAP

 output                                  attributes/
section   page    origin      length       input sections
--------  ----  ----------  ----------   ----------------
.intvecs   0    00000000    0000026c     
                  00000000    0000026c     tm4c123gh6pm_startup_ccs.obj (.intvecs)

.text      0    0000026c    00000900     
                  0000026c    00000160     main.obj (.text)
                  000003cc    00000132     driverlib.lib : gpio.obj (.text:GPIOPadConfigSet)
                  000004fe    00000002     --HOLE-- [fill = 0]
                  00000500    00000110                   : sysctl.obj (.text:SysCtlClockGet)
                  00000610    000000f4                   : sysctl.obj (.text:SysCtlClockSet)
                  00000704    0000009c     rtsv7M4_T_le_v4SPD16_eabi.lib : memcpy_t2.obj (.text)
                  000007a0    0000007a                                   : memset_t2.obj (.text)
                  0000081a    00000002     --HOLE-- [fill = 0]
                  0000081c    0000006c                                   : autoinit.obj (.text)
                  00000888    0000006a                                   : copy_decompress_rle.obj (.text)
                  000008f2    00000002     --HOLE-- [fill = 0]
                  000008f4    00000050                                   : boot.obj (.text)
                  00000944    0000004c                                   : cpy_tbl.obj (.text)
                  00000990    00000048     driverlib.lib : gpio.obj (.text:GPIOPinConfigure)
                  000009d8    00000044     rtsv7M4_T_le_v4SPD16_eabi.lib : exit.obj (.text)
                  00000a1c    00000034     driverlib.lib : sysctl.obj (.text:SysCtlPeripheralEnable)
                  00000a50    0000002a                   : gpio.obj (.text:GPIODirModeSet)
                  00000a7a    00000022                   : pwm.obj (.text:PWMGenConfigure)
                  00000a9c    0000001e                   : pwm.obj (.text:PWMPulseWidthSet)
                  00000aba    00000002     --HOLE-- [fill = 0]
                  00000abc    00000018     rtsv7M4_T_le_v4SPD16_eabi.lib : args_main.obj (.text)
                  00000ad4    00000014     driverlib.lib : sysctl.obj (.text:SysCtlPWMClockSet)
                  00000ae8    00000014     rtsv7M4_T_le_v4SPD16_eabi.lib : _lock.obj (.text)
                  00000afc    00000012     driverlib.lib : gpio.obj (.text:GPIOPinTypePWM)
                  00000b0e    00000012                   : pwm.obj (.text:PWMOutputState)
                  00000b20    00000010                   : pwm.obj (.text:PWMGenPeriodSet)
                  00000b30    0000000e     rtsv7M4_T_le_v4SPD16_eabi.lib : copy_decompress_none.obj (.text:decompress:none)
                  00000b3e    0000000c     driverlib.lib : pwm.obj (.text:PWMGenEnable)
                  00000b4a    0000000c     tm4c123gh6pm_startup_ccs.obj (.text)
                  00000b56    00000006     driverlib.lib : gpio.obj (.text:GPIOPinRead)
                  00000b5c    00000006                   : sysctl.obj (.text:SysCtlDelay)
                  00000b62    00000006     rtsv7M4_T_le_v4SPD16_eabi.lib : copy_decompress_rle.obj (.text:decompress:rle24)
                  00000b68    00000004                                   : pre_init.obj (.text)

.const     0    00000b6c    000000fc     
                  00000b6c    00000090     driverlib.lib : gpio.obj (.const:g_pui32GPIOBaseAddrs)
                  00000bfc    0000006c                   : sysctl.obj (.const:g_pui32Xtals)

.cinit     0    00000c68    00000020     
                  00000c68    0000000f     (.cinit..data.load) [load image, compression = rle]
                  00000c77    00000001     --HOLE-- [fill = 0]
                  00000c78    00000008     (__TI_handler_table)
                  00000c80    00000008     (__TI_cinit_table)

.init_array 
*          0    00000000    00000000     UNINITIALIZED

.data      0    20000200    00000014     UNINITIALIZED
                  20000200    00000008     rtsv7M4_T_le_v4SPD16_eabi.lib : _lock.obj (.data)
                  20000208    00000008                                   : exit.obj (.data)
                  20000210    00000004                                   : stkdepth_vars.obj (.data)

.stack     0    20000000    00000200     UNINITIALIZED
                  20000000    00000200     --HOLE--

.TI.persistent 
*          0    20000200    00000000     UNINITIALIZED


LINKER GENERATED COPY TABLES

__TI_cinit_table @ 00000c80 records: 1, size/record: 8, table size: 8
	.data: load addr=00000c68, load size=0000000f bytes, run addr=20000200, run size=00000014 bytes, compression=rle


LINKER GENERATED HANDLER TABLE

__TI_handler_table @ 00000c78 records: 2, size/record: 4, table size: 8
	index: 0, handler: __TI_decompress_rle24
	index: 1, handler: __TI_decompress_none


GLOBAL SYMBOLS: SORTED ALPHABETICALLY BY Name 

address   name                    
-------   ----                    
000009d9  C$$EXIT                 
00000a51  GPIODirModeSet          
000003cd  GPIOPadConfigSet        
00000991  GPIOPinConfigure        
00000b57  GPIOPinRead             
00000afd  GPIOPinTypePWM          
00000a7b  PWMGenConfigure         
00000b3f  PWMGenEnable            
00000b21  PWMGenPeriodSet         
00000b0f  PWMOutputState          
00000a9d  PWMPulseWidthSet        
00000b4b  ResetISR                
UNDEFED   SHT$$INIT_ARRAY$$Base   
UNDEFED   SHT$$INIT_ARRAY$$Limit  
00000501  SysCtlClockGet          
00000611  SysCtlClockSet          
00000b5d  SysCtlDelay             
00000ad5  SysCtlPWMClockSet       
00000a1d  SysCtlPeripheralEnable  
20000200  __STACK_END             
00000200  __STACK_SIZE            
20000200  __STACK_TOP             
00000c80  __TI_CINIT_Base         
00000c88  __TI_CINIT_Limit        
00000c78  __TI_Handler_Table_Base 
00000c80  __TI_Handler_Table_Limit
0000081d  __TI_auto_init          
20000208  __TI_cleanup_ptr        
00000b31  __TI_decompress_none    
00000b63  __TI_decompress_rle24   
2000020c  __TI_dtors_ptr          
00000000  __TI_static_base__      
000007a1  __aeabi_memclr          
000007a1  __aeabi_memclr4         
000007a1  __aeabi_memclr8         
00000705  __aeabi_memcpy          
00000705  __aeabi_memcpy4         
00000705  __aeabi_memcpy8         
000007a3  __aeabi_memset          
000007a3  __aeabi_memset4         
000007a3  __aeabi_memset8         
ffffffff  __binit__               
ffffffff  __c_args__              
20000000  __stack                 
00000abd  _args_main              
000008f5  _c_int00                
20000200  _lock                   
00000af7  _nop                    
00000aef  _register_lock          
00000ae9  _register_unlock        
00000b69  _system_pre_init        
20000204  _unlock                 
000009dd  abort                   
ffffffff  binit                   
00000945  copy_in                 
000009e5  exit                    
00000000  g_pfnVectors            
0000026d  main                    
20000210  main_func_sp            
00000705  memcpy                  
000007a9  memset                  


GLOBAL SYMBOLS: SORTED BY Symbol Address 

address   name                    
-------   ----                    
00000000  __TI_static_base__      
00000000  g_pfnVectors            
00000200  __STACK_SIZE            
0000026d  main                    
000003cd  GPIOPadConfigSet        
00000501  SysCtlClockGet          
00000611  SysCtlClockSet          
00000705  __aeabi_memcpy          
00000705  __aeabi_memcpy4         
00000705  __aeabi_memcpy8         
00000705  memcpy                  
000007a1  __aeabi_memclr          
000007a1  __aeabi_memclr4         
000007a1  __aeabi_memclr8         
000007a3  __aeabi_memset          
000007a3  __aeabi_memset4         
000007a3  __aeabi_memset8         
000007a9  memset                  
0000081d  __TI_auto_init          
000008f5  _c_int00                
00000945  copy_in                 
00000991  GPIOPinConfigure        
000009d9  C$$EXIT                 
000009dd  abort                   
000009e5  exit                    
00000a1d  SysCtlPeripheralEnable  
00000a51  GPIODirModeSet          
00000a7b  PWMGenConfigure         
00000a9d  PWMPulseWidthSet        
00000abd  _args_main              
00000ad5  SysCtlPWMClockSet       
00000ae9  _register_unlock        
00000aef  _register_lock          
00000af7  _nop                    
00000afd  GPIOPinTypePWM          
00000b0f  PWMOutputState          
00000b21  PWMGenPeriodSet         
00000b31  __TI_decompress_none    
00000b3f  PWMGenEnable            
00000b4b  ResetISR                
00000b57  GPIOPinRead             
00000b5d  SysCtlDelay             
00000b63  __TI_decompress_rle24   
00000b69  _system_pre_init        
00000c78  __TI_Handler_Table_Base 
00000c80  __TI_CINIT_Base         
00000c80  __TI_Handler_Table_Limit
00000c88  __TI_CINIT_Limit        
20000000  __stack                 
20000200  __STACK_END             
20000200  __STACK_TOP             
20000200  _lock                   
20000204  _unlock                 
20000208  __TI_cleanup_ptr        
2000020c  __TI_dtors_ptr          
20000210  main_func_sp            
ffffffff  __binit__               
ffffffff  __c_args__              
ffffffff  binit                   
UNDEFED   SHT$$INIT_ARRAY$$Base   
UNDEFED   SHT$$INIT_ARRAY$$Limit  

[61 symbols]
