******************************************************************************
                  TI ARM Linker Unix v15.12.1                  
******************************************************************************
>> Linked Tue Aug 16 18:33:09 2016

OUTPUT FILE NAME:   <Lab3.out>
ENTRY POINT SYMBOL: "_c_int00"  address: 00000909


MEMORY CONFIGURATION

         name            origin    length      used     unused   attr    fill
----------------------  --------  ---------  --------  --------  ----  --------
  FLASH                 00000000   00040000  00000bce  0003f432  R  X
  SRAM                  20000000   00008000  00000218  00007de8  RW X


SEGMENT ALLOCATION MAP

run origin  load origin   length   init length attrs members
----------  ----------- ---------- ----------- ----- -------
00000000    00000000    00000bd0   00000bd0    r-x
  00000000    00000000    0000026c   0000026c    r-- .intvecs
  0000026c    0000026c    000008ce   000008ce    r-x .text
  00000b3c    00000b3c    0000006c   0000006c    r-- .const
  00000ba8    00000ba8    00000028   00000028    r-- .cinit
20000000    20000000    00000218   00000000    rw-
  20000000    20000000    00000200   00000000    rw- .stack
  20000200    20000200    00000018   00000000    rw- .data


SECTION ALLOCATION MAP

 output                                  attributes/
section   page    origin      length       input sections
--------  ----  ----------  ----------   ----------------
.intvecs   0    00000000    0000026c     
                  00000000    0000026c     tm4c123gh6pm_startup_ccs.obj (.intvecs)

.text      0    0000026c    000008ce     
                  0000026c    00000170     main.obj (.text)
                  000003dc    00000132     driverlib.lib : gpio.obj (.text:GPIOPadConfigSet)
                  0000050e    00000002     rtsv7M4_T_le_v4SPD16_eabi.lib : mpu_init.obj (.text)
                  00000510    00000110     driverlib.lib : sysctl.obj (.text:SysCtlClockGet)
                  00000620    000000f4                   : sysctl.obj (.text:SysCtlClockSet)
                  00000714    0000009c     rtsv7M4_T_le_v4SPD16_eabi.lib : memcpy_t2.obj (.text)
                  000007b0    0000007a                                   : memset_t2.obj (.text)
                  0000082a    00000002                                   : startup.obj (.text)
                  0000082c    00000070                                   : autoinit.obj (.text)
                  0000089c    0000006a                                   : copy_decompress_rle.obj (.text)
                  00000906    00000002     --HOLE-- [fill = 0]
                  00000908    00000054                                   : boot.obj (.text)
                  0000095c    00000054                                   : exit.obj (.text)
                  000009b0    0000004c                                   : cpy_tbl.obj (.text)
                  000009fc    00000034     driverlib.lib : sysctl.obj (.text:SysCtlPeripheralEnable)
                  00000a30    0000002a                   : gpio.obj (.text:GPIODirModeSet)
                  00000a5a    00000022                   : pwm.obj (.text:PWMGenConfigure)
                  00000a7c    0000001e                   : pwm.obj (.text:PWMPulseWidthSet)
                  00000a9a    00000002     --HOLE-- [fill = 0]
                  00000a9c    00000018     rtsv7M4_T_le_v4SPD16_eabi.lib : args_main.obj (.text)
                  00000ab4    00000014     driverlib.lib : sysctl.obj (.text:SysCtlPWMClockSet)
                  00000ac8    00000014     rtsv7M4_T_le_v4SPD16_eabi.lib : _lock.obj (.text)
                  00000adc    00000012     driverlib.lib : pwm.obj (.text:PWMOutputState)
                  00000aee    00000010                   : pwm.obj (.text:PWMGenPeriodSet)
                  00000afe    0000000e     rtsv7M4_T_le_v4SPD16_eabi.lib : copy_decompress_none.obj (.text:decompress:none)
                  00000b0c    0000000c     driverlib.lib : pwm.obj (.text:PWMGenEnable)
                  00000b18    0000000c     tm4c123gh6pm_startup_ccs.obj (.text)
                  00000b24    00000006     driverlib.lib : gpio.obj (.text:GPIOPinRead)
                  00000b2a    00000006                   : sysctl.obj (.text:SysCtlDelay)
                  00000b30    00000006     rtsv7M4_T_le_v4SPD16_eabi.lib : copy_decompress_rle.obj (.text:decompress:rle24)
                  00000b36    00000004                                   : pre_init.obj (.text)

.const     0    00000b3c    0000006c     
                  00000b3c    0000006c     driverlib.lib : sysctl.obj (.const:g_pui32Xtals)

.cinit     0    00000ba8    00000028     
                  00000ba8    00000016     (.cinit..data.load) [load image, compression = rle]
                  00000bbe    00000002     --HOLE-- [fill = 0]
                  00000bc0    00000008     (__TI_handler_table)
                  00000bc8    00000008     (__TI_cinit_table)

.init_array 
*          0    00000000    00000000     UNINITIALIZED

.data      0    20000200    00000018     UNINITIALIZED
                  20000200    0000000c     rtsv7M4_T_le_v4SPD16_eabi.lib : exit.obj (.data:$O1$$)
                  2000020c    00000008                                   : _lock.obj (.data:$O1$$)
                  20000214    00000004                                   : stkdepth_vars.obj (.data)

.stack     0    20000000    00000200     UNINITIALIZED
                  20000000    00000200     --HOLE--

MODULE SUMMARY

       Module                         code   ro data   rw data
       ------                         ----   -------   -------
    ./
       tm4c123gh6pm_startup_ccs.obj   12     620       0      
       main.obj                       368    0         0      
    +--+------------------------------+------+---------+---------+
       Total:                         380    620       0      
                                                              
    /opt/ti/TivaWare_C_Series-2.1.2.111/driverlib/ccs/Debug/driverlib.lib
       sysctl.obj                     594    108       0      
       gpio.obj                       354    0         0      
       pwm.obj                        110    0         0      
    +--+------------------------------+------+---------+---------+
       Total:                         1058   108       0      
                                                              
    /opt/ti/ccsv6/tools/compiler/ti-cgt-arm_15.12.1.LTS/lib/rtsv7M4_T_le_v4SPD16_eabi.lib
       memcpy_t2.obj                  156    0         0      
       memset_t2.obj                  122    0         0      
       autoinit.obj                   112    0         0      
       copy_decompress_rle.obj        112    0         0      
       exit.obj                       84     0         12     
       boot.obj                       84     0         0      
       cpy_tbl.obj                    76     0         0      
       _lock.obj                      20     0         8      
       args_main.obj                  24     0         0      
       copy_decompress_none.obj       14     0         0      
       pre_init.obj                   4      0         0      
       stkdepth_vars.obj              0      0         4      
       mpu_init.obj                   2      0         0      
       startup.obj                    2      0         0      
    +--+------------------------------+------+---------+---------+
       Total:                         812    0         24     
                                                              
       Stack:                         0      0         512    
       Linker Generated:              0      38        0      
    +--+------------------------------+------+---------+---------+
       Grand Total:                   2250   766       536    


LINKER GENERATED COPY TABLES

__TI_cinit_table @ 00000bc8 records: 1, size/record: 8, table size: 8
	.data: load addr=00000ba8, load size=00000016 bytes, run addr=20000200, run size=00000018 bytes, compression=rle


LINKER GENERATED HANDLER TABLE

__TI_handler_table @ 00000bc0 records: 2, size/record: 4, table size: 8
	index: 0, handler: __TI_decompress_rle24
	index: 1, handler: __TI_decompress_none


GLOBAL SYMBOLS: SORTED ALPHABETICALLY BY Name 

address   name                           
-------   ----                           
0000095d  C$$EXIT                        
00000a31  GPIODirModeSet                 
000003dd  GPIOPadConfigSet               
00000b25  GPIOPinRead                    
00000a5b  PWMGenConfigure                
00000b0d  PWMGenEnable                   
00000aef  PWMGenPeriodSet                
00000add  PWMOutputState                 
00000a7d  PWMPulseWidthSet               
00000b19  ResetISR                       
UNDEFED   SHT$$INIT_ARRAY$$Base          
UNDEFED   SHT$$INIT_ARRAY$$Limit         
00000511  SysCtlClockGet                 
00000621  SysCtlClockSet                 
00000b2b  SysCtlDelay                    
00000ab5  SysCtlPWMClockSet              
000009fd  SysCtlPeripheralEnable         
20000200  __STACK_END                    
00000200  __STACK_SIZE                   
20000200  __STACK_TOP                    
00000bc8  __TI_CINIT_Base                
00000bd0  __TI_CINIT_Limit               
00000bc0  __TI_Handler_Table_Base        
00000bc8  __TI_Handler_Table_Limit       
0000082d  __TI_auto_init                 
20000200  __TI_cleanup_ptr               
00000aff  __TI_decompress_none           
00000b31  __TI_decompress_rle24          
20000204  __TI_dtors_ptr                 
20000208  __TI_enable_exit_profile_output
ffffffff  __TI_pprof_out_hndl            
ffffffff  __TI_prof_data_size            
ffffffff  __TI_prof_data_start           
00000000  __TI_static_base__             
000007b1  __aeabi_memclr                 
000007b1  __aeabi_memclr4                
000007b1  __aeabi_memclr8                
00000715  __aeabi_memcpy                 
00000715  __aeabi_memcpy4                
00000715  __aeabi_memcpy8                
000007b3  __aeabi_memset                 
000007b3  __aeabi_memset4                
000007b3  __aeabi_memset8                
ffffffff  __binit__                      
ffffffff  __c_args__                     
0000050f  __mpu_init                     
20000000  __stack                        
00000a9d  _args_main                     
00000909  _c_int00                       
2000020c  _lock                          
00000ad7  _nop                           
00000acf  _register_lock                 
00000ac9  _register_unlock               
0000082b  _system_post_cinit             
00000b37  _system_pre_init               
20000210  _unlock                        
00000961  abort                          
ffffffff  binit                          
000009b1  copy_in                        
00000969  exit                           
00000000  g_pfnVectors                   
000002a3  main                           
20000214  main_func_sp                   
00000715  memcpy                         
000007b9  memset                         
0000026d  setup                          
0000028b  unlock                         


GLOBAL SYMBOLS: SORTED BY Symbol Address 

address   name                           
-------   ----                           
00000000  __TI_static_base__             
00000000  g_pfnVectors                   
00000200  __STACK_SIZE                   
0000026d  setup                          
0000028b  unlock                         
000002a3  main                           
000003dd  GPIOPadConfigSet               
0000050f  __mpu_init                     
00000511  SysCtlClockGet                 
00000621  SysCtlClockSet                 
00000715  __aeabi_memcpy                 
00000715  __aeabi_memcpy4                
00000715  __aeabi_memcpy8                
00000715  memcpy                         
000007b1  __aeabi_memclr                 
000007b1  __aeabi_memclr4                
000007b1  __aeabi_memclr8                
000007b3  __aeabi_memset                 
000007b3  __aeabi_memset4                
000007b3  __aeabi_memset8                
000007b9  memset                         
0000082b  _system_post_cinit             
0000082d  __TI_auto_init                 
00000909  _c_int00                       
0000095d  C$$EXIT                        
00000961  abort                          
00000969  exit                           
000009b1  copy_in                        
000009fd  SysCtlPeripheralEnable         
00000a31  GPIODirModeSet                 
00000a5b  PWMGenConfigure                
00000a7d  PWMPulseWidthSet               
00000a9d  _args_main                     
00000ab5  SysCtlPWMClockSet              
00000ac9  _register_unlock               
00000acf  _register_lock                 
00000ad7  _nop                           
00000add  PWMOutputState                 
00000aef  PWMGenPeriodSet                
00000aff  __TI_decompress_none           
00000b0d  PWMGenEnable                   
00000b19  ResetISR                       
00000b25  GPIOPinRead                    
00000b2b  SysCtlDelay                    
00000b31  __TI_decompress_rle24          
00000b37  _system_pre_init               
00000bc0  __TI_Handler_Table_Base        
00000bc8  __TI_CINIT_Base                
00000bc8  __TI_Handler_Table_Limit       
00000bd0  __TI_CINIT_Limit               
20000000  __stack                        
20000200  __STACK_END                    
20000200  __STACK_TOP                    
20000200  __TI_cleanup_ptr               
20000204  __TI_dtors_ptr                 
20000208  __TI_enable_exit_profile_output
2000020c  _lock                          
20000210  _unlock                        
20000214  main_func_sp                   
ffffffff  __TI_pprof_out_hndl            
ffffffff  __TI_prof_data_size            
ffffffff  __TI_prof_data_start           
ffffffff  __binit__                      
ffffffff  __c_args__                     
ffffffff  binit                          
UNDEFED   SHT$$INIT_ARRAY$$Base          
UNDEFED   SHT$$INIT_ARRAY$$Limit         

[67 symbols]
