******************************************************************************
                  TI ARM Linker Unix v5.2.5                    
******************************************************************************
>> Linked Wed Sep 28 17:20:52 2016

OUTPUT FILE NAME:   <pwmled_EK_TM4C123GXL_TI_TivaTM4C123GH6PM.out>
ENTRY POINT SYMBOL: "_c_int00"  address: 000036c9


MEMORY CONFIGURATION

         name            origin    length      used     unused   attr    fill
----------------------  --------  ---------  --------  --------  ----  --------
  FLASH                 00000000   00040000  00007500  00038b00  R  X
  SRAM                  20000000   00008000  000018c0  00006740  RW X


SEGMENT ALLOCATION MAP

run origin  load origin   length   init length attrs members
----------  ----------- ---------- ----------- ----- -------
00000000    00000000    00007508   00007508    r-x
  00000000    00000000    0000003c   0000003c    r-- .resetVecs
  00000040    00000040    00005242   00005242    r-x .text
  00005284    00005284    00001f12   00001f12    r-- .const
  00007198    00007198    00000370   00000370    r-- .cinit
20000000    20000000    000018c0   00000000    rw-
  20000000    20000000    00000360   00000000    rw- .vecs
  20000360    20000360    00000e00   00000000    rw- .bss
  20001160    20001160    00000460   00000000    rw- .data
  200015c0    200015c0    00000300   00000000    rw- .stack


SECTION ALLOCATION MAP

 output                                  attributes/
section   page    origin      length       input sections
--------  ----  ----------  ----------   ----------------
.text      0    00000040    00005242     
                  00000040    00000430     sysbios.aem4f : BIOS.obj (.text:ti_sysbios_family_arm_m3_Hwi_excDumpRegs__I)
                  00000470    0000034c     ti.targets.arm.rtsarm.aem4f : System.oem4f (.text:xdc_runtime_System_doPrint__I)
                  000007bc    000002d4     rtsv7M4_T_le_v4SPD16_eabi.lib : trgdrv.obj (.text)
                  00000a90    000001fc     sysbios.aem4f : BIOS.obj (.text:ti_sysbios_family_arm_m3_Hwi_excHandlerMax__I)
                  00000c8c    00000004     pwmled_pem4f.oem4f (.text:ti_sysbios_BIOS_RtsGateProxy_enter__E)
                  00000c90    00000174     sysbios.aem4f : BIOS.obj (.text:ti_sysbios_family_arm_m3_Hwi_excBusFault__I)
                  00000e04    00000170     drivers_tivaware.aem4f : PWMTiva.oem4f (.text:PWMTiva_open)
                  00000f74    00000004     pwmled_pem4f.oem4f (.text:ti_sysbios_BIOS_RtsGateProxy_leave__E)
                  00000f78    00000164     sysbios.aem4f : BIOS.obj (.text:ti_sysbios_family_arm_m3_Hwi_excUsageFault__I)
                  000010dc    00000150     drivers_tivaware.aem4f : GPIOTiva.oem4f (.text:GPIO_setConfig)
                  0000122c    00000004     sysbios.aem4f : BIOS.obj (.text:ti_sysbios_family_arm_lm4_Timer_masterEnable__I)
                  00001230    00000148                   : BIOS.obj (.text:ti_sysbios_family_arm_m3_Hwi_excMemFault__I)
                  00001378    00000138                   : BIOS.obj (.text:ti_sysbios_knl_Semaphore_pend__E)
                  000014b0    00000132     driverlib.lib : gpio.obj (.text:GPIOPadConfigSet)
                  000015e2    00000002     rtsv7M4_T_le_v4SPD16_eabi.lib : i_div0.obj (.text)
                  000015e4    00000118     ti.targets.arm.rtsarm.aem4f : Error.oem4f (.text:xdc_runtime_Error_policyDefault__E)
                  000016fc    00000004     pwmled_pem4f.oem4f (.text:ti_sysbios_family_arm_m3_TaskSupport_Module__startupDone__S)
                  00001700    00000108     sysbios.aem4f : BIOS.obj (.text:ti_sysbios_family_arm_lm4_Timer_start__E)
                  00001808    00000100     Boot.aem4f : Boot_sysctl.oem4f (.text:ti_catalog_arm_cortexm4_tiva_ce_Boot_sysCtlClockSetI__I)
                  00001908    00000100     ti.targets.arm.rtsarm.aem4f : Core-mem.oem4f (.text:xdc_runtime_Core_createObject__I)
                  00001a08    000000f8                                 : Startup.oem4f (.text:xdc_runtime_Startup_startMods__I)
                  00001b00    000000f8     pwmled_pem4f.oem4f (.text:xdc_runtime_System_printfExtend__I)
                  00001bf8    000000f4     sysbios.aem4f : m3_Hwi_asm.obj (.text:ti_sysbios_family_arm_m3_Hwi_dispatch__I)
                  00001cec    000000f0     drivers_tivaware.aem4f : PWMTiva.oem4f (.text:PWMTiva_setDuty)
                  00001ddc    000000d8     pwmled.obj (.text:pwmLEDFxn)
                  00001eb4    000000d4     pwmled.obj (.text:main)
                  00001f88    000000cc     sysbios.aem4f : BIOS.obj (.text:ti_sysbios_heaps_HeapMem_alloc__E)
                  00002054    00000004     pwmled_pem4f.oem4f (.text:ti_sysbios_heaps_HeapMem_Module_GateProxy_enter__E)
                  00002058    000000cc     sysbios.aem4f : BIOS.obj (.text:ti_sysbios_knl_Task_Instance_init__E)
                  00002124    000000cc     ti.targets.arm.rtsarm.aem4f : Core-smem.oem4f (.text:xdc_runtime_Core_constructObject__I)
                  000021f0    000000c0     sysbios.aem4f : BIOS.obj (.text:ti_sysbios_knl_Task_sleep__E)
                  000022b0    000000bc                   : BIOS.obj (.text:ti_sysbios_family_arm_m3_Hwi_excDebugMon__I)
                  0000236c    00000004     pwmled_pem4f.oem4f (.text:ti_sysbios_heaps_HeapMem_Module_GateProxy_leave__E)
                  00002370    000000bc     sysbios.aem4f : BIOS.obj (.text:ti_sysbios_family_arm_m3_Hwi_excHardFault__I)
                  0000242c    00000004     pwmled_pem4f.oem4f (.text:ti_sysbios_knl_Clock_TimerProxy_getMaxTicks__E)
                  00002430    000000bc     sysbios.aem4f : BIOS.obj (.text:ti_sysbios_knl_Task_Instance_finalize__E)
                  000024ec    00000004     pwmled_pem4f.oem4f (.text:ti_sysbios_knl_Queue_destruct)
                  000024f0    000000b4     sysbios.aem4f : BIOS.obj (.text:ti_sysbios_knl_Task_checkStacks__E)
                  000025a4    00000004     pwmled_pem4f.oem4f (.text:ti_sysbios_knl_Semaphore_destruct)
                  000025a8    000000ac     sysbios.aem4f : BIOS.obj (.text:ti_sysbios_family_arm_lm4_Timer_enableTiva__I)
                  00002654    000000a0     auto_init.aem4f : auto_init.oem4f (.text)
                  000026f4    000000a0     ti.targets.arm.rtsarm.aem4f : Text.oem4f (.text:xdc_runtime_Text_putMod__E)
                  00002794    0000009c     rtsv7M4_T_le_v4SPD16_eabi.lib : memcpy_t2.obj (.text)
                  00002830    0000009c     sysbios.aem4f : BIOS.obj (.text:ti_sysbios_knl_Task_postInit__I)
                  000028cc    0000009a     ti.targets.arm.rtsarm.aem4f : Text.oem4f (.text:xdc_runtime_Text_putSite__E)
                  00002966    00000002     pwmled_pem4f.oem4f (.text:ti_sysbios_BIOS_nullFunc__I)
                  00002968    00000098     Boot.aem4f : Boot.oem4f (.text:ti_catalog_arm_cortexm4_tiva_ce_Boot_sysCtlClockSet__E)
                  00002a00    00000094     sysbios.aem4f : BIOS.obj (.text:ti_sysbios_family_arm_m3_Hwi_Instance_init__E)
                  00002a94    00000004     ti.targets.arm.rtsarm.aem4f : Error.oem4f (.text:xdc_runtime_Error_getSite__E)
                  00002a98    00000094     sysbios.aem4f : BIOS.obj (.text:ti_sysbios_family_arm_m3_Hwi_initNVIC__E)
                  00002b2c    0000008c     drivers_tivaware.aem4f : GPIOTiva.oem4f (.text:GPIO_init)
                  00002bb8    0000008c     sysbios.aem4f : m3_TaskSupport_asm.obj (.text:ti_sysbios_family_arm_m3_TaskSupport_buildTaskStack)
                  00002c44    00000088     drivers_tivaware.aem4f : PWMTiva.oem4f (.text:PWMTiva_control)
                  00002ccc    00000004     pwmled_pem4f.oem4f (.text:xdc_runtime_System_Module_GateProxy_enter__E)
                  00002cd0    00000084     sysbios.aem4f : BIOS.obj (.text:ti_sysbios_family_arm_m3_Hwi_postInit__I)
                  00002d54    00000004     pwmled_pem4f.oem4f (.text:xdc_runtime_System_Module_GateProxy_leave__E)
                  00002d58    0000007c     sysbios.aem4f : BIOS.obj (.text:ti_sysbios_heaps_HeapMem_free__E)
                  00002dd4    0000007a     rtsv7M4_T_le_v4SPD16_eabi.lib : memset_t2.obj (.text)
                  00002e4e    00000002     pwmled_pem4f.oem4f (.text:xdc_runtime_Startup_reset__I)
                  00002e50    00000070     sysbios.aem4f : BIOS.obj (.text:ti_sysbios_knl_Semaphore_post__E)
                  00002ec0    0000006d     ti.targets.arm.rtsarm.aem4f : System.oem4f (.text:xdc_runtime_System_formatNum__I)
                  00002f2d    00000003     --HOLE-- [fill = 0]
                  00002f30    0000006c     sysbios.aem4f : BIOS.obj (.text:ti_sysbios_knl_Clock_workFunc__E)
                  00002f9c    00000004     ti.targets.arm.rtsarm.aem4f : System.oem4f (.text:xdc_runtime_System_aprintf_va__F)
                  00002fa0    0000006c     sysbios.aem4f : BIOS.obj (.text:ti_sysbios_knl_Swi_restoreHwi__E)
                  0000300c    00000004     ti.targets.arm.rtsarm.aem4f : System.oem4f (.text:xdc_runtime_System_printf_va__F)
                  00003010    0000006c     sysbios.aem4f : BIOS.obj (.text:ti_sysbios_knl_Task_exit__E)
                  0000307c    0000006c     ti.targets.arm.rtsarm.aem4f : Error.oem4f (.text:xdc_runtime_Error_print__E)
                  000030e8    0000006c                                 : Memory.oem4f (.text:xdc_runtime_Memory_alloc__E)
                  00003154    0000006a     drivers_tivaware.aem4f : PWMTiva.oem4f (.text:PWMTiva_close)
                  000031be    0000006a     rtsv7M4_T_le_v4SPD16_eabi.lib : copy_decompress_rle.obj (.text)
                  00003228    00000068                                   : trgmsg.obj (.text)
                  00003290    00000066     ti.targets.arm.rtsarm.aem4f : Core-mem.oem4f (.text:xdc_runtime_Core_deleteObject__I)
                  000032f6    00000002     --HOLE-- [fill = 0]
                  000032f8    00000064     drivers_tivaware.aem4f : GPIOTiva.oem4f (.text:GPIO_hwiIntFxn)
                  0000335c    00000004     --HOLE-- [fill = 0]
                  00003360    00000064     sysbios.aem4f : BIOS.obj (.text:ti_sysbios_family_arm_lm4_Timer_Module_startup__E)
                  000033c4    00000064     pwmled_pem4f.oem4f (.text:ti_sysbios_family_arm_m3_Hwi_create)
                  00003428    00000064     sysbios.aem4f : BIOS.obj (.text:ti_sysbios_family_arm_m3_Hwi_dispatchC__I)
                  0000348c    00000004     --HOLE-- [fill = 0]
                  00003490    00000060                   : BIOS.obj (.text:ti_sysbios_knl_Task_schedule__I)
                  000034f0    0000005c                   : BIOS.obj (.text:ti_sysbios_knl_Swi_run__I)
                  0000354c    00000004     --HOLE-- [fill = 0]
                  00003550    0000005c                   : BIOS.obj (.text:ti_sysbios_knl_Swi_schedule__I)
                  000035ac    00000004     --HOLE-- [fill = 0]
                  000035b0    0000005c                   : BIOS.obj (.text:ti_sysbios_knl_Task_Module_startup__E)
                  0000360c    00000004     --HOLE-- [fill = 0]
                  00003610    0000005c                   : BIOS.obj (.text:ti_sysbios_knl_Task_startCore__E)
                  0000366c    0000005b     ti.targets.arm.rtsarm.aem4f : Text.oem4f (.text:xdc_runtime_Text_putLab__E)
                  000036c7    00000001     --HOLE-- [fill = 0]
                  000036c8    00000058     boot.aem4f : boot.oem4f (.text)
                  00003720    00000058     sysbios.aem4f : m3_Hwi_asm_switch.obj (.text:ti_sysbios_family_arm_m3_Hwi_initStacks__E)
                  00003778    00000056     driverlib.lib : gpio.obj (.text:GPIOIntTypeSet)
                  000037ce    00000002     --HOLE-- [fill = 0]
                  000037d0    00000054     sysbios.aem4f : BIOS.obj (.text:ti_sysbios_family_arm_lm4_Timer_initDevice__I)
                  00003824    00000054     pwmled_pem4f.oem4f (.text:ti_sysbios_knl_Task_construct)
                  00003878    00000054     ti.targets.arm.rtsarm.aem4f : Assert.oem4f (.text:xdc_runtime_Assert_raise__I)
                  000038cc    00000050     drivers_tivaware.aem4f : GPIOTiva.oem4f (.text:GPIO_setCallback)
                  0000391c    00000050                            : GPIOTiva.oem4f (.text:GPIO_write)
                  0000396c    00000004     --HOLE-- [fill = 0]
                  00003970    00000050     sysbios.aem4f : BIOS.obj (.text:ti_sysbios_family_arm_m3_Hwi_Module_startup__E)
                  000039c0    00000050     ti.targets.arm.rtsarm.aem4f : Startup.oem4f (.text:xdc_runtime_Startup_exec__E)
                  00003a10    00000050                                 : Text.oem4f (.text:xdc_runtime_Text_visitRope2__I)
                  00003a60    0000004c     rtsv7M4_T_le_v4SPD16_eabi.lib : cpy_tbl.obj (.text)
                  00003aac    00000004     --HOLE-- [fill = 0]
                  00003ab0    0000004c     sysbios.aem4f : BIOS.obj (.text:ti_sysbios_heaps_HeapMem_getStats__E)
                  00003afc    00000004     --HOLE-- [fill = 0]
                  00003b00    0000004c                   : BIOS.obj (.text:ti_sysbios_knl_Swi_runLoop__I)
                  00003b4c    00000004     --HOLE-- [fill = 0]
                  00003b50    0000004c                   : BIOS.obj (.text:ti_sysbios_knl_Task_allBlockedFunction__I)
                  00003b9c    00000048     driverlib.lib : gpio.obj (.text:GPIOPinConfigure)
                  00003be4    00000004     --HOLE-- [fill = 0]
                  00003be8    00000048     sysbios.aem4f : BIOS.obj (.text:ti_sysbios_family_arm_lm4_Timer_enableTimers__I)
                  00003c30    00000048                   : BIOS.obj (.text:ti_sysbios_family_arm_m3_Hwi_disableInterrupt__E)
                  00003c78    00000048                   : BIOS.obj (.text:ti_sysbios_family_arm_m3_Hwi_enableInterrupt__E)
                  00003cc0    00000048                   : BIOS.obj (.text:ti_sysbios_family_arm_m3_Hwi_excReserved__I)
                  00003d08    00000046     ti.targets.arm.rtsarm.aem4f : Core-params.oem4f (.text:xdc_runtime_Core_assignParams__I)
                  00003d4e    00000002     --HOLE-- [fill = 0]
                  00003d50    00000044     rtsv7M4_T_le_v4SPD16_eabi.lib : exit.obj (.text)
                  00003d94    00000004     --HOLE-- [fill = 0]
                  00003d98    00000044     sysbios.aem4f : BIOS.obj (.text:ti_sysbios_family_arm_lm4_Timer_isrStub__E)
                  00003ddc    00000004     --HOLE-- [fill = 0]
                  00003de0    00000044                   : BIOS.obj (.text:ti_sysbios_family_arm_m3_Hwi_getStackInfo__E)
                  00003e24    00000004     --HOLE-- [fill = 0]
                  00003e28    00000044                   : BIOS.obj (.text:ti_sysbios_knl_Swi_post__E)
                  00003e6c    00000044     ti.targets.arm.rtsarm.aem4f : Error.oem4f (.text:xdc_runtime_Error_setX__E)
                  00003eb0    00000044                                 : SysMin.oem4f (.text:xdc_runtime_SysMin_flush__E)
                  00003ef4    00000044                                 : Text.oem4f (.text:xdc_runtime_Text_xprintf__I)
                  00003f38    00000040     EK_TM4C123GXL.obj (.text:EK_TM4C123GXL_initGeneral)
                  00003f78    00000040     rtsv7M4_T_le_v4SPD16_eabi.lib : u_divt2.obj (.text)
                  00003fb8    00000040     sysbios.aem4f : BIOS.obj (.text:ti_sysbios_family_arm_lm4_Timer_startup__E)
                  00003ff8    00000040                   : BIOS.obj (.text:ti_sysbios_heaps_HeapMem_Instance_init__E)
                  00004038    0000003c                   : BIOS.obj (.text:ti_sysbios_family_arm_m3_Hwi_excSvCall__I)
                  00004074    00000004     --HOLE-- [fill = 0]
                  00004078    0000003c                   : BIOS.obj (.text:ti_sysbios_heaps_HeapMem_init__I)
                  000040b4    00000004     --HOLE-- [fill = 0]
                  000040b8    0000003c                   : BIOS.obj (.text:ti_sysbios_knl_Swi_restore__E)
                  000040f4    00000038     drivers_tivaware.aem4f : PWM.oem4f (.text:PWM_init)
                  0000412c    00000004     --HOLE-- [fill = 0]
                  00004130    00000038     sysbios.aem4f : BIOS.obj (.text:ti_sysbios_family_arm_m3_Hwi_excNoIsr__I)
                  00004168    00000038                   : BIOS.obj (.text:ti_sysbios_knl_Task_processVitalTaskFlag__I)
                  000041a0    00000038     ti.targets.arm.rtsarm.aem4f : SysMin.oem4f (.text:xdc_runtime_SysMin_putch__E)
                  000041d8    00000038                                 : System.oem4f (.text:xdc_runtime_System_atexit__E)
                  00004210    00000034     EK_TM4C123GXL.obj (.text:EK_TM4C123GXL_initPWM)
                  00004244    00000034     driverlib.lib : sysctl.obj (.text:SysCtlPeripheralEnable)
                  00004278    00000034     sysbios.aem4f : BIOS.obj (.text:ti_sysbios_family_arm_m3_Hwi_Instance_finalize__E)
                  000042ac    00000004     --HOLE-- [fill = 0]
                  000042b0    00000034                   : BIOS.obj (.text:ti_sysbios_family_arm_m3_Hwi_excNmi__I)
                  000042e4    00000004     --HOLE-- [fill = 0]
                  000042e8    00000034                   : BIOS.obj (.text:ti_sysbios_hal_Hwi_checkStack)
                  0000431c    00000034     ti.targets.arm.rtsarm.aem4f : Core-label.oem4f (.text:xdc_runtime_Core_assignLabel__I)
                  00004350    00000033                                 : Text.oem4f (.text:xdc_runtime_Text_printVisFxn__I)
                  00004383    00000005     --HOLE-- [fill = 0]
                  00004388    00000032     sysbios.aem4f : BIOS.obj (.text:ti_sysbios_hal_Hwi_initStack)
                  000043ba    00000002     --HOLE-- [fill = 0]
                  000043bc    00000030     EK_TM4C123GXL.obj (.text:EK_TM4C123GXL_initGPIO)
                  000043ec    00000030     drivers_tivaware.aem4f : PWMTiva.oem4f (.text:PWMTiva_init)
                  0000441c    00000030                            : PWM.oem4f (.text:PWM_open)
                  0000444c    00000030     pwmled_pem4f.oem4f (.text:ti_sysbios_BIOS_atExitFunc__I)
                  0000447c    00000004     --HOLE-- [fill = 0]
                  00004480    00000030     sysbios.aem4f : BIOS.obj (.text:ti_sysbios_family_arm_lm4_Timer_stop__E)
                  000044b0    00000030                   : BIOS.obj (.text:ti_sysbios_family_arm_m3_TaskSupport_start__E)
                  000044e0    00000030     pwmled_pem4f.oem4f (.text:ti_sysbios_gates_GateHwi_Object__create__S)
                  00004510    00000030     pwmled_pem4f.oem4f (.text:ti_sysbios_gates_GateMutex_Object__create__S)
                  00004540    00000030     sysbios.aem4f : BIOS.obj (.text:ti_sysbios_gates_GateMutex_enter__E)
                  00004570    00000030     pwmled_pem4f.oem4f (.text:ti_sysbios_heaps_HeapMem_Object__create__S)
                  000045a0    00000030     pwmled_pem4f.oem4f (.text:ti_sysbios_knl_Semaphore_construct)
                  000045d0    00000030     sysbios.aem4f : BIOS.obj (.text:ti_sysbios_knl_Semaphore_pendTimeout__I)
                  00004600    00000030                   : BIOS.obj (.text:ti_sysbios_knl_Task_unblockI__E)
                  00004630    00000030     ti.targets.arm.rtsarm.aem4f : SysMin.oem4f (.text:xdc_runtime_SysMin_abort__E)
                  00004660    00000030                                 : System.oem4f (.text:xdc_runtime_System_processAtExit__E)
                  00004690    0000002c     pwmled_pem4f.oem4f (.text:ti_sysbios_knl_Clock_doTick__I)
                  000046bc    0000002c     pwmled_pem4f.oem4f (.text:ti_sysbios_knl_Queue_construct)
                  000046e8    0000002c     sysbios.aem4f : BIOS.obj (.text:ti_sysbios_knl_Task_restore__E)
                  00004714    0000002c     ti.targets.arm.rtsarm.aem4f : Text.oem4f (.text:xdc_runtime_Text_cordText__E)
                  00004740    0000002a     driverlib.lib : gpio.obj (.text:GPIODirModeSet)
                  0000476a    0000002a     ti.targets.arm.rtsarm.aem4f : System.oem4f (.text:xdc_runtime_System_putchar__I)
                  00004794    00000004     --HOLE-- [fill = 0]
                  00004798    00000028     sysbios.aem4f : BIOS.obj (.text:ti_sysbios_knl_Clock_addI__E)
                  000047c0    00000028                   : BIOS.obj (.text:ti_sysbios_knl_Swi_Module_startup__E)
                  000047e8    00000026                   : m3_Hwi_asm.obj (.text:ti_sysbios_family_arm_m3_Hwi_pendSV__I)
                  0000480e    00000026     ti.targets.arm.rtsarm.aem4f : System.oem4f (.text:xdc_runtime_System_avprintf__E)
                  00004834    00000024     pwmled_pem4f.oem4f (.text:ti_sysbios_BIOS_errorRaiseHook__I)
                  00004858    00000024     pwmled_pem4f.oem4f (.text:ti_sysbios_BIOS_registerRTSLock__I)
                  0000487c    00000024     pwmled_pem4f.oem4f (.text:ti_sysbios_BIOS_removeRTSLock__I)
                  000048a0    00000024     pwmled_pem4f.oem4f (.text:ti_sysbios_BIOS_startFunc__I)
                  000048c4    00000024     pwmled_pem4f.oem4f (.text:ti_sysbios_gates_GateMutex_Object__delete__S)
                  000048e8    00000024     sysbios.aem4f : BIOS.obj (.text:ti_sysbios_knl_Clock_Module_startup__E)
                  0000490c    00000004     --HOLE-- [fill = 0]
                  00004910    00000024                   : BIOS.obj (.text:ti_sysbios_knl_Semaphore_Instance_init__E)
                  00004934    00000004     --HOLE-- [fill = 0]
                  00004938    00000024                   : BIOS.obj (.text:ti_sysbios_knl_Task_restoreHwi__E)
                  0000495c    00000024     ti.targets.arm.rtsarm.aem4f : System.oem4f (.text:xdc_runtime_System_vprintf__E)
                  00004980    00000022     driverlib.lib : pwm.obj (.text:PWMGenConfigure)
                  000049a2    00000022     drivers_tivaware.aem4f : PWMTiva.oem4f (.text:PWMTiva_getPeriodCounts)
                  000049c4    00000004     --HOLE-- [fill = 0]
                  000049c8    00000022     sysbios.aem4f : BIOS.obj (.text:ti_sysbios_family_arm_lm4_Timer_write__I)
                  000049ea    00000022     pwmled_pem4f.oem4f (.text:xdc_runtime_SysMin_output__I)
                  00004a0c    00000020     pwmled_pem4f.oem4f (.text:ti_sysbios_BIOS_rtsLock__I)
                  00004a2c    00000020     sysbios.aem4f : m3_Hwi_asm.obj (.text:ti_sysbios_family_arm_m3_Hwi_excHandlerAsm__I)
                  00004a4c    00000004     --HOLE-- [fill = 0]
                  00004a50    00000020                   : BIOS.obj (.text:ti_sysbios_family_arm_m3_Hwi_excHandler__I)
                  00004a70    00000020     pwmled_pem4f.oem4f (.text:ti_sysbios_gates_GateHwi_Object__delete__S)
                  00004a90    00000020     pwmled_pem4f.oem4f (.text:ti_sysbios_heaps_HeapMem_Object__delete__S)
                  00004ab0    00000020     sysbios.aem4f : BIOS.obj (.text:ti_sysbios_knl_Idle_run__E)
                  00004ad0    00000020     pwmled_pem4f.oem4f (.text:ti_sysbios_knl_Semaphore_Object__destruct__S)
                  00004af0    00000020     ti.targets.arm.rtsarm.aem4f : Registry.oem4f (.text:xdc_runtime_Registry_findById__E)
                  00004b10    00000020                                 : SysMin.oem4f (.text:xdc_runtime_SysMin_Module_startup__E)
                  00004b30    0000001e     driverlib.lib : pwm.obj (.text:PWMPulseWidthSet)
                  00004b4e    0000001e     drivers_tivaware.aem4f : PWMTiva.oem4f (.text:PWMTiva_getPeriodMicroSecs)
                  00004b6c    0000001e     sysbios.aem4f : m3_Hwi_asm_switch.obj (.text:ti_sysbios_family_xxx_Hwi_switchAndRunFunc)
                  00004b8a    0000001c     drivers_tivaware.aem4f : GPIOTiva.oem4f (.text:getGpioIntIndex)
                  00004ba6    00000002     --HOLE-- [fill = 0]
                  00004ba8    0000001c     sysbios.aem4f : BIOS.obj (.text:ti_sysbios_gates_GateMutex_Instance_init__E)
                  00004bc4    0000001c     pwmled_pem4f.oem4f (.text:ti_sysbios_knl_Queue_Object__destruct__S)
                  00004be0    0000001c     sysbios.aem4f : BIOS.obj (.text:ti_sysbios_knl_Queue_put__E)
                  00004bfc    00000004     --HOLE-- [fill = 0]
                  00004c00    0000001c                   : BIOS.obj (.text:ti_sysbios_knl_Task_enter__I)
                  00004c1c    0000001c     ti.targets.arm.rtsarm.aem4f : Error.oem4f (.text:xdc_runtime_Error_raiseX__E)
                  00004c38    0000001c                                 : Memory.oem4f (.text:xdc_runtime_Memory_valloc__E)
                  00004c54    0000001c                                 : SysMin.oem4f (.text:xdc_runtime_SysMin_exit__E)
                  00004c70    0000001c                                 : System.oem4f (.text:xdc_runtime_System_abort__E)
                  00004c8c    0000001a     pwmled_pem4f.oem4f (.text:ti_sysbios_family_arm_m3_Hwi_Handle__label__S)
                  00004ca6    0000001a     pwmled_pem4f.oem4f (.text:ti_sysbios_gates_GateHwi_Handle__label__S)
                  00004cc0    0000001a     pwmled_pem4f.oem4f (.text:ti_sysbios_gates_GateMutex_Handle__label__S)
                  00004cda    0000001a     pwmled_pem4f.oem4f (.text:ti_sysbios_heaps_HeapMem_Handle__label__S)
                  00004cf4    0000001a     pwmled_pem4f.oem4f (.text:ti_sysbios_knl_Swi_Handle__label__S)
                  00004d0e    0000001a     pwmled_pem4f.oem4f (.text:ti_sysbios_knl_Task_Handle__label__S)
                  00004d28    0000001a     pwmled_pem4f.oem4f (.text:xdc_runtime_System_aprintf__E)
                  00004d42    0000001a     pwmled_pem4f.oem4f (.text:xdc_runtime_System_printf__E)
                  00004d5c    00000018     rtsv7M4_T_le_v4SPD16_eabi.lib : args_main.obj (.text)
                  00004d74    00000018     pwmled_pem4f.oem4f (.text:ti_sysbios_BIOS_rtsUnlock__I)
                  00004d8c    00000018     pwmled_pem4f.oem4f (.text:ti_sysbios_family_arm_lm4_Timer_Module__startupDone__F)
                  00004da4    00000018     pwmled_pem4f.oem4f (.text:ti_sysbios_family_arm_m3_Hwi_Module__startupDone__F)
                  00004dbc    00000018     sysbios.aem4f : m3_TaskSupport_asm.obj (.text:ti_sysbios_family_arm_m3_TaskSupport_swap__E)
                  00004dd4    00000004     --HOLE-- [fill = 0]
                  00004dd8    00000018                   : BIOS.obj (.text:ti_sysbios_gates_GateMutex_leave__E)
                  00004df0    00000018                   : BIOS.obj (.text:ti_sysbios_knl_Task_sleepTimeout__I)
                  00004e08    00000018     ti.targets.arm.rtsarm.aem4f : Error.oem4f (.text:xdc_runtime_Error_check__E)
                  00004e20    00000018                                 : System.oem4f (.text:xdc_runtime_System_exit__E)
                  00004e38    00000018                                 : Text.oem4f (.text:xdc_runtime_Text_ropeText__E)
                  00004e50    00000016     pwmled_pem4f.oem4f (.text:ti_sysbios_BIOS_exitFunc__I)
                  00004e66    00000016     pwmled.obj (.text:ti_sysbios_knl_Task_Params_init)
                  00004e7c    00000014     driverlib.lib : pwm.obj (.text:PWMClockSet)
                  00004e90    00000014                   : sysctl.obj (.text:SysCtlPWMClockSet)
                  00004ea4    00000014     rtsv7M4_T_le_v4SPD16_eabi.lib : _lock.obj (.text)
                  00004eb8    00000014                                   : strcpy.obj (.text)
                  00004ecc    00000014                                   : strlen.obj (.text)
                  00004ee0    00000014     pwmled_pem4f.oem4f (.text:ti_sysbios_family_arm_m3_Hwi_Object__get__S)
                  00004ef4    00000004     --HOLE-- [fill = 0]
                  00004ef8    00000014     sysbios.aem4f : BIOS.obj (.text:ti_sysbios_family_arm_m3_Hwi_switchFromBootStack__E)
                  00004f0c    00000014     pwmled_pem4f.oem4f (.text:ti_sysbios_heaps_HeapMem_Object__get__S)
                  00004f20    00000014     pwmled_pem4f.oem4f (.text:ti_sysbios_knl_Swi_Object__get__S)
                  00004f34    00000012     driverlib.lib : gpio.obj (.text:GPIOPinTypeGPIOInput)
                  00004f46    00000012                   : gpio.obj (.text:GPIOPinTypePWM)
                  00004f58    00000012                   : pwm.obj (.text:PWMGenPeriodGet)
                  00004f6a    00000012                   : pwm.obj (.text:PWMOutputInvert)
                  00004f7c    00000012                   : pwm.obj (.text:PWMOutputState)
                  00004f8e    00000002     --HOLE-- [fill = 0]
                  00004f90    00000012     sysbios.aem4f : BIOS.obj (.text:ti_sysbios_hal_Hwi_Module_startup__E)
                  00004fa2    00000012     pwmled_pem4f.oem4f (.text:xdc_runtime_Startup_exec__I)
                  00004fb4    00000010     driverlib.lib : pwm.obj (.text:PWMGenPeriodSet)
                  00004fc4    00000010     drivers_tivaware.aem4f : PWM.oem4f (.text:PWM_Params_init)
                  00004fd4    00000004     --HOLE-- [fill = 0]
                  00004fd8    00000010     sysbios.aem4f : BIOS.obj (.text:ti_sysbios_BIOS_getCpuFreq__E)
                  00004fe8    00000010                   : BIOS.obj (.text:ti_sysbios_BIOS_setThreadType__E)
                  00004ff8    00000010                   : BIOS.obj (.text:ti_sysbios_BIOS_start__E)
                  00005008    00000010                   : m3_TaskSupport_asm.obj (.text:ti_sysbios_family_arm_m3_TaskSupport_glue)
                  00005018    00000010                   : BIOS.obj (.text:ti_sysbios_gates_GateMutex_Instance_finalize__E)
                  00005028    00000010                   : BIOS.obj (.text:ti_sysbios_knl_Semaphore_Instance_finalize__E)
                  00005038    00000010                   : BIOS.obj (.text:ti_sysbios_knl_Swi_disable__E)
                  00005048    00000010     pwmled_pem4f.oem4f (.text:ti_sysbios_knl_Task_Object__get__S)
                  00005058    00000010     sysbios.aem4f : BIOS.obj (.text:ti_sysbios_knl_Task_disable__E)
                  00005068    00000010     ti.targets.arm.rtsarm.aem4f : Gate.oem4f (.text:xdc_runtime_Gate_leaveSystem__E)
                  00005078    00000010                                 : Memory.oem4f (.text:xdc_runtime_Memory_free__E)
                  00005088    00000010                                 : SysMin.oem4f (.text:xdc_runtime_SysMin_ready__E)
                  00005098    00000010                                 : System.oem4f (.text:xdc_runtime_System_vsnprintf__E)
                  000050a8    00000010     pwmled_pem4f.oem4f (.text:xdc_runtime_Text_visitRope__I)
                  000050b8    0000000e     driverlib.lib : gpio.obj (.text:GPIOIntStatus)
                  000050c6    0000000e     rtsv7M4_T_le_v4SPD16_eabi.lib : copy_decompress_none.obj (.text:decompress:none)
                  000050d4    00000004     --HOLE-- [fill = 0]
                  000050d8    0000000e     sysbios.aem4f : BIOS.obj (.text:ti_sysbios_knl_Idle_loop__E)
                  000050e6    00000002     --HOLE-- [fill = 0]
                  000050e8    0000000e                   : BIOS.obj (.text:ti_sysbios_knl_Queue_empty__E)
                  000050f6    00000002     --HOLE-- [fill = 0]
                  000050f8    0000000c     pwmled_pem4f.oem4f (.text:.bootCodeSection:ti_catalog_arm_cortexm4_tiva_ce_Boot_init__I)
                  00005104    0000000c     driverlib.lib : pwm.obj (.text:PWMGenDisable)
                  00005110    0000000c                   : pwm.obj (.text:PWMGenEnable)
                  0000511c    0000000c     rtsv7M4_T_le_v4SPD16_eabi.lib : copy_zero_init.obj (.text:decompress:ZI)
                  00005128    0000000c     sysbios.aem4f : BIOS.obj (.text:ti_sysbios_family_arm_lm4_Timer_getMaxTicks__E)
                  00005134    0000000c     pwmled_pem4f.oem4f (.text:ti_sysbios_family_arm_m3_Hwi_Params__init__S)
                  00005140    0000000c     sysbios.aem4f : BIOS.obj (.text:ti_sysbios_family_arm_m3_Hwi_disableFxn__E)
                  0000514c    00000004     --HOLE-- [fill = 0]
                  00005150    0000000c                   : BIOS.obj (.text:ti_sysbios_family_arm_m3_TaskSupport_checkStack__E)
                  0000515c    00000004     --HOLE-- [fill = 0]
                  00005160    0000000c                   : BIOS.obj (.text:ti_sysbios_family_arm_m3_TaskSupport_getStackAlignment__E)
                  0000516c    00000004     --HOLE-- [fill = 0]
                  00005170    0000000c                   : BIOS.obj (.text:ti_sysbios_gates_GateHwi_enter__E)
                  0000517c    0000000c     pwmled_pem4f.oem4f (.text:ti_sysbios_knl_Queue_Object__get__S)
                  00005188    0000000c     pwmled_pem4f.oem4f (.text:ti_sysbios_knl_Task_Params__init__S)
                  00005194    0000000c     pwmled.obj (.text:ti_sysbios_knl_Task_handle)
                  000051a0    0000000c     ti.targets.arm.rtsarm.aem4f : Error.oem4f (.text:xdc_runtime_Error_init__E)
                  000051ac    0000000c                                 : Gate.oem4f (.text:xdc_runtime_Gate_enterSystem__E)
                  000051b8    0000000c                                 : Memory.oem4f (.text:xdc_runtime_Memory_calloc__E)
                  000051c4    0000000c                                 : Memory.oem4f (.text:xdc_runtime_Memory_getMaxDefaultTypeAlign__E)
                  000051d0    0000000a     drivers_tivaware.aem4f : PWM.oem4f (.text:PWM_setDuty)
                  000051da    0000000a     pwmled_pem4f.oem4f (.text:xdc_runtime_IHeap_alloc)
                  000051e4    0000000a     pwmled_pem4f.oem4f (.text:xdc_runtime_IHeap_free)
                  000051ee    00000008     sysbios.aem4f : BIOS.obj (.text:ti_sysbios_family_arm_lm4_Timer_masterDisable__I)
                  000051f6    00000002     --HOLE-- [fill = 0]
                  000051f8    00000008                   : BIOS.obj (.text:ti_sysbios_family_arm_m3_Hwi_doSwiRestore__I)
                  00005200    00000008                   : BIOS.obj (.text:ti_sysbios_family_arm_m3_Hwi_startup__E)
                  00005208    00000006     driverlib.lib : gpio.obj (.text:GPIOIntClear)
                  0000520e    00000006                   : gpio.obj (.text:GPIOPinWrite)
                  00005214    00000006     ti.targets.arm.rtsarm.aem4f : xdc_noinit.oem4f (.text:__xdc__init)
                  0000521a    00000006     rtsv7M4_T_le_v4SPD16_eabi.lib : copy_decompress_rle.obj (.text:decompress:rle24)
                  00005220    00000006     Boot.aem4f : Boot_sysctl.oem4f (.text:ti_catalog_arm_cortexm4_tiva_ce_Boot_sysCtlDelayI__I)
                  00005226    00000002     --HOLE-- [fill = 0]
                  00005228    00000006     sysbios.aem4f : BIOS.obj (.text:ti_sysbios_family_arm_m3_Hwi_doTaskRestore__I)
                  0000522e    00000002     --HOLE-- [fill = 0]
                  00005230    00000006                   : BIOS.obj (.text:ti_sysbios_family_arm_m3_Hwi_restoreFxn__E)
                  00005236    00000002     --HOLE-- [fill = 0]
                  00005238    00000006                   : BIOS.obj (.text:ti_sysbios_gates_GateHwi_leave__E)
                  0000523e    00000002     --HOLE-- [fill = 0]
                  00005240    00000006                   : BIOS.obj (.text:ti_sysbios_heaps_HeapMem_isBlocking__E)
                  00005246    00000002     --HOLE-- [fill = 0]
                  00005248    00000006                   : BIOS.obj (.text:ti_sysbios_knl_Queue_Instance_init__E)
                  0000524e    00000002     --HOLE-- [fill = 0]
                  00005250    00000006                   : BIOS.obj (.text:ti_sysbios_knl_Swi_startup__E)
                  00005256    00000006     ti.targets.arm.rtsarm.aem4f : System.oem4f (.text:xdc_runtime_System_Module_startup__E)
                  0000525c    00000004     --HOLE-- [fill = 0]
                  00005260    00000004     sysbios.aem4f : BIOS.obj (.text:ti_sysbios_gates_GateHwi_query__E)
                  00005264    00000004     --HOLE-- [fill = 0]
                  00005268    00000004                   : BIOS.obj (.text:ti_sysbios_gates_GateMutex_query__E)
                  0000526c    00000004     --HOLE-- [fill = 0]
                  00005270    00000004                   : BIOS.obj (.text:ti_sysbios_knl_Task_startup__E)
                  00005274    00000004     --HOLE-- [fill = 0]
                  00005278    00000002                   : BIOS.obj (.text:ti_sysbios_gates_GateHwi_Instance_init__E)
                  0000527a    00000006     --HOLE-- [fill = 0]
                  00005280    00000002                   : BIOS.obj (.text:ti_sysbios_knl_Clock_logTick__E)

.const     0    00005284    00001f12     
                  00005284    00001861     pwmled_pem4f.oem4f (.const:xdc_runtime_Text_charTab__A)
                  00006ae5    00000001     pwmled_pem4f.oem4f (.const:xdc_runtime_Error_policy__C)
                  00006ae6    000000bc     pwmled_pem4f.oem4f (.const:xdc_runtime_Text_nodeTab__A)
                  00006ba2    00000002     pwmled_pem4f.oem4f (.const:ti_catalog_arm_cortexm4_tiva_ce_Boot_Module__id__C)
                  00006ba4    00000090     driverlib.lib : gpio.obj (.const:g_pui32GPIOBaseAddrs)
                  00006c34    00000054     drivers_tivaware.aem4f : GPIOTiva.oem4f (.const:.string)
                  00006c88    00000048     pwmled_pem4f.oem4f (.const:.string)
                  00006cd0    00000048     drivers_tivaware.aem4f : GPIOTiva.oem4f (.const:gpioBaseAddresses)
                  00006d18    0000003c     pwmled_pem4f.oem4f (.const:ti_sysbios_knl_Task_Object__PARAMS__C)
                  00006d54    00000030     pwmled_pem4f.oem4f (.const:ti_sysbios_family_arm_m3_Hwi_Object__PARAMS__C)
                  00006d84    00000028     pwmled_pem4f.oem4f (.const:ti_sysbios_heaps_HeapMem_Module__FXNS__C)
                  00006dac    00000024     EK_TM4C123GXL.obj (.const:PWM_config)
                  00006dd0    00000024     pwmled_pem4f.oem4f (.const:ti_sysbios_gates_GateHwi_Module__FXNS__C)
                  00006df4    00000024     pwmled_pem4f.oem4f (.const:ti_sysbios_gates_GateMutex_Module__FXNS__C)
                  00006e18    00000024     pwmled_pem4f.oem4f (.const:ti_sysbios_heaps_HeapMem_Object__PARAMS__C)
                  00006e3c    00000024     pwmled_pem4f.oem4f (.const:ti_sysbios_knl_Semaphore_Object__PARAMS__C)
                  00006e60    00000020     drivers_tivaware.aem4f : PWMTiva.oem4f (.const)
                  00006e80    00000020     pwmled_pem4f.oem4f (.const:ti_sysbios_family_arm_m3_Hwi_Object__DESC__C)
                  00006ea0    00000020     pwmled_pem4f.oem4f (.const:ti_sysbios_gates_GateHwi_Object__DESC__C)
                  00006ec0    00000020     pwmled_pem4f.oem4f (.const:ti_sysbios_gates_GateMutex_Object__DESC__C)
                  00006ee0    00000020     pwmled_pem4f.oem4f (.const:ti_sysbios_heaps_HeapMem_Object__DESC__C)
                  00006f00    00000020     pwmled_pem4f.oem4f (.const:ti_sysbios_knl_Queue_Object__DESC__C)
                  00006f20    00000020     pwmled_pem4f.oem4f (.const:ti_sysbios_knl_Semaphore_Object__DESC__C)
                  00006f40    00000020     pwmled_pem4f.oem4f (.const:ti_sysbios_knl_Task_Object__DESC__C)
                  00006f60    00000020     pwmled_pem4f.oem4f (.const:xdc_runtime_Startup_sfxnTab__A)
                  00006f80    00000018     EK_TM4C123GXL.obj (.const:pwmTivaHWAttrs)
                  00006f98    00000018     pwmled_pem4f.oem4f (.const:ti_sysbios_gates_GateHwi_Object__PARAMS__C)
                  00006fb0    00000018     pwmled_pem4f.oem4f (.const:ti_sysbios_gates_GateMutex_Object__PARAMS__C)
                  00006fc8    00000018     pwmled_pem4f.oem4f (.const:ti_sysbios_knl_Queue_Object__PARAMS__C)
                  00006fe0    00000014     EK_TM4C123GXL.obj (.const:GPIOTiva_config)
                  00006ff4    00000014     pwmled_pem4f.oem4f (.const:xdc_runtime_Startup_firstFxns__A)
                  00007008    00000010     pwmled_pem4f.oem4f (.const:xdc_runtime_Startup_sfxnRts__A)
                  00007018    0000000c     drivers_tivaware.aem4f : PWM.oem4f (.const)
                  00007024    00000008     pwmled_pem4f.oem4f (.const:ti_sysbios_family_arm_m3_Hwi_excHookFuncs__A)
                  0000702c    00000008     pwmled_pem4f.oem4f (.const:ti_sysbios_knl_Idle_funcList__C)
                  00007034    00000008     pwmled_pem4f.oem4f (.const:xdc_runtime_Startup_firstFxns__C)
                  0000703c    00000008     pwmled_pem4f.oem4f (.const:xdc_runtime_Startup_lastFxns__C)
                  00007044    00000004     pwmled_pem4f.oem4f (.const:ti_catalog_arm_cortexm4_tiva_ce_Boot_A_mustUseEnhancedClockMode__C)
                  00007048    00000004     pwmled_pem4f.oem4f (.const:ti_catalog_arm_cortexm4_tiva_ce_Boot_Module__diagsEnabled__C)
                  0000704c    00000004     pwmled_pem4f.oem4f (.const:ti_catalog_arm_cortexm4_tiva_ce_Boot_Module__diagsIncluded__C)
                  00007050    00000004     pwmled_pem4f.oem4f (.const:ti_catalog_arm_cortexm4_tiva_ce_Boot_Module__diagsMask__C)
                  00007054    00000004     pwmled_pem4f.oem4f (.const:ti_sysbios_family_arm_lm4_Timer_enableFunc__C)
                  00007058    00000004     pwmled_pem4f.oem4f (.const:ti_sysbios_family_arm_lm4_Timer_numTimerDevices__C)
                  0000705c    00000004     pwmled_pem4f.oem4f (.const:ti_sysbios_family_arm_lm4_Timer_startupNeeded__C)
                  00007060    00000004     pwmled_pem4f.oem4f (.const:ti_sysbios_family_arm_m3_Hwi_E_NMI__C)
                  00007064    00000004     pwmled_pem4f.oem4f (.const:ti_sysbios_family_arm_m3_Hwi_E_alreadyDefined__C)
                  00007068    00000004     pwmled_pem4f.oem4f (.const:ti_sysbios_family_arm_m3_Hwi_E_busFault__C)
                  0000706c    00000004     pwmled_pem4f.oem4f (.const:ti_sysbios_family_arm_m3_Hwi_E_debugMon__C)
                  00007070    00000004     pwmled_pem4f.oem4f (.const:ti_sysbios_family_arm_m3_Hwi_E_hardFault__C)
                  00007074    00000004     pwmled_pem4f.oem4f (.const:ti_sysbios_family_arm_m3_Hwi_E_memFault__C)
                  00007078    00000004     pwmled_pem4f.oem4f (.const:ti_sysbios_family_arm_m3_Hwi_E_noIsr__C)
                  0000707c    00000004     pwmled_pem4f.oem4f (.const:ti_sysbios_family_arm_m3_Hwi_E_reserved__C)
                  00007080    00000004     pwmled_pem4f.oem4f (.const:ti_sysbios_family_arm_m3_Hwi_E_svCall__C)
                  00007084    00000004     pwmled_pem4f.oem4f (.const:ti_sysbios_family_arm_m3_Hwi_E_usageFault__C)
                  00007088    00000004     pwmled_pem4f.oem4f (.const:ti_sysbios_family_arm_m3_Hwi_NUM_INTERRUPTS__C)
                  0000708c    00000004     pwmled_pem4f.oem4f (.const:ti_sysbios_family_arm_m3_Hwi_Object__count__C)
                  00007090    00000004     pwmled_pem4f.oem4f (.const:ti_sysbios_family_arm_m3_Hwi_ccr__C)
                  00007094    00000004     pwmled_pem4f.oem4f (.const:ti_sysbios_family_arm_m3_Hwi_excHandlerFunc__C)
                  00007098    00000004     pwmled_pem4f.oem4f (.const:ti_sysbios_family_arm_m3_Hwi_excHookFuncs__C)
                  0000709c    00000004     pwmled_pem4f.oem4f (.const:ti_sysbios_family_arm_m3_Hwi_nullIsrFunc__C)
                  000070a0    00000004     pwmled_pem4f.oem4f (.const:ti_sysbios_family_arm_m3_Hwi_priGroup__C)
                  000070a4    00000004     pwmled_pem4f.oem4f (.const:ti_sysbios_family_arm_m3_TaskSupport_stackAlignment__C)
                  000070a8    00000004     pwmled_pem4f.oem4f (.const:ti_sysbios_gates_GateMutex_Instance_State_sem__O)
                  000070ac    00000004     pwmled_pem4f.oem4f (.const:ti_sysbios_hal_Hwi_E_stackOverflow__C)
                  000070b0    00000004     pwmled_pem4f.oem4f (.const:ti_sysbios_heaps_HeapMem_E_memory__C)
                  000070b4    00000004     pwmled_pem4f.oem4f (.const:ti_sysbios_heaps_HeapMem_Module__gateObj__C)
                  000070b8    00000004     pwmled_pem4f.oem4f (.const:ti_sysbios_heaps_HeapMem_Object__count__C)
                  000070bc    00000004     pwmled_pem4f.oem4f (.const:ti_sysbios_heaps_HeapMem_reqAlign__C)
                  000070c0    00000004     pwmled_pem4f.oem4f (.const:ti_sysbios_knl_Clock_Module_State_clockQ__O)
                  000070c4    00000004     pwmled_pem4f.oem4f (.const:ti_sysbios_knl_Idle_funcList__A)
                  000070c8    00000004     pwmled_pem4f.oem4f (.const:ti_sysbios_knl_Semaphore_Instance_State_pendQ__O)
                  000070cc    00000004     pwmled_pem4f.oem4f (.const:ti_sysbios_knl_Swi_Object__count__C)
                  000070d0    00000004     pwmled_pem4f.oem4f (.const:ti_sysbios_knl_Task_E_spOutOfBounds__C)
                  000070d4    00000004     pwmled_pem4f.oem4f (.const:ti_sysbios_knl_Task_E_stackOverflow__C)
                  000070d8    00000004     pwmled_pem4f.oem4f (.const:ti_sysbios_knl_Task_Module_State_inactiveQ__O)
                  000070dc    00000004     pwmled_pem4f.oem4f (.const:ti_sysbios_knl_Task_Object__count__C)
                  000070e0    00000004     pwmled_pem4f.oem4f (.const:ti_sysbios_knl_Task_allBlockedFunc__C)
                  000070e4    00000004     pwmled_pem4f.oem4f (.const:ti_sysbios_knl_Task_defaultStackHeap__C)
                  000070e8    00000004     pwmled_pem4f.oem4f (.const:ti_sysbios_knl_Task_defaultStackSize__C)
                  000070ec    00000004     pwmled_pem4f.oem4f (.const:ti_sysbios_knl_Task_numConstructedTasks__C)
                  000070f0    00000004     pwmled_pem4f.oem4f (.const:xdc_runtime_Assert_E_assertFailed__C)
                  000070f4    00000004     pwmled_pem4f.oem4f (.const:xdc_runtime_Core_A_initializedParams__C)
                  000070f8    00000004     pwmled_pem4f.oem4f (.const:xdc_runtime_Core_Module__diagsEnabled__C)
                  000070fc    00000004     pwmled_pem4f.oem4f (.const:xdc_runtime_Core_Module__diagsIncluded__C)
                  00007100    00000004     pwmled_pem4f.oem4f (.const:xdc_runtime_Core_Module__diagsMask__C)
                  00007104    00000004     pwmled_pem4f.oem4f (.const:xdc_runtime_Error_E_memory__C)
                  00007108    00000004     pwmled_pem4f.oem4f (.const:xdc_runtime_Error_Module__diagsEnabled__C)
                  0000710c    00000004     pwmled_pem4f.oem4f (.const:xdc_runtime_Error_Module__diagsIncluded__C)
                  00007110    00000004     pwmled_pem4f.oem4f (.const:xdc_runtime_Error_Module__diagsMask__C)
                  00007114    00000004     pwmled_pem4f.oem4f (.const:xdc_runtime_Error_Module__loggerFxn8__C)
                  00007118    00000004     pwmled_pem4f.oem4f (.const:xdc_runtime_Error_Module__loggerObj__C)
                  0000711c    00000004     pwmled_pem4f.oem4f (.const:xdc_runtime_Error_policyFxn__C)
                  00007120    00000004     pwmled_pem4f.oem4f (.const:xdc_runtime_Error_raiseHook__C)
                  00007124    00000004     pwmled_pem4f.oem4f (.const:xdc_runtime_IGateProvider_Interface__BASE__C)
                  00007128    00000004     pwmled_pem4f.oem4f (.const:xdc_runtime_IHeap_Interface__BASE__C)
                  0000712c    00000004     pwmled_pem4f.oem4f (.const:xdc_runtime_IModule_Interface__BASE__C)
                  00007130    00000004     pwmled_pem4f.oem4f (.const:xdc_runtime_Log_L_error__C)
                  00007134    00000004     pwmled_pem4f.oem4f (.const:xdc_runtime_Memory_defaultHeapInstance__C)
                  00007138    00000004     pwmled_pem4f.oem4f (.const:xdc_runtime_Startup_execImpl__C)
                  0000713c    00000004     pwmled_pem4f.oem4f (.const:xdc_runtime_Startup_maxPasses__C)
                  00007140    00000004     pwmled_pem4f.oem4f (.const:xdc_runtime_Startup_sfxnRts__C)
                  00007144    00000004     pwmled_pem4f.oem4f (.const:xdc_runtime_Startup_sfxnTab__C)
                  00007148    00000004     pwmled_pem4f.oem4f (.const:xdc_runtime_SysMin_bufSize__C)
                  0000714c    00000004     pwmled_pem4f.oem4f (.const:xdc_runtime_SysMin_outputFunc__C)
                  00007150    00000004     pwmled_pem4f.oem4f (.const:xdc_runtime_System_Module__gateObj__C)
                  00007154    00000004     pwmled_pem4f.oem4f (.const:xdc_runtime_System_abortFxn__C)
                  00007158    00000004     pwmled_pem4f.oem4f (.const:xdc_runtime_System_exitFxn__C)
                  0000715c    00000004     pwmled_pem4f.oem4f (.const:xdc_runtime_System_extendFxn__C)
                  00007160    00000004     pwmled_pem4f.oem4f (.const:xdc_runtime_System_maxAtexitHandlers__C)
                  00007164    00000004     pwmled_pem4f.oem4f (.const:xdc_runtime_Text_charTab__C)
                  00007168    00000004     pwmled_pem4f.oem4f (.const:xdc_runtime_Text_nameEmpty__C)
                  0000716c    00000004     pwmled_pem4f.oem4f (.const:xdc_runtime_Text_nameStatic__C)
                  00007170    00000004     pwmled_pem4f.oem4f (.const:xdc_runtime_Text_nameUnknown__C)
                  00007174    00000004     pwmled_pem4f.oem4f (.const:xdc_runtime_Text_nodeTab__C)
                  00007178    00000004     pwmled_pem4f.oem4f (.const:xdc_runtime_Text_visitRopeFxn__C)
                  0000717c    00000002     pwmled_pem4f.oem4f (.const:ti_sysbios_family_arm_m3_Hwi_Module__id__C)
                  0000717e    00000002     pwmled_pem4f.oem4f (.const:ti_sysbios_hal_Hwi_Module__id__C)
                  00007180    00000002     pwmled_pem4f.oem4f (.const:ti_sysbios_heaps_HeapMem_Module__id__C)
                  00007182    00000002     pwmled_pem4f.oem4f (.const:ti_sysbios_knl_Task_Module__id__C)
                  00007184    00000002     pwmled_pem4f.oem4f (.const:xdc_runtime_Core_Module__id__C)
                  00007186    00000002     pwmled_pem4f.oem4f (.const:xdc_runtime_Error_Module__loggerDefined__C)
                  00007188    00000002     pwmled_pem4f.oem4f (.const:xdc_runtime_Error_maxDepth__C)
                  0000718a    00000002     pwmled_pem4f.oem4f (.const:xdc_runtime_Memory_Module__id__C)
                  0000718c    00000002     pwmled_pem4f.oem4f (.const:xdc_runtime_SysMin_flushAtExit__C)
                  0000718e    00000002     pwmled_pem4f.oem4f (.const:xdc_runtime_Text_charCnt__C)
                  00007190    00000002     pwmled_pem4f.oem4f (.const:xdc_runtime_Text_isLoaded__C)
                  00007192    00000002     pwmled_pem4f.oem4f (.const:xdc_runtime_Text_registryModsLastId__C)
                  00007194    00000002     pwmled_pem4f.oem4f (.const:xdc_runtime_Text_unnamedModsLastId__C)

.cinit     0    00007198    00000370     
                  00007198    00000335     (.cinit..data.load) [load image, compression = rle]
                  000074cd    00000003     --HOLE-- [fill = 0]
                  000074d0    0000000c     (__TI_handler_table)
                  000074dc    00000004     --HOLE-- [fill = 0]
                  000074e0    00000008     (.cinit..bss.load) [load image, compression = zero_init]
                  000074e8    00000008     (.cinit..vecs.load) [load image, compression = zero_init]
                  000074f0    00000018     (__TI_cinit_table)

.init_array 
*          0    00000000    00000000     UNINITIALIZED

.resetVecs 
*          0    00000000    0000003c     
                  00000000    0000003c     pwmled_pem4f.oem4f (.resetVecs)

.bss       0    20000360    00000e00     UNINITIALIZED
                  20000360    00000400     pwmled_pem4f.oem4f (.bss:ti_sysbios_heaps_HeapMem_Instance_State_0_buf__A)
                  20000760    00000360     pwmled_pem4f.oem4f (.bss:ti_sysbios_family_arm_m3_Hwi_dispatchTable)
                  20000ac0    00000200     pwmled_pem4f.oem4f (.bss:taskStackSection)
                  20000cc0    00000200     pwmled.obj (.bss:tsk0Stack)
                  20000ec0    00000120     rtsv7M4_T_le_v4SPD16_eabi.lib : trgmsg.obj (.bss:__CIOBUF_)
                  20000fe0    00000090     drivers_tivaware.aem4f : GPIOTiva.oem4f (.bss:gpioCallbackInfo)
                  20001070    00000080     pwmled_pem4f.oem4f (.bss:xdc_runtime_SysMin_Module_State_0_outbuf__A)
                  200010f0    00000050     pwmled.obj (.bss:tsk0Struct)
                  20001140    00000010     (.common:pwmTivaObjects)
                  20001150    00000008     (.common:parmbuf)
                  20001158    00000004     (.common:gpioInterruptVectors)
                  2000115c    00000004     (.common:task)

.data      0    20001160    00000460     UNINITIALIZED
                  20001160    0000011c     pwmled_pem4f.oem4f (.data)
                  2000127c    00000080     pwmled_pem4f.oem4f (.data:ti_sysbios_knl_Swi_Module_State_0_readyQ__A)
                  200012fc    00000080     pwmled_pem4f.oem4f (.data:ti_sysbios_knl_Task_Module_State_0_readyQ__A)
                  2000137c    0000004c     pwmled_pem4f.oem4f (.data:ti_sysbios_knl_Task_Object__table__V)
                  200013c8    00000044     pwmled_pem4f.oem4f (.data:ti_sysbios_knl_Task_Module__state__V)
                  2000140c    00000040     pwmled_pem4f.oem4f (.data:ti_sysbios_family_arm_lm4_Timer_Object__table__V)
                  2000144c    00000038     pwmled_pem4f.oem4f (.data:ti_sysbios_gates_GateMutex_Object__table__V)
                  20001484    00000034     pwmled_pem4f.oem4f (.data:ti_sysbios_family_arm_m3_Hwi_Module__state__V)
                  200014b8    00000030     pwmled_pem4f.oem4f (.data:ti_sysbios_family_arm_lm4_Timer_Module_State_0_device__A)
                  200014e8    00000030     pwmled_pem4f.oem4f (.data:ti_sysbios_knl_Swi_Object__table__V)
                  20001518    0000002c     pwmled_pem4f.oem4f (.data:ti_sysbios_knl_Clock_Module__state__V)
                  20001544    00000024     pwmled_pem4f.oem4f (.data:ti_sysbios_BIOS_Module__state__V)
                  20001568    00000020     EK_TM4C123GXL.obj (.data)
                  20001588    00000018     drivers_tivaware.aem4f : PWMTiva.oem4f (.data)
                  200015a0    00000008     rtsv7M4_T_le_v4SPD16_eabi.lib : _lock.obj (.data)
                  200015a8    00000008                                   : exit.obj (.data)
                  200015b0    00000005     drivers_tivaware.aem4f : GPIOTiva.oem4f (.data)
                  200015b5    00000003     --HOLE--
                  200015b8    00000004                            : PWM.oem4f (.data)
                  200015bc    00000004     rtsv7M4_T_le_v4SPD16_eabi.lib : stkdepth_vars.obj (.data)

.stack     0    200015c0    00000300     UNINITIALIZED
                  200015c0    00000300     --HOLE--

.bootVecs 
*          0    00000000    00000008     DSECT
                  00000000    00000008     boot.aem4f : boot.oem4f (.bootVecs)

.vecs      0    20000000    00000360     UNINITIALIZED
                  20000000    00000360     pwmled_pem4f.oem4f (.vecs)

xdc.meta   0    00000000    00000102     COPY SECTION
                  00000000    00000102     pwmled_pem4f.oem4f (xdc.meta)

.TI.noinit 
*          0    20000360    00000000     UNINITIALIZED

.TI.persistent 
*          0    20001160    00000000     UNINITIALIZED


LINKER GENERATED COPY TABLES

__TI_cinit_table @ 000074f0 records: 3, size/record: 8, table size: 24
	.data: load addr=00007198, load size=00000335 bytes, run addr=20001160, run size=00000460 bytes, compression=rle
	.bss: load addr=000074e0, load size=00000008 bytes, run addr=20000360, run size=00000e00 bytes, compression=zero_init
	.vecs: load addr=000074e8, load size=00000008 bytes, run addr=20000000, run size=00000360 bytes, compression=zero_init


LINKER GENERATED HANDLER TABLE

__TI_handler_table @ 000074d0 records: 3, size/record: 4, table size: 12
	index: 0, handler: __TI_decompress_rle24
	index: 1, handler: __TI_decompress_none
	index: 2, handler: __TI_zero_init


GLOBAL SYMBOLS: SORTED ALPHABETICALLY BY Name 

address   name                                                              
-------   ----                                                              
00003d51  C$$EXIT                                                           
00003257  C$$IO$$                                                           
000043bd  EK_TM4C123GXL_initGPIO                                            
00003f39  EK_TM4C123GXL_initGeneral                                         
00004211  EK_TM4C123GXL_initPWM                                             
00004741  GPIODirModeSet                                                    
00005209  GPIOIntClear                                                      
000050b9  GPIOIntStatus                                                     
00003779  GPIOIntTypeSet                                                    
000014b1  GPIOPadConfigSet                                                  
00003b9d  GPIOPinConfigure                                                  
00004f35  GPIOPinTypeGPIOInput                                              
00004f47  GPIOPinTypePWM                                                    
0000520f  GPIOPinWrite                                                      
00006fe0  GPIOTiva_config                                                   
000032f9  GPIO_hwiIntFxn                                                    
00002b2d  GPIO_init                                                         
000038cd  GPIO_setCallback                                                  
000010dd  GPIO_setConfig                                                    
0000391d  GPIO_write                                                        
00000a49  HOSTclock                                                         
00000a11  HOSTclose                                                         
000009d3  HOSTgetenv                                                        
00000977  HOSTlseek                                                         
00000925  HOSTopen                                                          
000008d9  HOSTread                                                          
0000087b  HOSTrename                                                        
00000841  HOSTtime                                                          
00000809  HOSTunlink                                                        
000007bd  HOSTwrite                                                         
00004e7d  PWMClockSet                                                       
00004981  PWMGenConfigure                                                   
00005105  PWMGenDisable                                                     
00005111  PWMGenEnable                                                      
00004f59  PWMGenPeriodGet                                                   
00004fb5  PWMGenPeriodSet                                                   
00004f6b  PWMOutputInvert                                                   
00004f7d  PWMOutputState                                                    
00004b31  PWMPulseWidthSet                                                  
00006e7e  PWMTiva_MAX_MATCH_VALUE                                           
00006e7c  PWMTiva_MAX_PRESCALAR                                             
00003155  PWMTiva_close                                                     
00002c45  PWMTiva_control                                                   
00006e60  PWMTiva_fxnTable                                                  
000049a3  PWMTiva_getPeriodCounts                                           
00004b4f  PWMTiva_getPeriodMicroSecs                                        
000043ed  PWMTiva_init                                                      
00000e05  PWMTiva_open                                                      
00001ced  PWMTiva_setDuty                                                   
00004fc5  PWM_Params_init                                                   
00006dac  PWM_config                                                        
00007018  PWM_defaultParams                                                 
000040f5  PWM_init                                                          
0000441d  PWM_open                                                          
000051d1  PWM_setDuty                                                       
UNDEFED   SHT$$INIT_ARRAY$$Base                                             
UNDEFED   SHT$$INIT_ARRAY$$Limit                                            
00004e91  SysCtlPWMClockSet                                                 
00004245  SysCtlPeripheralEnable                                            
00000000  __ASM__                                                           
20000ec0  __CIOBUF_                                                         
00000080  __ISA__                                                           
00000093  __PLAT__                                                          
200018c0  __STACK_END                                                       
00000300  __STACK_SIZE                                                      
000000b4  __TARG__                                                          
000074f0  __TI_CINIT_Base                                                   
00007508  __TI_CINIT_Limit                                                  
000074d0  __TI_Handler_Table_Base                                           
000074dc  __TI_Handler_Table_Limit                                          
00002655  __TI_auto_init                                                    
200015a8  __TI_cleanup_ptr                                                  
000050c7  __TI_decompress_none                                              
0000521b  __TI_decompress_rle24                                             
200015ac  __TI_dtors_ptr                                                    
0000325b  __TI_readmsg                                                      
00007198  __TI_static_base__                                                
00003229  __TI_writemsg                                                     
0000511d  __TI_zero_init                                                    
000000da  __TRDR__                                                          
000015e3  __aeabi_idiv0                                                     
00002dd5  __aeabi_memclr                                                    
00002dd5  __aeabi_memclr4                                                   
00002dd5  __aeabi_memclr8                                                   
00002795  __aeabi_memcpy                                                    
00002795  __aeabi_memcpy4                                                   
00002795  __aeabi_memcpy8                                                   
00002dd7  __aeabi_memset                                                    
00002dd7  __aeabi_memset4                                                   
00002dd7  __aeabi_memset8                                                   
00003f79  __aeabi_uidiv                                                     
00003f79  __aeabi_uidivmod                                                  
ffffffff  __binit__                                                         
ffffffff  __c_args__                                                        
200015c0  __stack                                                           
00005215  __xdc__init                                                       
20001278  __xdc__init__addr                                                 
00004d5d  _args_main                                                        
000036c9  _c_int00                                                          
200015a0  _lock                                                             
00004eb3  _nop                                                              
00004eab  _register_lock                                                    
00004ea5  _register_unlock                                                  
200015a4  _unlock                                                           
00003d55  abort                                                             
ffffffff  binit                                                             
00003a61  copy_in                                                           
00003d5d  exit                                                              
20001580  gpioCallbackFunctions                                             
2000156c  gpioPinConfigs                                                    
00001eb5  main                                                              
200015bc  main_func_sp                                                      
00002795  memcpy                                                            
00002ddd  memset                                                            
00005059  osi_TaskDisable                                                   
00004ff9  osi_start                                                         
00001ddd  pwmLEDFxn                                                         
00006f80  pwmTivaHWAttrs                                                    
20001140  pwmTivaObjects                                                    
00004eb9  strcpy                                                            
00004ecd  strlen                                                            
2000115c  task                                                              
00007044  ti_catalog_arm_cortexm4_tiva_ce_Boot_A_mustUseEnhancedClockMode__C
00007048  ti_catalog_arm_cortexm4_tiva_ce_Boot_Module__diagsEnabled__C      
0000704c  ti_catalog_arm_cortexm4_tiva_ce_Boot_Module__diagsIncluded__C     
00007050  ti_catalog_arm_cortexm4_tiva_ce_Boot_Module__diagsMask__C         
00006ba2  ti_catalog_arm_cortexm4_tiva_ce_Boot_Module__id__C                
000050f9  ti_catalog_arm_cortexm4_tiva_ce_Boot_init__I                      
00001809  ti_catalog_arm_cortexm4_tiva_ce_Boot_sysCtlClockSetI__I           
00002969  ti_catalog_arm_cortexm4_tiva_ce_Boot_sysCtlClockSet__E            
00005221  ti_catalog_arm_cortexm4_tiva_ce_Boot_sysCtlDelayI__I              
20001544  ti_sysbios_BIOS_Module__state__V                                  
00004cc1  ti_sysbios_BIOS_RtsGateProxy_Handle__label__S                     
000048c5  ti_sysbios_BIOS_RtsGateProxy_Object__delete__S                    
00000c8d  ti_sysbios_BIOS_RtsGateProxy_enter__E                             
00000f75  ti_sysbios_BIOS_RtsGateProxy_leave__E                             
00005269  ti_sysbios_BIOS_RtsGateProxy_query__E                             
0000444d  ti_sysbios_BIOS_atExitFunc__I                                     
00004835  ti_sysbios_BIOS_errorRaiseHook__I                                 
00004e51  ti_sysbios_BIOS_exitFunc__I                                       
00004fd9  ti_sysbios_BIOS_getCpuFreq__E                                     
00002967  ti_sysbios_BIOS_nullFunc__I                                       
00004859  ti_sysbios_BIOS_registerRTSLock__I                                
0000487d  ti_sysbios_BIOS_removeRTSLock__I                                  
00004a0d  ti_sysbios_BIOS_rtsLock__I                                        
00004d75  ti_sysbios_BIOS_rtsUnlock__I                                      
00004fe9  ti_sysbios_BIOS_setThreadType__E                                  
000048a1  ti_sysbios_BIOS_startFunc__I                                      
00004ff9  ti_sysbios_BIOS_start__E                                          
200014b8  ti_sysbios_family_arm_lm4_Timer_Module_State_0_device__A          
20001168  ti_sysbios_family_arm_lm4_Timer_Module_State_0_handles__A         
20001160  ti_sysbios_family_arm_lm4_Timer_Module__root__V                   
00004d8d  ti_sysbios_family_arm_lm4_Timer_Module__startupDone__F            
00004d8d  ti_sysbios_family_arm_lm4_Timer_Module__startupDone__S            
20001180  ti_sysbios_family_arm_lm4_Timer_Module__state__V                  
00003361  ti_sysbios_family_arm_lm4_Timer_Module_startup__E                 
2000140c  ti_sysbios_family_arm_lm4_Timer_Object__table__V                  
00007054  ti_sysbios_family_arm_lm4_Timer_enableFunc__C                     
00003be9  ti_sysbios_family_arm_lm4_Timer_enableTimers__I                   
000025a9  ti_sysbios_family_arm_lm4_Timer_enableTiva__I                     
00005129  ti_sysbios_family_arm_lm4_Timer_getMaxTicks__E                    
000037d1  ti_sysbios_family_arm_lm4_Timer_initDevice__I                     
00003d99  ti_sysbios_family_arm_lm4_Timer_isrStub__E                        
000051ef  ti_sysbios_family_arm_lm4_Timer_masterDisable__I                  
0000122d  ti_sysbios_family_arm_lm4_Timer_masterEnable__I                   
00007058  ti_sysbios_family_arm_lm4_Timer_numTimerDevices__C                
00001701  ti_sysbios_family_arm_lm4_Timer_start__E                          
0000705c  ti_sysbios_family_arm_lm4_Timer_startupNeeded__C                  
00003fb9  ti_sysbios_family_arm_lm4_Timer_startup__E                        
00004481  ti_sysbios_family_arm_lm4_Timer_stop__E                           
000049c9  ti_sysbios_family_arm_lm4_Timer_write__I                          
00007060  ti_sysbios_family_arm_m3_Hwi_E_NMI__C                             
00007064  ti_sysbios_family_arm_m3_Hwi_E_alreadyDefined__C                  
00007068  ti_sysbios_family_arm_m3_Hwi_E_busFault__C                        
0000706c  ti_sysbios_family_arm_m3_Hwi_E_debugMon__C                        
00007070  ti_sysbios_family_arm_m3_Hwi_E_hardFault__C                       
00007074  ti_sysbios_family_arm_m3_Hwi_E_memFault__C                        
00007078  ti_sysbios_family_arm_m3_Hwi_E_noIsr__C                           
0000707c  ti_sysbios_family_arm_m3_Hwi_E_reserved__C                        
00007080  ti_sysbios_family_arm_m3_Hwi_E_svCall__C                          
00007084  ti_sysbios_family_arm_m3_Hwi_E_usageFault__C                      
00004c8d  ti_sysbios_family_arm_m3_Hwi_Handle__label__S                     
00004279  ti_sysbios_family_arm_m3_Hwi_Instance_finalize__E                 
00002a01  ti_sysbios_family_arm_m3_Hwi_Instance_init__E                     
200011ac  ti_sysbios_family_arm_m3_Hwi_Module_State_0_excActive__A          
200011b0  ti_sysbios_family_arm_m3_Hwi_Module_State_0_excContext__A         
200011b4  ti_sysbios_family_arm_m3_Hwi_Module_State_0_excStack__A           
0000717c  ti_sysbios_family_arm_m3_Hwi_Module__id__C                        
2000118c  ti_sysbios_family_arm_m3_Hwi_Module__root__V                      
00004da5  ti_sysbios_family_arm_m3_Hwi_Module__startupDone__F               
00004da5  ti_sysbios_family_arm_m3_Hwi_Module__startupDone__S               
20001484  ti_sysbios_family_arm_m3_Hwi_Module__state__V                     
00003971  ti_sysbios_family_arm_m3_Hwi_Module_startup__E                    
00007088  ti_sysbios_family_arm_m3_Hwi_NUM_INTERRUPTS__C                    
00006e80  ti_sysbios_family_arm_m3_Hwi_Object__DESC__C                      
00006d54  ti_sysbios_family_arm_m3_Hwi_Object__PARAMS__C                    
0000708c  ti_sysbios_family_arm_m3_Hwi_Object__count__C                     
00004ee1  ti_sysbios_family_arm_m3_Hwi_Object__get__S                       
20001194  ti_sysbios_family_arm_m3_Hwi_Object__table__V                     
00005135  ti_sysbios_family_arm_m3_Hwi_Params__init__S                      
00007090  ti_sysbios_family_arm_m3_Hwi_ccr__C                               
000033c5  ti_sysbios_family_arm_m3_Hwi_create                               
00005141  ti_sysbios_family_arm_m3_Hwi_disableFxn__E                        
00003c31  ti_sysbios_family_arm_m3_Hwi_disableInterrupt__E                  
00003429  ti_sysbios_family_arm_m3_Hwi_dispatchC__I                         
20000760  ti_sysbios_family_arm_m3_Hwi_dispatchTable                        
00001bf9  ti_sysbios_family_arm_m3_Hwi_dispatch__I                          
000051f9  ti_sysbios_family_arm_m3_Hwi_doSwiRestore__I                      
00005229  ti_sysbios_family_arm_m3_Hwi_doTaskRestore__I                     
00003c79  ti_sysbios_family_arm_m3_Hwi_enableInterrupt__E                   
00000c91  ti_sysbios_family_arm_m3_Hwi_excBusFault__I                       
000022b1  ti_sysbios_family_arm_m3_Hwi_excDebugMon__I                       
00000041  ti_sysbios_family_arm_m3_Hwi_excDumpRegs__I                       
00004a2d  ti_sysbios_family_arm_m3_Hwi_excHandlerAsm__I                     
00007094  ti_sysbios_family_arm_m3_Hwi_excHandlerFunc__C                    
00000a91  ti_sysbios_family_arm_m3_Hwi_excHandlerMax__I                     
00004a51  ti_sysbios_family_arm_m3_Hwi_excHandler__I                        
00002371  ti_sysbios_family_arm_m3_Hwi_excHardFault__I                      
00007024  ti_sysbios_family_arm_m3_Hwi_excHookFuncs__A                      
00007098  ti_sysbios_family_arm_m3_Hwi_excHookFuncs__C                      
00001231  ti_sysbios_family_arm_m3_Hwi_excMemFault__I                       
000042b1  ti_sysbios_family_arm_m3_Hwi_excNmi__I                            
00004131  ti_sysbios_family_arm_m3_Hwi_excNoIsr__I                          
00003cc1  ti_sysbios_family_arm_m3_Hwi_excReserved__I                       
00004039  ti_sysbios_family_arm_m3_Hwi_excSvCall__I                         
00000f79  ti_sysbios_family_arm_m3_Hwi_excUsageFault__I                     
00003de1  ti_sysbios_family_arm_m3_Hwi_getStackInfo__E                      
00002a99  ti_sysbios_family_arm_m3_Hwi_initNVIC__E                          
00003721  ti_sysbios_family_arm_m3_Hwi_initStacks__E                        
0000709c  ti_sysbios_family_arm_m3_Hwi_nullIsrFunc__C                       
e000e000  ti_sysbios_family_arm_m3_Hwi_nvic                                 
000047e9  ti_sysbios_family_arm_m3_Hwi_pendSV__I                            
00002cd1  ti_sysbios_family_arm_m3_Hwi_postInit__I                          
000070a0  ti_sysbios_family_arm_m3_Hwi_priGroup__C                          
20000000  ti_sysbios_family_arm_m3_Hwi_ramVectors                           
00000000  ti_sysbios_family_arm_m3_Hwi_resetVectors                         
00005231  ti_sysbios_family_arm_m3_Hwi_restoreFxn__E                        
0000480d  ti_sysbios_family_arm_m3_Hwi_return                               
00005201  ti_sysbios_family_arm_m3_Hwi_startup__E                           
00004ef9  ti_sysbios_family_arm_m3_Hwi_switchFromBootStack__E               
000016fd  ti_sysbios_family_arm_m3_TaskSupport_Module__startupDone__S       
00002bb9  ti_sysbios_family_arm_m3_TaskSupport_buildTaskStack               
00005151  ti_sysbios_family_arm_m3_TaskSupport_checkStack__E                
00005161  ti_sysbios_family_arm_m3_TaskSupport_getStackAlignment__E         
00005009  ti_sysbios_family_arm_m3_TaskSupport_glue                         
000070a4  ti_sysbios_family_arm_m3_TaskSupport_stackAlignment__C            
000044b1  ti_sysbios_family_arm_m3_TaskSupport_start__E                     
00004dbd  ti_sysbios_family_arm_m3_TaskSupport_swap__E                      
00004b6d  ti_sysbios_family_xxx_Hwi_switchAndRunFunc                        
00004ca7  ti_sysbios_gates_GateHwi_Handle__label__S                         
00005279  ti_sysbios_gates_GateHwi_Instance_init__E                         
00006dd0  ti_sysbios_gates_GateHwi_Module__FXNS__C                          
200011b8  ti_sysbios_gates_GateHwi_Module__root__V                          
00006ea0  ti_sysbios_gates_GateHwi_Object__DESC__C                          
00006f98  ti_sysbios_gates_GateHwi_Object__PARAMS__C                        
000044e1  ti_sysbios_gates_GateHwi_Object__create__S                        
00004a71  ti_sysbios_gates_GateHwi_Object__delete__S                        
200011c0  ti_sysbios_gates_GateHwi_Object__table__V                         
00005171  ti_sysbios_gates_GateHwi_enter__E                                 
00005239  ti_sysbios_gates_GateHwi_leave__E                                 
00005261  ti_sysbios_gates_GateHwi_query__E                                 
00004cc1  ti_sysbios_gates_GateMutex_Handle__label__S                       
000070a8  ti_sysbios_gates_GateMutex_Instance_State_sem__O                  
00005019  ti_sysbios_gates_GateMutex_Instance_finalize__E                   
00004ba9  ti_sysbios_gates_GateMutex_Instance_init__E                       
00006df4  ti_sysbios_gates_GateMutex_Module__FXNS__C                        
200011c4  ti_sysbios_gates_GateMutex_Module__root__V                        
00006ec0  ti_sysbios_gates_GateMutex_Object__DESC__C                        
00006fb0  ti_sysbios_gates_GateMutex_Object__PARAMS__C                      
00004511  ti_sysbios_gates_GateMutex_Object__create__S                      
000048c5  ti_sysbios_gates_GateMutex_Object__delete__S                      
2000144c  ti_sysbios_gates_GateMutex_Object__table__V                       
00004541  ti_sysbios_gates_GateMutex_enter__E                               
00004dd9  ti_sysbios_gates_GateMutex_leave__E                               
00005269  ti_sysbios_gates_GateMutex_query__E                               
000070ac  ti_sysbios_hal_Hwi_E_stackOverflow__C                             
00004c8d  ti_sysbios_hal_Hwi_HwiProxy_Handle__label__S                      
00004da5  ti_sysbios_hal_Hwi_HwiProxy_Module__startupDone__S                
00005135  ti_sysbios_hal_Hwi_HwiProxy_Params__init__S                       
00003c31  ti_sysbios_hal_Hwi_HwiProxy_disableInterrupt__E                   
00005141  ti_sysbios_hal_Hwi_HwiProxy_disable__E                            
00003c79  ti_sysbios_hal_Hwi_HwiProxy_enableInterrupt__E                    
00003de1  ti_sysbios_hal_Hwi_HwiProxy_getStackInfo__E                       
00005231  ti_sysbios_hal_Hwi_HwiProxy_restore__E                            
00005201  ti_sysbios_hal_Hwi_HwiProxy_startup__E                            
00004ef9  ti_sysbios_hal_Hwi_HwiProxy_switchFromBootStack__E                
0000717e  ti_sysbios_hal_Hwi_Module__id__C                                  
200011cc  ti_sysbios_hal_Hwi_Module__root__V                                
00004f91  ti_sysbios_hal_Hwi_Module_startup__E                              
000042e9  ti_sysbios_hal_Hwi_checkStack                                     
00004389  ti_sysbios_hal_Hwi_initStack                                      
000070b0  ti_sysbios_heaps_HeapMem_E_memory__C                              
00004cdb  ti_sysbios_heaps_HeapMem_Handle__label__S                         
20000360  ti_sysbios_heaps_HeapMem_Instance_State_0_buf__A                  
00003ff9  ti_sysbios_heaps_HeapMem_Instance_init__E                         
00004cc1  ti_sysbios_heaps_HeapMem_Module_GateProxy_Handle__label__S        
000048c5  ti_sysbios_heaps_HeapMem_Module_GateProxy_Object__delete__S       
00002055  ti_sysbios_heaps_HeapMem_Module_GateProxy_enter__E                
0000236d  ti_sysbios_heaps_HeapMem_Module_GateProxy_leave__E                
00005269  ti_sysbios_heaps_HeapMem_Module_GateProxy_query__E                
00006d84  ti_sysbios_heaps_HeapMem_Module__FXNS__C                          
000070b4  ti_sysbios_heaps_HeapMem_Module__gateObj__C                       
00007180  ti_sysbios_heaps_HeapMem_Module__id__C                            
200011d4  ti_sysbios_heaps_HeapMem_Module__root__V                          
00006ee0  ti_sysbios_heaps_HeapMem_Object__DESC__C                          
00006e18  ti_sysbios_heaps_HeapMem_Object__PARAMS__C                        
[...]
00005049  ti_sysbios_knl_Task_Object__get__S                                
00005059  osi_TaskDisable                                                   
00005059  ti_sysbios_knl_Task_disable__E                                    
00005069  xdc_runtime_Gate_leaveSystem__E                                   
00005079  xdc_runtime_Memory_free__E                                        
00005089  xdc_runtime_SysMin_ready__E                                       
00005089  xdc_runtime_System_SupportProxy_ready__E                          
00005099  xdc_runtime_System_vsnprintf__E                                   
000050a9  xdc_runtime_Text_visitRope__I                                     
000050b9  GPIOIntStatus                                                     
000050c7  __TI_decompress_none                                              
000050d9  ti_sysbios_knl_Idle_loop__E                                       
000050e9  ti_sysbios_knl_Queue_empty__E                                     
000050f9  ti_catalog_arm_cortexm4_tiva_ce_Boot_init__I                      
00005105  PWMGenDisable                                                     
00005111  PWMGenEnable                                                      
0000511d  __TI_zero_init                                                    
00005129  ti_sysbios_family_arm_lm4_Timer_getMaxTicks__E                    
00005135  ti_sysbios_family_arm_m3_Hwi_Params__init__S                      
00005135  ti_sysbios_hal_Hwi_HwiProxy_Params__init__S                       
00005141  ti_sysbios_family_arm_m3_Hwi_disableFxn__E                        
00005141  ti_sysbios_hal_Hwi_HwiProxy_disable__E                            
00005151  ti_sysbios_family_arm_m3_TaskSupport_checkStack__E                
00005151  ti_sysbios_knl_Task_SupportProxy_checkStack__E                    
00005161  ti_sysbios_family_arm_m3_TaskSupport_getStackAlignment__E         
00005161  ti_sysbios_knl_Task_SupportProxy_getStackAlignment__E             
00005171  ti_sysbios_gates_GateHwi_enter__E                                 
0000517d  ti_sysbios_knl_Queue_Object__get__S                               
00005189  ti_sysbios_knl_Task_Params__init__S                               
000051a1  xdc_runtime_Error_init__E                                         
000051ad  xdc_runtime_Gate_enterSystem__E                                   
000051b9  xdc_runtime_Memory_calloc__E                                      
000051c5  xdc_runtime_Memory_getMaxDefaultTypeAlign__E                      
000051d1  PWM_setDuty                                                       
000051db  xdc_runtime_Memory_HeapProxy_alloc__E                             
000051e5  xdc_runtime_Memory_HeapProxy_free__E                              
000051ef  ti_sysbios_family_arm_lm4_Timer_masterDisable__I                  
000051f9  ti_sysbios_family_arm_m3_Hwi_doSwiRestore__I                      
00005201  ti_sysbios_family_arm_m3_Hwi_startup__E                           
00005201  ti_sysbios_hal_Hwi_HwiProxy_startup__E                            
00005209  GPIOIntClear                                                      
0000520f  GPIOPinWrite                                                      
00005215  __xdc__init                                                       
0000521b  __TI_decompress_rle24                                             
00005221  ti_catalog_arm_cortexm4_tiva_ce_Boot_sysCtlDelayI__I              
00005229  ti_sysbios_family_arm_m3_Hwi_doTaskRestore__I                     
00005231  ti_sysbios_family_arm_m3_Hwi_restoreFxn__E                        
00005231  ti_sysbios_hal_Hwi_HwiProxy_restore__E                            
00005239  ti_sysbios_gates_GateHwi_leave__E                                 
00005241  ti_sysbios_heaps_HeapMem_isBlocking__E                            
00005249  ti_sysbios_knl_Queue_Instance_init__E                             
00005251  ti_sysbios_knl_Swi_startup__E                                     
00005257  xdc_runtime_System_Module_startup__E                              
00005261  ti_sysbios_gates_GateHwi_query__E                                 
00005261  xdc_runtime_Main_Module_GateProxy_query__E                        
00005261  xdc_runtime_System_Module_GateProxy_query__E                      
00005269  ti_sysbios_BIOS_RtsGateProxy_query__E                             
00005269  ti_sysbios_gates_GateMutex_query__E                               
00005269  ti_sysbios_heaps_HeapMem_Module_GateProxy_query__E                
00005271  ti_sysbios_knl_Task_startup__E                                    
00005279  ti_sysbios_gates_GateHwi_Instance_init__E                         
00005281  ti_sysbios_knl_Clock_logTick__E                                   
00005284  xdc_runtime_Text_charTab__A                                       
00006ae5  xdc_runtime_Error_policy__C                                       
00006ae6  xdc_runtime_Text_nodeTab__A                                       
00006ba2  ti_catalog_arm_cortexm4_tiva_ce_Boot_Module__id__C                
00006d18  ti_sysbios_knl_Task_Object__PARAMS__C                             
00006d54  ti_sysbios_family_arm_m3_Hwi_Object__PARAMS__C                    
00006d84  ti_sysbios_heaps_HeapMem_Module__FXNS__C                          
00006dac  PWM_config                                                        
00006dd0  ti_sysbios_gates_GateHwi_Module__FXNS__C                          
00006df4  ti_sysbios_gates_GateMutex_Module__FXNS__C                        
00006e18  ti_sysbios_heaps_HeapMem_Object__PARAMS__C                        
00006e3c  ti_sysbios_knl_Semaphore_Object__PARAMS__C                        
00006e60  PWMTiva_fxnTable                                                  
00006e7c  PWMTiva_MAX_PRESCALAR                                             
00006e7e  PWMTiva_MAX_MATCH_VALUE                                           
00006e80  ti_sysbios_family_arm_m3_Hwi_Object__DESC__C                      
00006ea0  ti_sysbios_gates_GateHwi_Object__DESC__C                          
00006ec0  ti_sysbios_gates_GateMutex_Object__DESC__C                        
00006ee0  ti_sysbios_heaps_HeapMem_Object__DESC__C                          
00006f00  ti_sysbios_knl_Queue_Object__DESC__C                              
00006f20  ti_sysbios_knl_Semaphore_Object__DESC__C                          
00006f40  ti_sysbios_knl_Task_Object__DESC__C                               
00006f60  xdc_runtime_Startup_sfxnTab__A                                    
00006f80  pwmTivaHWAttrs                                                    
00006f98  ti_sysbios_gates_GateHwi_Object__PARAMS__C                        
00006fb0  ti_sysbios_gates_GateMutex_Object__PARAMS__C                      
00006fc8  ti_sysbios_knl_Queue_Object__PARAMS__C                            
00006fe0  GPIOTiva_config                                                   
00006ff4  xdc_runtime_Startup_firstFxns__A                                  
00007008  xdc_runtime_Startup_sfxnRts__A                                    
00007018  PWM_defaultParams                                                 
00007024  ti_sysbios_family_arm_m3_Hwi_excHookFuncs__A                      
0000702c  ti_sysbios_knl_Idle_funcList__C                                   
00007034  xdc_runtime_Startup_firstFxns__C                                  
0000703c  xdc_runtime_Startup_lastFxns__C                                   
00007044  ti_catalog_arm_cortexm4_tiva_ce_Boot_A_mustUseEnhancedClockMode__C
00007048  ti_catalog_arm_cortexm4_tiva_ce_Boot_Module__diagsEnabled__C      
0000704c  ti_catalog_arm_cortexm4_tiva_ce_Boot_Module__diagsIncluded__C     
00007050  ti_catalog_arm_cortexm4_tiva_ce_Boot_Module__diagsMask__C         
00007054  ti_sysbios_family_arm_lm4_Timer_enableFunc__C                     
00007058  ti_sysbios_family_arm_lm4_Timer_numTimerDevices__C                
0000705c  ti_sysbios_family_arm_lm4_Timer_startupNeeded__C                  
00007060  ti_sysbios_family_arm_m3_Hwi_E_NMI__C                             
00007064  ti_sysbios_family_arm_m3_Hwi_E_alreadyDefined__C                  
00007068  ti_sysbios_family_arm_m3_Hwi_E_busFault__C                        
0000706c  ti_sysbios_family_arm_m3_Hwi_E_debugMon__C                        
00007070  ti_sysbios_family_arm_m3_Hwi_E_hardFault__C                       
00007074  ti_sysbios_family_arm_m3_Hwi_E_memFault__C                        
00007078  ti_sysbios_family_arm_m3_Hwi_E_noIsr__C                           
0000707c  ti_sysbios_family_arm_m3_Hwi_E_reserved__C                        
00007080  ti_sysbios_family_arm_m3_Hwi_E_svCall__C                          
00007084  ti_sysbios_family_arm_m3_Hwi_E_usageFault__C                      
00007088  ti_sysbios_family_arm_m3_Hwi_NUM_INTERRUPTS__C                    
0000708c  ti_sysbios_family_arm_m3_Hwi_Object__count__C                     
00007090  ti_sysbios_family_arm_m3_Hwi_ccr__C                               
00007094  ti_sysbios_family_arm_m3_Hwi_excHandlerFunc__C                    
00007098  ti_sysbios_family_arm_m3_Hwi_excHookFuncs__C                      
0000709c  ti_sysbios_family_arm_m3_Hwi_nullIsrFunc__C                       
000070a0  ti_sysbios_family_arm_m3_Hwi_priGroup__C                          
000070a4  ti_sysbios_family_arm_m3_TaskSupport_stackAlignment__C            
000070a8  ti_sysbios_gates_GateMutex_Instance_State_sem__O                  
000070ac  ti_sysbios_hal_Hwi_E_stackOverflow__C                             
000070b0  ti_sysbios_heaps_HeapMem_E_memory__C                              
000070b4  ti_sysbios_heaps_HeapMem_Module__gateObj__C                       
000070b8  ti_sysbios_heaps_HeapMem_Object__count__C                         
000070bc  ti_sysbios_heaps_HeapMem_reqAlign__C                              
000070c0  ti_sysbios_knl_Clock_Module_State_clockQ__O                       
000070c4  ti_sysbios_knl_Idle_funcList__A                                   
000070c8  ti_sysbios_knl_Semaphore_Instance_State_pendQ__O                  
000070cc  ti_sysbios_knl_Swi_Object__count__C                               
000070d0  ti_sysbios_knl_Task_E_spOutOfBounds__C                            
000070d4  ti_sysbios_knl_Task_E_stackOverflow__C                            
000070d8  ti_sysbios_knl_Task_Module_State_inactiveQ__O                     
000070dc  ti_sysbios_knl_Task_Object__count__C                              
000070e0  ti_sysbios_knl_Task_allBlockedFunc__C                             
000070e4  ti_sysbios_knl_Task_defaultStackHeap__C                           
000070e8  ti_sysbios_knl_Task_defaultStackSize__C                           
000070ec  ti_sysbios_knl_Task_numConstructedTasks__C                        
000070f0  xdc_runtime_Assert_E_assertFailed__C                              
000070f4  xdc_runtime_Core_A_initializedParams__C                           
000070f8  xdc_runtime_Core_Module__diagsEnabled__C                          
000070fc  xdc_runtime_Core_Module__diagsIncluded__C                         
00007100  xdc_runtime_Core_Module__diagsMask__C                             
00007104  xdc_runtime_Error_E_memory__C                                     
00007108  xdc_runtime_Error_Module__diagsEnabled__C                         
0000710c  xdc_runtime_Error_Module__diagsIncluded__C                        
00007110  xdc_runtime_Error_Module__diagsMask__C                            
00007114  xdc_runtime_Error_Module__loggerFxn8__C                           
00007118  xdc_runtime_Error_Module__loggerObj__C                            
0000711c  xdc_runtime_Error_policyFxn__C                                    
00007120  xdc_runtime_Error_raiseHook__C                                    
00007124  xdc_runtime_IGateProvider_Interface__BASE__C                      
00007128  xdc_runtime_IHeap_Interface__BASE__C                              
0000712c  xdc_runtime_IModule_Interface__BASE__C                            
00007130  xdc_runtime_Log_L_error__C                                        
00007134  xdc_runtime_Memory_defaultHeapInstance__C                         
00007138  xdc_runtime_Startup_execImpl__C                                   
0000713c  xdc_runtime_Startup_maxPasses__C                                  
00007140  xdc_runtime_Startup_sfxnRts__C                                    
00007144  xdc_runtime_Startup_sfxnTab__C                                    
00007148  xdc_runtime_SysMin_bufSize__C                                     
0000714c  xdc_runtime_SysMin_outputFunc__C                                  
00007150  xdc_runtime_System_Module__gateObj__C                             
00007154  xdc_runtime_System_abortFxn__C                                    
00007158  xdc_runtime_System_exitFxn__C                                     
0000715c  xdc_runtime_System_extendFxn__C                                   
00007160  xdc_runtime_System_maxAtexitHandlers__C                           
00007164  xdc_runtime_Text_charTab__C                                       
00007168  xdc_runtime_Text_nameEmpty__C                                     
0000716c  xdc_runtime_Text_nameStatic__C                                    
00007170  xdc_runtime_Text_nameUnknown__C                                   
00007174  xdc_runtime_Text_nodeTab__C                                       
00007178  xdc_runtime_Text_visitRopeFxn__C                                  
0000717c  ti_sysbios_family_arm_m3_Hwi_Module__id__C                        
0000717e  ti_sysbios_hal_Hwi_Module__id__C                                  
00007180  ti_sysbios_heaps_HeapMem_Module__id__C                            
00007182  ti_sysbios_knl_Task_Module__id__C                                 
00007184  xdc_runtime_Core_Module__id__C                                    
00007186  xdc_runtime_Error_Module__loggerDefined__C                        
00007188  xdc_runtime_Error_maxDepth__C                                     
0000718a  xdc_runtime_Memory_Module__id__C                                  
0000718c  xdc_runtime_SysMin_flushAtExit__C                                 
0000718e  xdc_runtime_Text_charCnt__C                                       
00007190  xdc_runtime_Text_isLoaded__C                                      
00007192  xdc_runtime_Text_registryModsLastId__C                            
00007194  xdc_runtime_Text_unnamedModsLastId__C                             
00007198  __TI_static_base__                                                
000074d0  __TI_Handler_Table_Base                                           
000074dc  __TI_Handler_Table_Limit                                          
000074f0  __TI_CINIT_Base                                                   
00007508  __TI_CINIT_Limit                                                  
20000000  ti_sysbios_family_arm_m3_Hwi_ramVectors                           
20000360  ti_sysbios_heaps_HeapMem_Instance_State_0_buf__A                  
20000760  ti_sysbios_family_arm_m3_Hwi_dispatchTable                        
20000ac0  ti_sysbios_knl_Task_Instance_State_0_stack__A                     
20000cc0  tsk0Stack                                                         
20000ec0  __CIOBUF_                                                         
20001070  xdc_runtime_SysMin_Module_State_0_outbuf__A                       
200010f0  tsk0Struct                                                        
20001140  pwmTivaObjects                                                    
2000115c  task                                                              
20001160  ti_sysbios_family_arm_lm4_Timer_Module__root__V                   
20001168  ti_sysbios_family_arm_lm4_Timer_Module_State_0_handles__A         
20001180  ti_sysbios_family_arm_lm4_Timer_Module__state__V                  
2000118c  ti_sysbios_family_arm_m3_Hwi_Module__root__V                      
20001194  ti_sysbios_family_arm_m3_Hwi_Object__table__V                     
200011ac  ti_sysbios_family_arm_m3_Hwi_Module_State_0_excActive__A          
200011b0  ti_sysbios_family_arm_m3_Hwi_Module_State_0_excContext__A         
200011b4  ti_sysbios_family_arm_m3_Hwi_Module_State_0_excStack__A           
200011b8  ti_sysbios_gates_GateHwi_Module__root__V                          
200011c0  ti_sysbios_gates_GateHwi_Object__table__V                         
200011c4  ti_sysbios_gates_GateMutex_Module__root__V                        
200011cc  ti_sysbios_hal_Hwi_Module__root__V                                
200011d4  ti_sysbios_heaps_HeapMem_Module__root__V                          
200011dc  ti_sysbios_heaps_HeapMem_Object__table__V                         
200011f4  ti_sysbios_knl_Clock_Module__root__V                              
200011fc  ti_sysbios_knl_Queue_Module__root__V                              
20001204  ti_sysbios_knl_Semaphore_Module__root__V                          
2000120c  ti_sysbios_knl_Swi_Module__root__V                                
20001214  ti_sysbios_knl_Swi_Module__state__V                               
20001230  ti_sysbios_knl_Task_Module__root__V                               
20001238  ti_sysbios_knl_Task_Module_State_0_idleTask__A                    
2000123c  xdc_runtime_Error_Module__state__V                                
20001240  xdc_runtime_Memory_Module__state__V                               
20001244  xdc_runtime_Registry_Module__state__V                             
2000124c  xdc_runtime_Startup_Module__state__V                              
20001254  xdc_runtime_SysMin_Module__state__V                               
20001260  xdc_runtime_System_Module_State_0_atexitHandlers__A               
20001268  xdc_runtime_System_Module__state__V                               
20001270  xdc_runtime_Text_Module__state__V                                 
20001278  __xdc__init__addr                                                 
2000127c  ti_sysbios_knl_Swi_Module_State_0_readyQ__A                       
200012fc  ti_sysbios_knl_Task_Module_State_0_readyQ__A                      
2000137c  ti_sysbios_knl_Task_Object__table__V                              
200013c8  ti_sysbios_knl_Task_Module__state__V                              
2000140c  ti_sysbios_family_arm_lm4_Timer_Object__table__V                  
2000144c  ti_sysbios_gates_GateMutex_Object__table__V                       
20001484  ti_sysbios_family_arm_m3_Hwi_Module__state__V                     
200014b8  ti_sysbios_family_arm_lm4_Timer_Module_State_0_device__A          
200014e8  ti_sysbios_knl_Swi_Object__table__V                               
20001518  ti_sysbios_knl_Clock_Module__state__V                             
20001544  ti_sysbios_BIOS_Module__state__V                                  
2000156c  gpioPinConfigs                                                    
20001580  gpioCallbackFunctions                                             
200015a0  _lock                                                             
200015a4  _unlock                                                           
200015a8  __TI_cleanup_ptr                                                  
200015ac  __TI_dtors_ptr                                                    
200015bc  main_func_sp                                                      
200015c0  __stack                                                           
200018c0  __STACK_END                                                       
e000e000  ti_sysbios_family_arm_m3_Hwi_nvic                                 
ffffffff  __binit__                                                         
ffffffff  __c_args__                                                        
ffffffff  binit                                                             
UNDEFED   SHT$$INIT_ARRAY$$Base                                             
UNDEFED   SHT$$INIT_ARRAY$$Limit                                            

[556 symbols]
